******************************************************************************
                  TI ARM Linker PC v15.12.1                    
******************************************************************************
>> Linked Fri Aug 25 16:03:24 2017

OUTPUT FILE NAME:   <HelicopterController.out>
ENTRY POINT SYMBOL: "_c_int00"  address: 00004929


MEMORY CONFIGURATION

         name            origin    length      used     unused   attr    fill
----------------------  --------  ---------  --------  --------  ----  --------
  FLASH                 00000000   00040000  0000569c  0003a964  R  X
  SRAM                  20000000   00008000  00006677  00001989  RW X


SEGMENT ALLOCATION MAP

run origin  load origin   length   init length attrs members
----------  ----------- ---------- ----------- ----- -------
00000000    00000000    0000569c   0000569c    r-x
  00000000    00000000    0000026c   0000026c    r-- .intvecs
  0000026c    0000026c    00005014   00005014    r-x .text
  00005280    00005280    00000350   00000350    r-- .const
  000055d0    000055d0    000000cc   000000cc    r-- .cinit
20000000    20000000    0000667b   00000000    rw-
  20000000    20000000    0000026c   00000000    rw- .vtable
  2000026c    2000026c    000051b8   00000000    rw- .bss
  20005424    20005424    00000800   00000000    rw- .stack
  20005c28    20005c28    00000800   00000000    rw- .sysmem
  20006428    20006428    00000253   00000000    rw- .data


SECTION ALLOCATION MAP

 output                                  attributes/
section   page    origin      length       input sections
--------  ----  ----------  ----------   ----------------
.intvecs   0    00000000    0000026c     
                  00000000    0000026c     startup_ccs.obj (.intvecs)

.text      0    0000026c    00005014     
                  0000026c    00001110     rtsv7M4_T_le_v4SPD16_eabi.lib : _printfi.obj (.text)
                  0000137c    000003dc                                   : memory.obj (.text)
                  00001758    00000324                                   : trgdrv.obj (.text)
                  00001a7c    0000030c                                   : lowlev.obj (.text)
                  00001d88    000001f4                                   : ull_div_t2.obj (.text)
                  00001f7c    000001ea     project.obj (.text:UARTvprintf)
                  00002166    00000002     startup_ccs.obj (.text:FaultISR)
                  00002168    000001c4     rtsv7M4_T_le_v4SPD16_eabi.lib : fopen.obj (.text)
                  0000232c    000001b6                                   : fd_add_t2.obj (.text)
                  000024e2    00000002     startup_ccs.obj (.text:IntDefaultHandler)
                  000024e4    0000017c     pwm_task.obj (.text:PWMTask)
                  00002660    0000015c     pwm_task.obj (.text:PWMTaskInit)
                  000027bc    00000136     rtsv7M4_T_le_v4SPD16_eabi.lib : fd_div_t2.obj (.text)
                  000028f2    00000002     startup_ccs.obj (.text:NmiSR)
                  000028f4    00000134     rtsv7M4_T_le_v4SPD16_eabi.lib : fputs.obj (.text)
                  00002a28    0000011c     queue.obj (.text:xQueueGenericReceive)
                  00002b44    00000104     tasks.obj (.text:xTaskGenericCreate)
                  00002c48    00000104     tasks.obj (.text:xTaskIncrementTick)
                  00002d4c    000000fc     rtsv7M4_T_le_v4SPD16_eabi.lib : fd_mul_t2.obj (.text)
                  00002e48    000000fc                                   : s_scalbn.obj (.text)
                  00002f44    000000ec     display_task.obj (.text:DisplayTaskInit)
                  00003030    000000e8     queue.obj (.text:xQueueGenericSend)
                  00003118    000000e4     tasks.obj (.text:xTaskResumeAll)
                  000031fc    000000dc     adc_task.obj (.text:ADCTaskInit)
                  000032d8    000000dc     rtsv7M4_T_le_v4SPD16_eabi.lib : setvbuf.obj (.text)
                  000033b4    000000d2     portasm.obj (.text)
                  00003486    00000002     rtsv7M4_T_le_v4SPD16_eabi.lib : i_div0.obj (.text)
                  00003488    000000c8                                   : fflush.obj (.text)
                  00003550    000000bc     display_task.obj (.text:DisplayTask)
                  0000360c    000000b4     yaw_task.obj (.text:YawTask)
                  000036c0    000000ac     switch_task.obj (.text:SwitchTask)
                  0000376c    000000ac     yaw_task.obj (.text:YawTaskInit)
                  00003818    000000ac     heap_2.obj (.text:pvPortMalloc)
                  000038c4    000000ac     rtsv7M4_T_le_v4SPD16_eabi.lib : _io_perm.obj (.text)
                  00003970    000000a8     project.obj (.text:main)
                  00003a18    0000009c     rtsv7M4_T_le_v4SPD16_eabi.lib : memcpy_t2.obj (.text)
                  00003ab4    00000098                                   : fclose.obj (.text)
                  00003b4c    00000098                                   : fputc.obj (.text)
                  00003be4    00000094     tasks.obj (.text:vTaskPriorityInherit)
                  00003c78    0000008c     buttons.obj (.text:ButtonsPoll)
                  00003d04    0000008c     tasks.obj (.text:vTaskSwitchContext)
                  00003d90    00000086     rtsv7M4_T_le_v4SPD16_eabi.lib : fd_cmp_t2.obj (.text:__aeabi_cdcmple)
                  00003e16    00000086                                   : fd_cmp_t2.obj (.text:__aeabi_cdrcmple)
                  00003e9c    00000084     queue.obj (.text:xQueueGenericReset)
                  00003f20    00000080     tasks.obj (.text:vTaskDelayUntil)
                  00003fa0    0000007c     tasks.obj (.text:xTaskPriorityDisinherit)
                  0000401c    0000007a     rtsv7M4_T_le_v4SPD16_eabi.lib : memset_t2.obj (.text)
                  00004096    00000002                                   : mpu_init.obj (.text)
                  00004098    00000074     tasks.obj (.text:xTaskRemoveFromEventList)
                  0000410c    00000072     queue.obj (.text:prvCopyDataToQueue)
                  0000417e    00000002     rtsv7M4_T_le_v4SPD16_eabi.lib : startup.obj (.text)
                  00004180    00000070                                   : autoinit.obj (.text)
                  000041f0    00000070                                   : printf.obj (.text)
                  00004260    0000006a                                   : copy_decompress_rle.obj (.text)
                  000042ca    00000002     project.obj (.text:vApplicationStackOverflowHook)
                  000042cc    00000068     buttons.obj (.text:ButtonsInit)
                  00004334    00000068     driverlib.lib : interrupt.obj (.text:IntEnable)
                  0000439c    00000068     rtsv7M4_T_le_v4SPD16_eabi.lib : trgmsg.obj (.text)
                  00004404    00000064                                   : fseek.obj (.text)
                  00004468    00000064                                   : s_frexp.obj (.text)
                  000044cc    00000064     tasks.obj (.text:vTaskPlaceOnEventList)
                  00004530    00000062     queue.obj (.text:prvUnlockQueue)
                  00004592    00000002     --HOLE-- [fill = 0]
                  00004594    00000060     project.obj (.text:UARTStdioConfig)
                  000045f4    00000060     tasks.obj (.text:prvInitialiseTaskLists)
                  00004654    00000060     tasks.obj (.text:vTaskStartScheduler)
                  000046b4    0000005e     rtsv7M4_T_le_v4SPD16_eabi.lib : i_divt2.obj (.text)
                  00004712    00000002     --HOLE-- [fill = 0]
                  00004714    0000005c     adc_task.obj (.text:ADCTask)
                  00004770    0000005c     queue.obj (.text:xQueueGenericSendFromISR)
                  000047cc    00000058     driverlib.lib : adc.obj (.text:ADCSequenceConfigure)
                  00004824    00000058     tasks.obj (.text:prvCheckTasksWaitingTermination)
                  0000487c    00000056     rtsv7M4_T_le_v4SPD16_eabi.lib : ltoa.obj (.text)
                  000048d2    00000054     tasks.obj (.text:prvInitialiseTCBVariables)
                  00004926    00000002     --HOLE-- [fill = 0]
                  00004928    00000054     rtsv7M4_T_le_v4SPD16_eabi.lib : boot.obj (.text)
                  0000497c    00000054                                   : exit.obj (.text)
                  000049d0    00000054     tasks.obj (.text:xTaskCheckForTimeOut)
                  00004a24    0000004c     switch_task.obj (.text:SwitchTaskInit)
                  00004a70    0000004c     tasks.obj (.text:prvAddCurrentTaskToDelayedList)
                  00004abc    0000004c     rtsv7M4_T_le_v4SPD16_eabi.lib : atoi.obj (.text)
                  00004b08    0000004c                                   : cpy_tbl.obj (.text)
                  00004b54    0000004c     queue.obj (.text:xQueueCreateMutex)
                  00004ba0    00000048     project.obj (.text:UARTwrite)
                  00004be8    00000048     rtsv7M4_T_le_v4SPD16_eabi.lib : fd_toi_t2.obj (.text)
                  00004c30    00000044     heap_2.obj (.text:vPortFree)
                  00004c74    00000040     driverlib.lib : gpio.obj (.text:_GPIOIntNumberGet)
                  00004cb4    00000040     rtsv7M4_T_le_v4SPD16_eabi.lib : u_divt2.obj (.text)
                  00004cf4    00000040     port.obj (.text:xPortStartScheduler)
                  00004d34    0000003c     queue.obj (.text:xQueueGenericCreate)
                  00004d70    0000003a     tasks.obj (.text:prvAllocateTCBAndStack)
                  00004daa    00000038     list.obj (.text:vListInsert)
                  00004de2    00000002     --HOLE-- [fill = 0]
                  00004de4    00000034     driverlib.lib : interrupt.obj (.text:IntRegister)
                  00004e18    00000034                   : sysctl.obj (.text:SysCtlPeripheralEnable)
                  00004e4c    00000030     yaw_task.obj (.text:PinChangeInt)
                  00004e7c    00000030     heap_2.obj (.text:prvHeapInit)
                  00004eac    00000030     rtsv7M4_T_le_v4SPD16_eabi.lib : strncpy.obj (.text)
                  00004edc    0000002e                                   : i_tofd_t2.obj (.text)
                  00004f0a    00000002     --HOLE-- [fill = 0]
                  00004f0c    0000002c     port.obj (.text:xPortSysTickHandler)
                  00004f38    00000028     tasks.obj (.text:prvResetNextTaskUnblockTime)
                  00004f60    00000028     port.obj (.text:pxPortInitialiseStack)
                  00004f88    00000026     queue.obj (.text:prvCopyDataFromQueue)
                  00004fae    00000020     rtsv7M4_T_le_v4SPD16_eabi.lib : memchr.obj (.text)
                  00004fce    00000020     list.obj (.text:uxListRemove)
                  00004fee    0000001e     driverlib.lib : pwm.obj (.text:PWMPulseWidthSet)
                  0000500c    0000001c     queue.obj (.text:prvIsQueueFull)
                  00005028    0000001c     rtsv7M4_T_le_v4SPD16_eabi.lib : memccpy.obj (.text)
                  00005044    0000001c     port.obj (.text:vPortEnterCritical)
                  00005060    0000001a     project.obj (.text:UARTprintf)
                  0000507a    0000001a     queue.obj (.text:prvIsQueueEmpty)
                  00005094    00000018     driverlib.lib : gpio.obj (.text:GPIOIntRegister)
                  000050ac    00000018     tasks.obj (.text:pvTaskIncrementMutexHeldCount)
                  000050c4    00000018     rtsv7M4_T_le_v4SPD16_eabi.lib : args_main.obj (.text)
                  000050dc    00000018                                   : strcmp.obj (.text)
                  000050f4    00000018     list.obj (.text:vListInsertEnd)
                  0000510c    00000018     port.obj (.text:vPortExitCritical)
                  00005124    00000018     tasks.obj (.text:vTaskSetTimeOutState)
                  0000513c    00000016     rtsv7M4_T_le_v4SPD16_eabi.lib : strchr.obj (.text)
                  00005152    00000016     list.obj (.text:vListInitialise)
                  00005168    00000014     rtsv7M4_T_le_v4SPD16_eabi.lib : _lock.obj (.text)
                  0000517c    00000014                                   : s_copysign.obj (.text)
                  00005190    00000014                                   : strcpy.obj (.text)
                  000051a4    00000014                                   : strlen.obj (.text)
                  000051b8    00000014     port.obj (.text:vPortSetupTimerInterrupt)
                  000051cc    00000012     driverlib.lib : pwm.obj (.text:PWMOutputState)
                  000051de    00000012     tasks.obj (.text:prvDeleteTCB)
                  000051f0    00000010     port.obj (.text:prvTaskExitError)
                  00005200    00000010     tasks.obj (.text:vTaskSuspendAll)
                  00005210    0000000e     rtsv7M4_T_le_v4SPD16_eabi.lib : copy_decompress_none.obj (.text:decompress:none)
                  0000521e    0000000c     driverlib.lib : gpio.obj (.text:GPIOIntEnable)
                  0000522a    0000000c                   : pwm.obj (.text:PWMGenEnable)
                  00005236    00000002     --HOLE-- [fill = 0]
                  00005238    0000000c     tasks.obj (.text:vTaskMissedYield)
                  00005244    0000000c     tasks.obj (.text:xTaskGetTickCount)
                  00005250    00000008     tasks.obj (.text:prvIdleTask)
                  00005258    00000006     driverlib.lib : gpio.obj (.text:GPIOIntClear)
                  0000525e    00000006                   : gpio.obj (.text:GPIOPinRead)
                  00005264    00000006     startup_ccs.obj (.text:ResetISR)
                  0000526a    00000006     driverlib.lib : uart.obj (.text:UARTClockSourceSet)
                  00005270    00000006     rtsv7M4_T_le_v4SPD16_eabi.lib : copy_decompress_rle.obj (.text:decompress:rle24)
                  00005276    00000006     list.obj (.text:vListInitialiseItem)
                  0000527c    00000004     rtsv7M4_T_le_v4SPD16_eabi.lib : pre_init.obj (.text)

.const     0    00005280    00000350     
                  00005280    00000101     rtsv7M4_T_le_v4SPD16_eabi.lib : ctype.obj (.const:.string:_ctypes_)
                  00005381    00000003     --HOLE-- [fill = 0]
                  00005384    000000c0     driverlib.lib : gpio.obj (.const:g_ppui32GPIOIntMapBlizzard)
                  00005444    000000c0                   : gpio.obj (.const:g_ppui32GPIOIntMapSnowflake)
                  00005504    00000070                   : interrupt.obj (.const)
                  00005574    00000040     yaw_task.obj (.const:$P$T0$1)
                  000055b4    0000000c     project.obj (.const:g_ui32UARTBase)
                  000055c0    0000000c     project.obj (.const:g_ui32UARTPeriph)
                  000055cc    00000004     port.obj (.const)

.cinit     0    000055d0    000000cc     
                  000055d0    0000008f     (.cinit..data.load) [load image, compression = rle]
                  0000565f    00000001     --HOLE-- [fill = 0]
                  00005660    0000000b     (.cinit..bss.load) [load image, compression = rle]
                  0000566b    00000005     --HOLE-- [fill = 0]
                  00005670    0000000b     (.cinit..vtable.load) [load image, compression = rle]
                  0000567b    00000001     --HOLE-- [fill = 0]
                  0000567c    00000008     (__TI_handler_table)
                  00005684    00000018     (__TI_cinit_table)

.init_array 
*          0    00000000    00000000     UNINITIALIZED

.vtable    0    20000000    0000026c     UNINITIALIZED
                  20000000    0000026c     driverlib.lib : interrupt.obj (.vtable)

.bss       0    2000026c    000051b8     UNINITIALIZED
                  2000026c    00004e20     heap_2.obj (.bss:ucHeap)
                  2000508c    00000140     tasks.obj (.bss:pxReadyTasksLists)
                  200051cc    00000120     rtsv7M4_T_le_v4SPD16_eabi.lib : trgmsg.obj (.bss:_CIOBUF_)
                  200052ec    000000a0     (.common:__TI_tmpnams)
                  2000538c    00000014     tasks.obj (.bss:xDelayedTaskList1)
                  200053a0    00000014     tasks.obj (.bss:xDelayedTaskList2)
                  200053b4    00000014     tasks.obj (.bss:xPendingReadyList)
                  200053c8    00000014     tasks.obj (.bss:xSuspendedTaskList)
                  200053dc    00000014     tasks.obj (.bss:xTasksWaitingTermination)
                  200053f0    00000008     rtsv7M4_T_le_v4SPD16_eabi.lib : trgdrv.obj (.bss:parmbuf)
                  200053f8    00000008     tasks.obj (.bss)
                  20005400    00000008     heap_2.obj (.bss:xEnd)
                  20005408    00000008     heap_2.obj (.bss:xStart)
                  20005410    00000004     (.common:binary_sem)
                  20005414    00000004     (.common:g_Altitude)
                  20005418    00000004     (.common:g_pDisplayQueue)
                  2000541c    00000004     (.common:g_pPWMQueue)
                  20005420    00000004     (.common:g_pUARTSemaphore)

.stack     0    20005424    00000800     UNINITIALIZED
                  20005424    00000800     --HOLE--

.sysmem    0    20005c28    00000800     UNINITIALIZED
                  20005c28    00000008     rtsv7M4_T_le_v4SPD16_eabi.lib : memory.obj (.sysmem)
                  20005c30    000007f8     --HOLE--

.data      0    20006428    00000253     UNINITIALIZED
                  20006428    000000f0     rtsv7M4_T_le_v4SPD16_eabi.lib : defs.obj (.data:_ftable)
                  20006518    000000d0                                   : lowlev.obj (.data:$O1$$)
                  200065e8    00000030     tasks.obj (.data)
                  20006618    00000010     rtsv7M4_T_le_v4SPD16_eabi.lib : defs.obj (.data)
                  20006628    0000000c                                   : exit.obj (.data:$O1$$)
                  20006634    0000000c                                   : memory.obj (.data:$O1$$)
                  20006640    0000000c     yaw_task.obj (.data)
                  2000664c    0000000a     project.obj (.data)
                  20006656    00000002     --HOLE--
                  20006658    00000008     rtsv7M4_T_le_v4SPD16_eabi.lib : _lock.obj (.data:$O1$$)
                  20006660    00000008     heap_2.obj (.data)
                  20006668    00000004     port.obj (.data)
                  2000666c    00000004     rtsv7M4_T_le_v4SPD16_eabi.lib : errno.obj (.data)
                  20006670    00000004                                   : fopen.obj (.data)
                  20006674    00000004                                   : stkdepth_vars.obj (.data)
                  20006678    00000003     buttons.obj (.data)

MODULE SUMMARY

       Module                     code    ro data   rw data
       ------                     ----    -------   -------
    .\
       project.obj                854     24        14     
       pwm_task.obj               728     0         4      
       startup_ccs.obj            12      620       0      
       yaw_task.obj               400     64        16     
       display_task.obj           424     0         8      
       adc_task.obj               312     0         0      
       switch_task.obj            248     0         0      
    +--+--------------------------+-------+---------+---------+
       Total:                     2978    708       42     
                                                           
    .\drivers\
       buttons.obj                244     0         3      
    +--+--------------------------+-------+---------+---------+
       Total:                     244     0         3      
                                                           
    .\third_party\FreeRTOS\Source\
       tasks.obj                  2240    0         476    
       queue.obj                  1180    0         0      
       list.obj                   140     0         0      
    +--+--------------------------+-------+---------+---------+
       Total:                     3560    0         476    
                                                           
    .\third_party\FreeRTOS\Source\portable\CCS\ARM_CM4F\
       port.obj                   236     4         4      
       portasm.obj                210     0         0      
    +--+--------------------------+-------+---------+---------+
       Total:                     446     4         4      
                                                           
    .\third_party\FreeRTOS\Source\portable\MemMang\
       heap_2.obj                 288     0         20024  
    +--+--------------------------+-------+---------+---------+
       Total:                     288     0         20024  
                                                           
    C:\ti\ccsv6\tools\compiler\ti-cgt-arm_15.12.1.LTS\lib\rtsv7M4_T_le_v4SPD16_eabi.lib
       _printfi.obj               4368    0         0      
       memory.obj                 988     0         12     
       lowlev.obj                 780     0         208    
       trgdrv.obj                 804     0         8      
       ull_div_t2.obj             500     0         0      
       fopen.obj                  452     0         4      
       fd_add_t2.obj              438     0         0      
       defs.obj                   0       0         416    
       trgmsg.obj                 104     0         288    
       fd_div_t2.obj              310     0         0      
       fputs.obj                  308     0         0      
       fd_cmp_t2.obj              268     0         0      
       ctype.obj                  0       257       0      
       fd_mul_t2.obj              252     0         0      
       s_scalbn.obj               252     0         0      
       setvbuf.obj                220     0         0      
       fflush.obj                 200     0         0      
       _io_perm.obj               172     0         0      
       memcpy_t2.obj              156     0         0      
       fclose.obj                 152     0         0      
       fputc.obj                  152     0         0      
       memset_t2.obj              122     0         0      
       autoinit.obj               112     0         0      
       copy_decompress_rle.obj    112     0         0      
       printf.obj                 112     0         0      
       fseek.obj                  100     0         0      
       s_frexp.obj                100     0         0      
       exit.obj                   84      0         12     
       i_divt2.obj                94      0         0      
       ltoa.obj                   86      0         0      
       boot.obj                   84      0         0      
       atoi.obj                   76      0         0      
       cpy_tbl.obj                76      0         0      
       fd_toi_t2.obj              72      0         0      
       u_divt2.obj                64      0         0      
       strncpy.obj                48      0         0      
       i_tofd_t2.obj              46      0         0      
       memchr.obj                 32      0         0      
       _lock.obj                  20      0         8      
       memccpy.obj                28      0         0      
       args_main.obj              24      0         0      
       strcmp.obj                 24      0         0      
       strchr.obj                 22      0         0      
       s_copysign.obj             20      0         0      
       strcpy.obj                 20      0         0      
       strlen.obj                 20      0         0      
       copy_decompress_none.obj   14      0         0      
       errno.obj                  0       0         4      
       pre_init.obj               4       0         0      
       stkdepth_vars.obj          0       0         4      
       i_div0.obj                 2       0         0      
       mpu_init.obj               2       0         0      
       startup.obj                2       0         0      
    +--+--------------------------+-------+---------+---------+
       Total:                     12498   257       964    
                                                           
    c:/ti/TivaWare_C_Series-2.1.3.156/driverlib/ccs/Debug/driverlib.lib
       interrupt.obj              156     112       620    
       gpio.obj                   112     384       0      
       adc.obj                    88      0         0      
       pwm.obj                    60      0         0      
       sysctl.obj                 52      0         0      
       uart.obj                   6       0         0      
    +--+--------------------------+-------+---------+---------+
       Total:                     474     496       620    
                                                           
       Heap:                      0       0         2048   
       Stack:                     0       0         2048   
       Linker Generated:          0       197       0      
    +--+--------------------------+-------+---------+---------+
       Grand Total:               20488   1662      26229  


LINKER GENERATED COPY TABLES

__TI_cinit_table @ 00005684 records: 3, size/record: 8, table size: 24
	.data: load addr=000055d0, load size=0000008f bytes, run addr=20006428, run size=00000253 bytes, compression=rle
	.bss: load addr=00005660, load size=0000000b bytes, run addr=2000026c, run size=000051b8 bytes, compression=rle
	.vtable: load addr=00005670, load size=0000000b bytes, run addr=20000000, run size=0000026c bytes, compression=rle


LINKER GENERATED HANDLER TABLE

__TI_handler_table @ 0000567c records: 2, size/record: 4, table size: 8
	index: 0, handler: __TI_decompress_rle24
	index: 1, handler: __TI_decompress_none


GLOBAL SYMBOLS: SORTED ALPHABETICALLY BY Name 

address   name                           
-------   ----                           
000047cd  ADCSequenceConfigure           
000031fd  ADCTaskInit                    
000042cd  ButtonsInit                    
00003c79  ButtonsPoll                    
0000497d  C$$EXIT                        
000043cb  C$$IO$$                        
00002f45  DisplayTaskInit                
00005259  GPIOIntClear                   
0000521f  GPIOIntEnable                  
00005095  GPIOIntRegister                
0000525f  GPIOPinRead                    
00001a2f  HOSTclock                      
000019f7  HOSTclose                      
000019b9  HOSTgetenv                     
0000195d  HOSTlseek                      
0000190b  HOSTopen                       
000018bf  HOSTread                       
00001861  HOSTrename                     
00001827  HOSTtime                       
000017dd  HOSTtime64                     
000017a5  HOSTunlink                     
00001759  HOSTwrite                      
00004335  IntEnable                      
00004de5  IntRegister                    
0000522b  PWMGenEnable                   
000051cd  PWMOutputState                 
00004fef  PWMPulseWidthSet               
00002661  PWMTaskInit                    
00005265  ResetISR                       
UNDEFED   SHT$$INIT_ARRAY$$Base          
UNDEFED   SHT$$INIT_ARRAY$$Limit         
00004a25  SwitchTaskInit                 
00004e19  SysCtlPeripheralEnable         
0000526b  UARTClockSourceSet             
00004595  UARTStdioConfig                
00005061  UARTprintf                     
00001f7d  UARTvprintf                    
00004ba1  UARTwrite                      
0000376d  YawTaskInit                    
200051cc  __CIOBUF_                      
20005c24  __STACK_END                    
00000800  __STACK_SIZE                   
20005624  __STACK_TOP                    
00000800  __SYSMEM_SIZE                  
00005684  __TI_CINIT_Base                
0000569c  __TI_CINIT_Limit               
0000567c  __TI_Handler_Table_Base        
00005684  __TI_Handler_Table_Limit       
00004181  __TI_auto_init                 
00002231  __TI_cleanup                   
20006628  __TI_cleanup_ptr               
00003ab5  __TI_closefile                 
00005211  __TI_decompress_none           
00005271  __TI_decompress_rle24          
00003489  __TI_doflush                   
2000662c  __TI_dtors_ptr                 
20006630  __TI_enable_exit_profile_output
20006618  __TI_ft_end                    
ffffffff  __TI_pprof_out_hndl            
00001077  __TI_printfi                   
ffffffff  __TI_prof_data_size            
ffffffff  __TI_prof_data_start           
00003927  __TI_rd_ok                     
000043cf  __TI_readmsg                   
00000000  __TI_static_base__             
200052ec  __TI_tmpnams                   
0000439d  __TI_writemsg                  
000038c5  __TI_wrt_ok                    
00003d91  __aeabi_cdcmpeq                
00003d91  __aeabi_cdcmple                
00003e17  __aeabi_cdrcmple               
00004be9  __aeabi_d2iz                   
00002337  __aeabi_dadd                   
000027bd  __aeabi_ddiv                   
00002d4d  __aeabi_dmul                   
0000232d  __aeabi_dsub                   
00004edd  __aeabi_i2d                    
000046b5  __aeabi_idiv                   
00003487  __aeabi_idiv0                  
000046b5  __aeabi_idivmod                
0000401d  __aeabi_memclr                 
0000401d  __aeabi_memclr4                
0000401d  __aeabi_memclr8                
00003a19  __aeabi_memcpy                 
00003a19  __aeabi_memcpy4                
00003a19  __aeabi_memcpy8                
0000401f  __aeabi_memset                 
0000401f  __aeabi_memset4                
0000401f  __aeabi_memset8                
20006624  __aeabi_stderr                 
2000661c  __aeabi_stdin                  
20006620  __aeabi_stdout                 
00004cb5  __aeabi_uidiv                  
00004cb5  __aeabi_uidivmod               
00001d89  __aeabi_uldivmod               
ffffffff  __binit__                      
ffffffff  __c_args__                     
00004097  __mpu_init                     
20005424  __stack                        
000050c5  _args_main                     
00004929  _c_int00                       
00005280  _ctypes_                       
20006428  _ftable                        
20006658  _lock                          
00005177  _nop                           
0000516f  _register_lock                 
00005169  _register_unlock               
20005c28  _sys_memory                    
0000417f  _system_post_cinit             
0000527d  _system_pre_init               
2000665c  _unlock                        
00004981  abort                          
00001cdd  add_device                     
00004abd  atoi                           
20005410  binary_sem                     
ffffffff  binit                          
00001725  calloc                         
00001c8d  close                          
00004b09  copy_in                        
0000517d  copysign                       
0000517d  copysignl                      
2000666c  errno                          
00004989  exit                           
00003b1b  fclose                         
000034d5  fflush                         
00002287  fopen                          
00003b4d  fputc                          
000028f5  fputs                          
00001473  free                           
0000225d  freopen                        
00004469  frexp                          
00004469  frexpl                         
00004405  fseek                          
20005414  g_Altitude                     
20006650  g_Yaw                          
20006654  g_dutyMain                     
20005418  g_pDisplayQueue                
2000541c  g_pPWMQueue                    
20005420  g_pUARTSemaphore               
20000000  g_pfnRAMVectors                
00000000  g_pfnVectors                   
00002e49  ldexp                          
00002e49  ldexpl                         
00001c69  lseek                          
0000487d  ltoa                           
00003971  main                           
20006674  main_func_sp                   
0000140b  malloc                         
00001641  memalign                       
00005029  memccpy                        
00004faf  memchr                         
00003a19  memcpy                         
00004025  memset                         
0000137d  minit                          
20006648  notches                        
00001bbb  open                           
20006644  prevState                      
000041f9  printf                         
00003b4d  putc                           
00003bd1  putchar                        
00002a01  puts                           
00003819  pvPortMalloc                   
000050ad  pvTaskIncrementMutexHeldCount  
200065e8  pxCurrentTCB                   
00004f61  pxPortInitialiseStack          
20006640  queue_handle                   
00001b97  read                           
00001535  realloc                        
00001b0d  remove                         
00001b6f  remove_device                  
00001b31  rename                         
00002e49  scalbn                         
00002e49  scalbnl                        
000032d9  setvbuf                        
0000513d  strchr                         
000050dd  strcmp                         
00005191  strcpy                         
000051a5  strlen                         
00004ead  strncpy                        
000055cc  ulMaxSyscallInterruptPriority  
000033c5  ulPortGetIPSR                  
00001b0d  unlink                         
00004fcf  uxListRemove                   
000042cb  vApplicationStackOverflowHook  
00005153  vListInitialise                
00005277  vListInitialiseItem            
00004dab  vListInsert                    
000050f5  vListInsertEnd                 
00003479  vPortEnableVFP                 
00005045  vPortEnterCritical             
0000510d  vPortExitCritical              
00004c31  vPortFree                      
0000343d  vPortSVCHandler                
000051b9  vPortSetupTimerInterrupt       
0000345d  vPortStartFirstTask            
00003f21  vTaskDelayUntil                
00005239  vTaskMissedYield               
000044cd  vTaskPlaceOnEventList          
00003be5  vTaskPriorityInherit           
00005125  vTaskSetTimeOutState           
00004655  vTaskStartScheduler            
00005201  vTaskSuspendAll                
00003d05  vTaskSwitchContext             
00001a7d  write                          
000033dd  xPortPendSVHandler             
00004cf5  xPortStartScheduler            
00004f0d  xPortSysTickHandler            
00004b55  xQueueCreateMutex              
00004d35  xQueueGenericCreate            
00002a29  xQueueGenericReceive           
00003e9d  xQueueGenericReset             
00003031  xQueueGenericSend              
00004771  xQueueGenericSendFromISR       
000049d1  xTaskCheckForTimeOut           
00002b45  xTaskGenericCreate             
00005245  xTaskGetTickCount              
00002c49  xTaskIncrementTick             
00003fa1  xTaskPriorityDisinherit        
00004099  xTaskRemoveFromEventList       
00003119  xTaskResumeAll                 


GLOBAL SYMBOLS: SORTED BY Symbol Address 

address   name                           
-------   ----                           
00000000  __TI_static_base__             
00000000  g_pfnVectors                   
00000800  __STACK_SIZE                   
00000800  __SYSMEM_SIZE                  
00001077  __TI_printfi                   
0000137d  minit                          
0000140b  malloc                         
00001473  free                           
00001535  realloc                        
00001641  memalign                       
00001725  calloc                         
00001759  HOSTwrite                      
000017a5  HOSTunlink                     
000017dd  HOSTtime64                     
00001827  HOSTtime                       
00001861  HOSTrename                     
000018bf  HOSTread                       
0000190b  HOSTopen                       
0000195d  HOSTlseek                      
000019b9  HOSTgetenv                     
000019f7  HOSTclose                      
00001a2f  HOSTclock                      
00001a7d  write                          
00001b0d  remove                         
00001b0d  unlink                         
00001b31  rename                         
00001b6f  remove_device                  
00001b97  read                           
00001bbb  open                           
00001c69  lseek                          
00001c8d  close                          
00001cdd  add_device                     
00001d89  __aeabi_uldivmod               
00001f7d  UARTvprintf                    
00002231  __TI_cleanup                   
0000225d  freopen                        
00002287  fopen                          
0000232d  __aeabi_dsub                   
00002337  __aeabi_dadd                   
00002661  PWMTaskInit                    
000027bd  __aeabi_ddiv                   
000028f5  fputs                          
00002a01  puts                           
00002a29  xQueueGenericReceive           
00002b45  xTaskGenericCreate             
00002c49  xTaskIncrementTick             
00002d4d  __aeabi_dmul                   
00002e49  ldexp                          
00002e49  ldexpl                         
00002e49  scalbn                         
00002e49  scalbnl                        
00002f45  DisplayTaskInit                
00003031  xQueueGenericSend              
00003119  xTaskResumeAll                 
000031fd  ADCTaskInit                    
000032d9  setvbuf                        
000033c5  ulPortGetIPSR                  
000033dd  xPortPendSVHandler             
0000343d  vPortSVCHandler                
0000345d  vPortStartFirstTask            
00003479  vPortEnableVFP                 
00003487  __aeabi_idiv0                  
00003489  __TI_doflush                   
000034d5  fflush                         
0000376d  YawTaskInit                    
00003819  pvPortMalloc                   
000038c5  __TI_wrt_ok                    
00003927  __TI_rd_ok                     
00003971  main                           
00003a19  __aeabi_memcpy                 
00003a19  __aeabi_memcpy4                
00003a19  __aeabi_memcpy8                
00003a19  memcpy                         
00003ab5  __TI_closefile                 
00003b1b  fclose                         
00003b4d  fputc                          
00003b4d  putc                           
00003bd1  putchar                        
00003be5  vTaskPriorityInherit           
00003c79  ButtonsPoll                    
00003d05  vTaskSwitchContext             
00003d91  __aeabi_cdcmpeq                
00003d91  __aeabi_cdcmple                
00003e17  __aeabi_cdrcmple               
00003e9d  xQueueGenericReset             
00003f21  vTaskDelayUntil                
00003fa1  xTaskPriorityDisinherit        
0000401d  __aeabi_memclr                 
0000401d  __aeabi_memclr4                
0000401d  __aeabi_memclr8                
0000401f  __aeabi_memset                 
0000401f  __aeabi_memset4                
0000401f  __aeabi_memset8                
00004025  memset                         
00004097  __mpu_init                     
00004099  xTaskRemoveFromEventList       
0000417f  _system_post_cinit             
00004181  __TI_auto_init                 
000041f9  printf                         
000042cb  vApplicationStackOverflowHook  
000042cd  ButtonsInit                    
00004335  IntEnable                      
0000439d  __TI_writemsg                  
000043cb  C$$IO$$                        
000043cf  __TI_readmsg                   
00004405  fseek                          
00004469  frexp                          
00004469  frexpl                         
000044cd  vTaskPlaceOnEventList          
00004595  UARTStdioConfig                
00004655  vTaskStartScheduler            
000046b5  __aeabi_idiv                   
000046b5  __aeabi_idivmod                
00004771  xQueueGenericSendFromISR       
000047cd  ADCSequenceConfigure           
0000487d  ltoa                           
00004929  _c_int00                       
0000497d  C$$EXIT                        
00004981  abort                          
00004989  exit                           
000049d1  xTaskCheckForTimeOut           
00004a25  SwitchTaskInit                 
00004abd  atoi                           
00004b09  copy_in                        
00004b55  xQueueCreateMutex              
00004ba1  UARTwrite                      
00004be9  __aeabi_d2iz                   
00004c31  vPortFree                      
00004cb5  __aeabi_uidiv                  
00004cb5  __aeabi_uidivmod               
00004cf5  xPortStartScheduler            
00004d35  xQueueGenericCreate            
00004dab  vListInsert                    
00004de5  IntRegister                    
00004e19  SysCtlPeripheralEnable         
00004ead  strncpy                        
00004edd  __aeabi_i2d                    
00004f0d  xPortSysTickHandler            
00004f61  pxPortInitialiseStack          
00004faf  memchr                         
00004fcf  uxListRemove                   
00004fef  PWMPulseWidthSet               
00005029  memccpy                        
00005045  vPortEnterCritical             
00005061  UARTprintf                     
00005095  GPIOIntRegister                
000050ad  pvTaskIncrementMutexHeldCount  
000050c5  _args_main                     
000050dd  strcmp                         
000050f5  vListInsertEnd                 
0000510d  vPortExitCritical              
00005125  vTaskSetTimeOutState           
0000513d  strchr                         
00005153  vListInitialise                
00005169  _register_unlock               
0000516f  _register_lock                 
00005177  _nop                           
0000517d  copysign                       
0000517d  copysignl                      
00005191  strcpy                         
000051a5  strlen                         
000051b9  vPortSetupTimerInterrupt       
000051cd  PWMOutputState                 
00005201  vTaskSuspendAll                
00005211  __TI_decompress_none           
0000521f  GPIOIntEnable                  
0000522b  PWMGenEnable                   
00005239  vTaskMissedYield               
00005245  xTaskGetTickCount              
00005259  GPIOIntClear                   
0000525f  GPIOPinRead                    
00005265  ResetISR                       
0000526b  UARTClockSourceSet             
00005271  __TI_decompress_rle24          
00005277  vListInitialiseItem            
0000527d  _system_pre_init               
00005280  _ctypes_                       
000055cc  ulMaxSyscallInterruptPriority  
0000567c  __TI_Handler_Table_Base        
00005684  __TI_CINIT_Base                
00005684  __TI_Handler_Table_Limit       
0000569c  __TI_CINIT_Limit               
20000000  g_pfnRAMVectors                
200051cc  __CIOBUF_                      
200052ec  __TI_tmpnams                   
20005410  binary_sem                     
20005414  g_Altitude                     
20005418  g_pDisplayQueue                
2000541c  g_pPWMQueue                    
20005420  g_pUARTSemaphore               
20005424  __stack                        
20005624  __STACK_TOP                    
20005c24  __STACK_END                    
20005c28  _sys_memory                    
20006428  _ftable                        
200065e8  pxCurrentTCB                   
20006618  __TI_ft_end                    
2000661c  __aeabi_stdin                  
20006620  __aeabi_stdout                 
20006624  __aeabi_stderr                 
20006628  __TI_cleanup_ptr               
2000662c  __TI_dtors_ptr                 
20006630  __TI_enable_exit_profile_output
20006640  queue_handle                   
20006644  prevState                      
20006648  notches                        
20006650  g_Yaw                          
20006654  g_dutyMain                     
20006658  _lock                          
2000665c  _unlock                        
2000666c  errno                          
20006674  main_func_sp                   
ffffffff  __TI_pprof_out_hndl            
ffffffff  __TI_prof_data_size            
ffffffff  __TI_prof_data_start           
ffffffff  __binit__                      
ffffffff  __c_args__                     
ffffffff  binit                          
UNDEFED   SHT$$INIT_ARRAY$$Base          
UNDEFED   SHT$$INIT_ARRAY$$Limit         

[220 symbols]
