******************************************************************************
                  TI ARM Linker PC v15.12.1                    
******************************************************************************
>> Linked Fri Aug 18 12:00:50 2017

OUTPUT FILE NAME:   <HelicopterController.out>
ENTRY POINT SYMBOL: "_c_int00"  address: 00004285


MEMORY CONFIGURATION

         name            origin    length      used     unused   attr    fill
----------------------  --------  ---------  --------  --------  ----  --------
  FLASH                 00000000   00040000  00004e32  0003b1ce  R  X
  SRAM                  20000000   00008000  00007efc  00000104  RW X


SEGMENT ALLOCATION MAP

run origin  load origin   length   init length attrs members
----------  ----------- ---------- ----------- ----- -------
00000000    00000000    00004e34   00004e34    r-x
  00000000    00000000    0000026c   0000026c    r-- .intvecs
  0000026c    0000026c    00004962   00004962    r-x .text
  00004bd0    00004bd0    000001b0   000001b0    r-- .const
  00004d80    00004d80    000000b4   000000b4    r-- .cinit
20000000    20000000    00007f00   00000000    rw-
  20000000    20000000    000078bc   00000000    rw- .bss
  200078bc    200078bc    00000240   00000000    rw- .data
  20007afc    20007afc    00000200   00000000    rw- .stack
  20007d00    20007d00    00000200   00000000    rw- .sysmem


SECTION ALLOCATION MAP

 output                                  attributes/
section   page    origin      length       input sections
--------  ----  ----------  ----------   ----------------
.intvecs   0    00000000    0000026c     
                  00000000    0000026c     startup_ccs.obj (.intvecs)

.text      0    0000026c    00004962     
                  0000026c    00001110     rtsv7M4_T_le_v4SPD16_eabi.lib : _printfi.obj (.text)
                  0000137c    000003dc                                   : memory.obj (.text)
                  00001758    00000324                                   : trgdrv.obj (.text)
                  00001a7c    0000030c                                   : lowlev.obj (.text)
                  00001d88    000001f4                                   : ull_div_t2.obj (.text)
                  00001f7c    000001c4                                   : fopen.obj (.text)
                  00002140    000001b6                                   : fd_add_t2.obj (.text)
                  000022f6    00000136                                   : fd_div_t2.obj (.text)
                  0000242c    00000134                                   : fputs.obj (.text)
                  00002560    00000132     driverlib.lib : gpio.obj (.text:GPIOPadConfigSet)
                  00002692    00000002     startup_ccs.obj (.text:FaultISR)
                  00002694    0000011c     queue.obj (.text:xQueueGenericReceive)
                  000027b0    0000010c     pwm_task.obj (.text:PWMTaskInit)
                  000028bc    00000104     tasks.obj (.text:xTaskGenericCreate)
                  000029c0    00000104     tasks.obj (.text:xTaskIncrementTick)
                  00002ac4    000000fc     switch_task.obj (.text:SwitchTask)
                  00002bc0    000000fc     rtsv7M4_T_le_v4SPD16_eabi.lib : fd_mul_t2.obj (.text)
                  00002cbc    000000fc                                   : s_scalbn.obj (.text)
                  00002db8    000000f4     driverlib.lib : sysctl.obj (.text:SysCtlClockSet)
                  00002eac    000000e8     queue.obj (.text:xQueueGenericSend)
                  00002f94    000000e4     tasks.obj (.text:xTaskResumeAll)
                  00003078    000000dc     rtsv7M4_T_le_v4SPD16_eabi.lib : setvbuf.obj (.text)
                  00003154    000000d2     portasm.obj (.text)
                  00003226    00000002     startup_ccs.obj (.text:IntDefaultHandler)
                  00003228    000000c8     rtsv7M4_T_le_v4SPD16_eabi.lib : fflush.obj (.text)
                  000032f0    000000ac     heap_2.obj (.text:pvPortMalloc)
                  0000339c    000000ac     rtsv7M4_T_le_v4SPD16_eabi.lib : _io_perm.obj (.text)
                  00003448    0000009c                                   : memcpy_t2.obj (.text)
                  000034e4    00000098                                   : fclose.obj (.text)
                  0000357c    00000098                                   : fputc.obj (.text)
                  00003614    00000094     project.obj (.text:main)
                  000036a8    00000094     tasks.obj (.text:vTaskPriorityInherit)
                  0000373c    0000008c     buttons.obj (.text:ButtonsPoll)
                  000037c8    0000008c     tasks.obj (.text:vTaskSwitchContext)
                  00003854    00000086     rtsv7M4_T_le_v4SPD16_eabi.lib : fd_cmp_t2.obj (.text:__aeabi_cdcmple)
                  000038da    00000086                                   : fd_cmp_t2.obj (.text:__aeabi_cdrcmple)
                  00003960    00000084     queue.obj (.text:xQueueGenericReset)
                  000039e4    00000080     tasks.obj (.text:vTaskDelayUntil)
                  00003a64    0000007c     tasks.obj (.text:xTaskPriorityDisinherit)
                  00003ae0    0000007a     rtsv7M4_T_le_v4SPD16_eabi.lib : memset_t2.obj (.text)
                  00003b5a    00000002     startup_ccs.obj (.text:NmiSR)
                  00003b5c    00000074     tasks.obj (.text:xTaskRemoveFromEventList)
                  00003bd0    00000072     queue.obj (.text:prvCopyDataToQueue)
                  00003c42    00000002     rtsv7M4_T_le_v4SPD16_eabi.lib : mpu_init.obj (.text)
                  00003c44    00000070     pwm_task.obj (.text:PWMTask)
                  00003cb4    00000070     rtsv7M4_T_le_v4SPD16_eabi.lib : autoinit.obj (.text)
                  00003d24    00000070                                   : printf.obj (.text)
                  00003d94    0000006a                                   : copy_decompress_rle.obj (.text)
                  00003dfe    00000002                                   : startup.obj (.text)
                  00003e00    00000068     buttons.obj (.text:ButtonsInit)
                  00003e68    00000068     rtsv7M4_T_le_v4SPD16_eabi.lib : trgmsg.obj (.text)
                  00003ed0    00000064                                   : fseek.obj (.text)
                  00003f34    00000064                                   : s_frexp.obj (.text)
                  00003f98    00000064     tasks.obj (.text:vTaskPlaceOnEventList)
                  00003ffc    00000062     queue.obj (.text:prvUnlockQueue)
                  0000405e    00000002     project.obj (.text:vApplicationStackOverflowHook)
                  00004060    00000060     project.obj (.text:UARTStdioConfig)
                  000040c0    00000060     tasks.obj (.text:prvInitialiseTaskLists)
                  00004120    00000060     tasks.obj (.text:vTaskStartScheduler)
                  00004180    00000058     tasks.obj (.text:prvCheckTasksWaitingTermination)
                  000041d8    00000056     rtsv7M4_T_le_v4SPD16_eabi.lib : ltoa.obj (.text)
                  0000422e    00000054     tasks.obj (.text:prvInitialiseTCBVariables)
                  00004282    00000002     --HOLE-- [fill = 0]
                  00004284    00000054     rtsv7M4_T_le_v4SPD16_eabi.lib : boot.obj (.text)
                  000042d8    00000054                                   : exit.obj (.text)
                  0000432c    00000054     tasks.obj (.text:xTaskCheckForTimeOut)
                  00004380    0000004c     project.obj (.text:ConfigureUART)
                  000043cc    0000004c     tasks.obj (.text:prvAddCurrentTaskToDelayedList)
                  00004418    0000004c     rtsv7M4_T_le_v4SPD16_eabi.lib : atoi.obj (.text)
                  00004464    0000004c                                   : cpy_tbl.obj (.text)
                  000044b0    0000004c     queue.obj (.text:xQueueCreateMutex)
                  000044fc    00000048     driverlib.lib : gpio.obj (.text:GPIOPinConfigure)
                  00004544    00000048     switch_task.obj (.text:SwitchTaskInit)
                  0000458c    00000048     rtsv7M4_T_le_v4SPD16_eabi.lib : fd_toi_t2.obj (.text)
                  000045d4    00000044     heap_2.obj (.text:vPortFree)
                  00004618    00000040     port.obj (.text:xPortStartScheduler)
                  00004658    0000003c     queue.obj (.text:xQueueGenericCreate)
                  00004694    0000003a     tasks.obj (.text:prvAllocateTCBAndStack)
                  000046ce    00000002     --HOLE-- [fill = 0]
                  000046d0    00000038     driverlib.lib : sysctl.obj (.text:SysCtlPeripheralReady)
                  00004708    00000038     list.obj (.text:vListInsert)
                  00004740    00000034     driverlib.lib : sysctl.obj (.text:SysCtlPeripheralEnable)
                  00004774    00000030     heap_2.obj (.text:prvHeapInit)
                  000047a4    00000030     rtsv7M4_T_le_v4SPD16_eabi.lib : strncpy.obj (.text)
                  000047d4    0000002e                                   : i_tofd_t2.obj (.text)
                  00004802    00000002     --HOLE-- [fill = 0]
                  00004804    0000002c     port.obj (.text:xPortSysTickHandler)
                  00004830    0000002a     driverlib.lib : gpio.obj (.text:GPIODirModeSet)
                  0000485a    00000002     --HOLE-- [fill = 0]
                  0000485c    00000028     tasks.obj (.text:prvResetNextTaskUnblockTime)
                  00004884    00000028     port.obj (.text:pxPortInitialiseStack)
                  000048ac    00000026     queue.obj (.text:prvCopyDataFromQueue)
                  000048d2    00000022     driverlib.lib : pwm.obj (.text:PWMGenConfigure)
                  000048f4    00000020     rtsv7M4_T_le_v4SPD16_eabi.lib : memchr.obj (.text)
                  00004914    00000020     list.obj (.text:uxListRemove)
                  00004934    0000001e     driverlib.lib : pwm.obj (.text:PWMPulseWidthSet)
                  00004952    0000001c     queue.obj (.text:prvIsQueueFull)
                  0000496e    0000001c     rtsv7M4_T_le_v4SPD16_eabi.lib : memccpy.obj (.text)
                  0000498a    00000002     --HOLE-- [fill = 0]
                  0000498c    0000001c     port.obj (.text:vPortEnterCritical)
                  000049a8    0000001a     queue.obj (.text:prvIsQueueEmpty)
                  000049c2    00000002     --HOLE-- [fill = 0]
                  000049c4    00000018     tasks.obj (.text:pvTaskIncrementMutexHeldCount)
                  000049dc    00000018     rtsv7M4_T_le_v4SPD16_eabi.lib : args_main.obj (.text)
                  000049f4    00000018                                   : strcmp.obj (.text)
                  00004a0c    00000018     list.obj (.text:vListInsertEnd)
                  00004a24    00000018     port.obj (.text:vPortExitCritical)
                  00004a3c    00000018     tasks.obj (.text:vTaskSetTimeOutState)
                  00004a54    00000016     rtsv7M4_T_le_v4SPD16_eabi.lib : strchr.obj (.text)
                  00004a6a    00000016     list.obj (.text:vListInitialise)
                  00004a80    00000014     driverlib.lib : sysctl.obj (.text:SysCtlPWMClockSet)
                  00004a94    00000014     rtsv7M4_T_le_v4SPD16_eabi.lib : _lock.obj (.text)
                  00004aa8    00000014                                   : s_copysign.obj (.text)
                  00004abc    00000014                                   : strcpy.obj (.text)
                  00004ad0    00000014                                   : strlen.obj (.text)
                  00004ae4    00000014     port.obj (.text:vPortSetupTimerInterrupt)
                  00004af8    00000012     driverlib.lib : gpio.obj (.text:GPIOPinTypePWM)
                  00004b0a    00000012                   : gpio.obj (.text:GPIOPinTypeUART)
                  00004b1c    00000012                   : pwm.obj (.text:PWMOutputState)
                  00004b2e    00000012     tasks.obj (.text:prvDeleteTCB)
                  00004b40    00000010     driverlib.lib : pwm.obj (.text:PWMGenPeriodSet)
                  00004b50    00000010     port.obj (.text:prvTaskExitError)
                  00004b60    00000010     tasks.obj (.text:vTaskSuspendAll)
                  00004b70    0000000e     rtsv7M4_T_le_v4SPD16_eabi.lib : copy_decompress_none.obj (.text:decompress:none)
                  00004b7e    0000000c     driverlib.lib : pwm.obj (.text:PWMGenEnable)
                  00004b8a    00000002     --HOLE-- [fill = 0]
                  00004b8c    0000000c     tasks.obj (.text:vTaskMissedYield)
                  00004b98    0000000c     tasks.obj (.text:xTaskGetTickCount)
                  00004ba4    00000008     tasks.obj (.text:prvIdleTask)
                  00004bac    00000006     startup_ccs.obj (.text:ResetISR)
                  00004bb2    00000006     driverlib.lib : sysctl.obj (.text:SysCtlDelay)
                  00004bb8    00000006                   : uart.obj (.text:UARTClockSourceSet)
                  00004bbe    00000006     rtsv7M4_T_le_v4SPD16_eabi.lib : copy_decompress_rle.obj (.text:decompress:rle24)
                  00004bc4    00000006     list.obj (.text:vListInitialiseItem)
                  00004bca    00000004     rtsv7M4_T_le_v4SPD16_eabi.lib : pre_init.obj (.text)

.const     0    00004bd0    000001b0     
                  00004bd0    00000101     rtsv7M4_T_le_v4SPD16_eabi.lib : ctype.obj (.const:.string:_ctypes_)
                  00004cd1    00000003     --HOLE-- [fill = 0]
                  00004cd4    00000090     driverlib.lib : gpio.obj (.const:g_pui32GPIOBaseAddrs)
                  00004d64    0000000c     project.obj (.const:g_ui32UARTBase)
                  00004d70    0000000c     project.obj (.const:g_ui32UARTPeriph)
                  00004d7c    00000004     port.obj (.const)

.cinit     0    00004d80    000000b4     
                  00004d80    0000008b     (.cinit..data.load) [load image, compression = rle]
                  00004e0b    00000005     --HOLE-- [fill = 0]
                  00004e10    0000000b     (.cinit..bss.load) [load image, compression = rle]
                  00004e1b    00000001     --HOLE-- [fill = 0]
                  00004e1c    00000008     (__TI_handler_table)
                  00004e24    00000010     (__TI_cinit_table)

.init_array 
*          0    00000000    00000000     UNINITIALIZED

.bss       0    20000000    000078bc     UNINITIALIZED
                  20000000    00007530     heap_2.obj (.bss:ucHeap)
                  20007530    00000140     tasks.obj (.bss:pxReadyTasksLists)
                  20007670    00000120     rtsv7M4_T_le_v4SPD16_eabi.lib : trgmsg.obj (.bss:_CIOBUF_)
                  20007790    000000a0     (.common:__TI_tmpnams)
                  20007830    00000014     tasks.obj (.bss:xDelayedTaskList1)
                  20007844    00000014     tasks.obj (.bss:xDelayedTaskList2)
                  20007858    00000014     tasks.obj (.bss:xPendingReadyList)
                  2000786c    00000014     tasks.obj (.bss:xSuspendedTaskList)
                  20007880    00000014     tasks.obj (.bss:xTasksWaitingTermination)
                  20007894    00000008     rtsv7M4_T_le_v4SPD16_eabi.lib : trgdrv.obj (.bss:parmbuf)
                  2000789c    00000008     tasks.obj (.bss)
                  200078a4    00000008     heap_2.obj (.bss:xEnd)
                  200078ac    00000008     heap_2.obj (.bss:xStart)
                  200078b4    00000004     (.common:g_pPWMQueue)
                  200078b8    00000004     (.common:g_pUARTSemaphore)

.data      0    200078bc    00000240     UNINITIALIZED
                  200078bc    000000f0     rtsv7M4_T_le_v4SPD16_eabi.lib : defs.obj (.data:_ftable)
                  200079ac    000000d0                                   : lowlev.obj (.data:$O1$$)
                  20007a7c    00000030     tasks.obj (.data)
                  20007aac    00000010     rtsv7M4_T_le_v4SPD16_eabi.lib : defs.obj (.data)
                  20007abc    0000000c                                   : exit.obj (.data:$O1$$)
                  20007ac8    0000000c                                   : memory.obj (.data:$O1$$)
                  20007ad4    00000008                                   : _lock.obj (.data:$O1$$)
                  20007adc    00000008     heap_2.obj (.data)
                  20007ae4    00000005     project.obj (.data)
                  20007ae9    00000003     buttons.obj (.data)
                  20007aec    00000004     port.obj (.data)
                  20007af0    00000004     rtsv7M4_T_le_v4SPD16_eabi.lib : errno.obj (.data)
                  20007af4    00000004                                   : fopen.obj (.data)
                  20007af8    00000004                                   : stkdepth_vars.obj (.data)

.stack     0    20007afc    00000200     UNINITIALIZED
                  20007afc    00000200     --HOLE--

.sysmem    0    20007d00    00000200     UNINITIALIZED
                  20007d00    00000008     rtsv7M4_T_le_v4SPD16_eabi.lib : memory.obj (.sysmem)
                  20007d08    000001f8     --HOLE--

MODULE SUMMARY

       Module                     code    ro data   rw data
       ------                     ----    -------   -------
    .\
       startup_ccs.obj            12      620       0      
       pwm_task.obj               380     0         4      
       project.obj                322     24        9      
       switch_task.obj            324     0         0      
    +--+--------------------------+-------+---------+---------+
       Total:                     1038    644       13     
                                                           
    .\drivers\
       buttons.obj                244     0         3      
    +--+--------------------------+-------+---------+---------+
       Total:                     244     0         3      
                                                           
    .\third_party\FreeRTOS\Source\
       tasks.obj                  2240    0         476    
       queue.obj                  1088    0         0      
       list.obj                   140     0         0      
    +--+--------------------------+-------+---------+---------+
       Total:                     3468    0         476    
                                                           
    .\third_party\FreeRTOS\Source\portable\CCS\ARM_CM4F\
       port.obj                   236     4         4      
       portasm.obj                210     0         0      
    +--+--------------------------+-------+---------+---------+
       Total:                     446     4         4      
                                                           
    .\third_party\FreeRTOS\Source\portable\MemMang\
       heap_2.obj                 288     0         30024  
    +--+--------------------------+-------+---------+---------+
       Total:                     288     0         30024  
                                                           
    C:\ti\ccsv6\tools\compiler\ti-cgt-arm_15.12.1.LTS\lib\rtsv7M4_T_le_v4SPD16_eabi.lib
       _printfi.obj               4368    0         0      
       memory.obj                 988     0         12     
       lowlev.obj                 780     0         208    
       trgdrv.obj                 804     0         8      
       ull_div_t2.obj             500     0         0      
       fopen.obj                  452     0         4      
       fd_add_t2.obj              438     0         0      
       defs.obj                   0       0         416    
       trgmsg.obj                 104     0         288    
       fd_div_t2.obj              310     0         0      
       fputs.obj                  308     0         0      
       fd_cmp_t2.obj              268     0         0      
       ctype.obj                  0       257       0      
       fd_mul_t2.obj              252     0         0      
       s_scalbn.obj               252     0         0      
       setvbuf.obj                220     0         0      
       fflush.obj                 200     0         0      
       _io_perm.obj               172     0         0      
       memcpy_t2.obj              156     0         0      
       fclose.obj                 152     0         0      
       fputc.obj                  152     0         0      
       memset_t2.obj              122     0         0      
       autoinit.obj               112     0         0      
       copy_decompress_rle.obj    112     0         0      
       printf.obj                 112     0         0      
       fseek.obj                  100     0         0      
       s_frexp.obj                100     0         0      
       exit.obj                   84      0         12     
       ltoa.obj                   86      0         0      
       boot.obj                   84      0         0      
       atoi.obj                   76      0         0      
       cpy_tbl.obj                76      0         0      
       fd_toi_t2.obj              72      0         0      
       strncpy.obj                48      0         0      
       i_tofd_t2.obj              46      0         0      
       memchr.obj                 32      0         0      
       _lock.obj                  20      0         8      
       memccpy.obj                28      0         0      
       args_main.obj              24      0         0      
       strcmp.obj                 24      0         0      
       strchr.obj                 22      0         0      
       s_copysign.obj             20      0         0      
       strcpy.obj                 20      0         0      
       strlen.obj                 20      0         0      
       copy_decompress_none.obj   14      0         0      
       errno.obj                  0       0         4      
       pre_init.obj               4       0         0      
       stkdepth_vars.obj          0       0         4      
       mpu_init.obj               2       0         0      
       startup.obj                2       0         0      
    +--+--------------------------+-------+---------+---------+
       Total:                     12338   257       964    
                                                           
    c:/ti/TivaWare_C_Series-2.1.3.156/driverlib/ccs/Debug/driverlib.lib
       gpio.obj                   456     144       0      
       sysctl.obj                 378     0         0      
       pwm.obj                    110     0         0      
       uart.obj                   6       0         0      
    +--+--------------------------+-------+---------+---------+
       Total:                     950     144       0      
                                                           
       Heap:                      0       0         512    
       Stack:                     0       0         512    
       Linker Generated:          0       174       0      
    +--+--------------------------+-------+---------+---------+
       Grand Total:               18772   1223      32508  


LINKER GENERATED COPY TABLES

__TI_cinit_table @ 00004e24 records: 2, size/record: 8, table size: 16
	.data: load addr=00004d80, load size=0000008b bytes, run addr=200078bc, run size=00000240 bytes, compression=rle
	.bss: load addr=00004e10, load size=0000000b bytes, run addr=20000000, run size=000078bc bytes, compression=rle


LINKER GENERATED HANDLER TABLE

__TI_handler_table @ 00004e1c records: 2, size/record: 4, table size: 8
	index: 0, handler: __TI_decompress_rle24
	index: 1, handler: __TI_decompress_none


GLOBAL SYMBOLS: SORTED ALPHABETICALLY BY Name 

address   name                           
-------   ----                           
00003e01  ButtonsInit                    
0000373d  ButtonsPoll                    
000042d9  C$$EXIT                        
00003e97  C$$IO$$                        
00004381  ConfigureUART                  
00004831  GPIODirModeSet                 
00002561  GPIOPadConfigSet               
000044fd  GPIOPinConfigure               
00004af9  GPIOPinTypePWM                 
00004b0b  GPIOPinTypeUART                
00001a2f  HOSTclock                      
000019f7  HOSTclose                      
000019b9  HOSTgetenv                     
0000195d  HOSTlseek                      
0000190b  HOSTopen                       
000018bf  HOSTread                       
00001861  HOSTrename                     
00001827  HOSTtime                       
000017dd  HOSTtime64                     
000017a5  HOSTunlink                     
00001759  HOSTwrite                      
000048d3  PWMGenConfigure                
00004b7f  PWMGenEnable                   
00004b41  PWMGenPeriodSet                
00004b1d  PWMOutputState                 
00004935  PWMPulseWidthSet               
000027b1  PWMTaskInit                    
00004bad  ResetISR                       
UNDEFED   SHT$$INIT_ARRAY$$Base          
UNDEFED   SHT$$INIT_ARRAY$$Limit         
00004545  SwitchTaskInit                 
00002db9  SysCtlClockSet                 
00004bb3  SysCtlDelay                    
00004a81  SysCtlPWMClockSet              
00004741  SysCtlPeripheralEnable         
000046d1  SysCtlPeripheralReady          
00004bb9  UARTClockSourceSet             
00004061  UARTStdioConfig                
20007670  __CIOBUF_                      
20007cfc  __STACK_END                    
00000200  __STACK_SIZE                   
20007cfc  __STACK_TOP                    
00000200  __SYSMEM_SIZE                  
00004e24  __TI_CINIT_Base                
00004e34  __TI_CINIT_Limit               
00004e1c  __TI_Handler_Table_Base        
00004e24  __TI_Handler_Table_Limit       
00003cb5  __TI_auto_init                 
00002045  __TI_cleanup                   
20007abc  __TI_cleanup_ptr               
000034e5  __TI_closefile                 
00004b71  __TI_decompress_none           
00004bbf  __TI_decompress_rle24          
00003229  __TI_doflush                   
20007ac0  __TI_dtors_ptr                 
20007ac4  __TI_enable_exit_profile_output
20007aac  __TI_ft_end                    
ffffffff  __TI_pprof_out_hndl            
00001077  __TI_printfi                   
ffffffff  __TI_prof_data_size            
ffffffff  __TI_prof_data_start           
000033ff  __TI_rd_ok                     
00003e9b  __TI_readmsg                   
00000000  __TI_static_base__             
20007790  __TI_tmpnams                   
00003e69  __TI_writemsg                  
0000339d  __TI_wrt_ok                    
00003855  __aeabi_cdcmpeq                
00003855  __aeabi_cdcmple                
000038db  __aeabi_cdrcmple               
0000458d  __aeabi_d2iz                   
0000214b  __aeabi_dadd                   
000022f7  __aeabi_ddiv                   
00002bc1  __aeabi_dmul                   
00002141  __aeabi_dsub                   
000047d5  __aeabi_i2d                    
00003ae1  __aeabi_memclr                 
00003ae1  __aeabi_memclr4                
00003ae1  __aeabi_memclr8                
00003449  __aeabi_memcpy                 
00003449  __aeabi_memcpy4                
00003449  __aeabi_memcpy8                
00003ae3  __aeabi_memset                 
00003ae3  __aeabi_memset4                
00003ae3  __aeabi_memset8                
20007ab8  __aeabi_stderr                 
20007ab0  __aeabi_stdin                  
20007ab4  __aeabi_stdout                 
00001d89  __aeabi_uldivmod               
ffffffff  __binit__                      
ffffffff  __c_args__                     
00003c43  __mpu_init                     
20007afc  __stack                        
000049dd  _args_main                     
00004285  _c_int00                       
00004bd0  _ctypes_                       
200078bc  _ftable                        
20007ad4  _lock                          
00004aa3  _nop                           
00004a9b  _register_lock                 
00004a95  _register_unlock               
20007d00  _sys_memory                    
00003dff  _system_post_cinit             
00004bcb  _system_pre_init               
20007ad8  _unlock                        
000042dd  abort                          
00001cdd  add_device                     
00004419  atoi                           
ffffffff  binit                          
00001725  calloc                         
00001c8d  close                          
00004465  copy_in                        
00004aa9  copysign                       
00004aa9  copysignl                      
20007af0  errno                          
000042e5  exit                           
0000354b  fclose                         
00003275  fflush                         
0000209b  fopen                          
0000357d  fputc                          
0000242d  fputs                          
00001473  free                           
00002071  freopen                        
00003f35  frexp                          
00003f35  frexpl                         
00003ed1  fseek                          
200078b4  g_pPWMQueue                    
200078b8  g_pUARTSemaphore               
00000000  g_pfnVectors                   
00002cbd  ldexp                          
00002cbd  ldexpl                         
00001c69  lseek                          
000041d9  ltoa                           
00003615  main                           
20007af8  main_func_sp                   
0000140b  malloc                         
00001641  memalign                       
0000496f  memccpy                        
000048f5  memchr                         
00003449  memcpy                         
00003ae9  memset                         
0000137d  minit                          
00001bbb  open                           
00003d2d  printf                         
0000357d  putc                           
00003601  putchar                        
00002539  puts                           
000032f1  pvPortMalloc                   
000049c5  pvTaskIncrementMutexHeldCount  
20007a7c  pxCurrentTCB                   
00004885  pxPortInitialiseStack          
00001b97  read                           
00001535  realloc                        
00001b0d  remove                         
00001b6f  remove_device                  
00001b31  rename                         
00002cbd  scalbn                         
00002cbd  scalbnl                        
00003079  setvbuf                        
00004a55  strchr                         
000049f5  strcmp                         
00004abd  strcpy                         
00004ad1  strlen                         
000047a5  strncpy                        
00004d7c  ulMaxSyscallInterruptPriority  
00003165  ulPortGetIPSR                  
00001b0d  unlink                         
00004915  uxListRemove                   
0000405f  vApplicationStackOverflowHook  
00004a6b  vListInitialise                
00004bc5  vListInitialiseItem            
00004709  vListInsert                    
00004a0d  vListInsertEnd                 
00003219  vPortEnableVFP                 
0000498d  vPortEnterCritical             
00004a25  vPortExitCritical              
000045d5  vPortFree                      
000031dd  vPortSVCHandler                
00004ae5  vPortSetupTimerInterrupt       
000031fd  vPortStartFirstTask            
000039e5  vTaskDelayUntil                
00004b8d  vTaskMissedYield               
00003f99  vTaskPlaceOnEventList          
000036a9  vTaskPriorityInherit           
00004a3d  vTaskSetTimeOutState           
00004121  vTaskStartScheduler            
00004b61  vTaskSuspendAll                
000037c9  vTaskSwitchContext             
00001a7d  write                          
0000317d  xPortPendSVHandler             
00004619  xPortStartScheduler            
00004805  xPortSysTickHandler            
000044b1  xQueueCreateMutex              
00004659  xQueueGenericCreate            
00002695  xQueueGenericReceive           
00003961  xQueueGenericReset             
00002ead  xQueueGenericSend              
0000432d  xTaskCheckForTimeOut           
000028bd  xTaskGenericCreate             
00004b99  xTaskGetTickCount              
000029c1  xTaskIncrementTick             
00003a65  xTaskPriorityDisinherit        
00003b5d  xTaskRemoveFromEventList       
00002f95  xTaskResumeAll                 


GLOBAL SYMBOLS: SORTED BY Symbol Address 

address   name                           
-------   ----                           
00000000  __TI_static_base__             
00000000  g_pfnVectors                   
00000200  __STACK_SIZE                   
00000200  __SYSMEM_SIZE                  
00001077  __TI_printfi                   
0000137d  minit                          
0000140b  malloc                         
00001473  free                           
00001535  realloc                        
00001641  memalign                       
00001725  calloc                         
00001759  HOSTwrite                      
000017a5  HOSTunlink                     
000017dd  HOSTtime64                     
00001827  HOSTtime                       
00001861  HOSTrename                     
000018bf  HOSTread                       
0000190b  HOSTopen                       
0000195d  HOSTlseek                      
000019b9  HOSTgetenv                     
000019f7  HOSTclose                      
00001a2f  HOSTclock                      
00001a7d  write                          
00001b0d  remove                         
00001b0d  unlink                         
00001b31  rename                         
00001b6f  remove_device                  
00001b97  read                           
00001bbb  open                           
00001c69  lseek                          
00001c8d  close                          
00001cdd  add_device                     
00001d89  __aeabi_uldivmod               
00002045  __TI_cleanup                   
00002071  freopen                        
0000209b  fopen                          
00002141  __aeabi_dsub                   
0000214b  __aeabi_dadd                   
000022f7  __aeabi_ddiv                   
0000242d  fputs                          
00002539  puts                           
00002561  GPIOPadConfigSet               
00002695  xQueueGenericReceive           
000027b1  PWMTaskInit                    
000028bd  xTaskGenericCreate             
000029c1  xTaskIncrementTick             
00002bc1  __aeabi_dmul                   
00002cbd  ldexp                          
00002cbd  ldexpl                         
00002cbd  scalbn                         
00002cbd  scalbnl                        
00002db9  SysCtlClockSet                 
00002ead  xQueueGenericSend              
00002f95  xTaskResumeAll                 
00003079  setvbuf                        
00003165  ulPortGetIPSR                  
0000317d  xPortPendSVHandler             
000031dd  vPortSVCHandler                
000031fd  vPortStartFirstTask            
00003219  vPortEnableVFP                 
00003229  __TI_doflush                   
00003275  fflush                         
000032f1  pvPortMalloc                   
0000339d  __TI_wrt_ok                    
000033ff  __TI_rd_ok                     
00003449  __aeabi_memcpy                 
00003449  __aeabi_memcpy4                
00003449  __aeabi_memcpy8                
00003449  memcpy                         
000034e5  __TI_closefile                 
0000354b  fclose                         
0000357d  fputc                          
0000357d  putc                           
00003601  putchar                        
00003615  main                           
000036a9  vTaskPriorityInherit           
0000373d  ButtonsPoll                    
000037c9  vTaskSwitchContext             
00003855  __aeabi_cdcmpeq                
00003855  __aeabi_cdcmple                
000038db  __aeabi_cdrcmple               
00003961  xQueueGenericReset             
000039e5  vTaskDelayUntil                
00003a65  xTaskPriorityDisinherit        
00003ae1  __aeabi_memclr                 
00003ae1  __aeabi_memclr4                
00003ae1  __aeabi_memclr8                
00003ae3  __aeabi_memset                 
00003ae3  __aeabi_memset4                
00003ae3  __aeabi_memset8                
00003ae9  memset                         
00003b5d  xTaskRemoveFromEventList       
00003c43  __mpu_init                     
00003cb5  __TI_auto_init                 
00003d2d  printf                         
00003dff  _system_post_cinit             
00003e01  ButtonsInit                    
00003e69  __TI_writemsg                  
00003e97  C$$IO$$                        
00003e9b  __TI_readmsg                   
00003ed1  fseek                          
00003f35  frexp                          
00003f35  frexpl                         
00003f99  vTaskPlaceOnEventList          
0000405f  vApplicationStackOverflowHook  
00004061  UARTStdioConfig                
00004121  vTaskStartScheduler            
000041d9  ltoa                           
00004285  _c_int00                       
000042d9  C$$EXIT                        
000042dd  abort                          
000042e5  exit                           
0000432d  xTaskCheckForTimeOut           
00004381  ConfigureUART                  
00004419  atoi                           
00004465  copy_in                        
000044b1  xQueueCreateMutex              
000044fd  GPIOPinConfigure               
00004545  SwitchTaskInit                 
0000458d  __aeabi_d2iz                   
000045d5  vPortFree                      
00004619  xPortStartScheduler            
00004659  xQueueGenericCreate            
000046d1  SysCtlPeripheralReady          
00004709  vListInsert                    
00004741  SysCtlPeripheralEnable         
000047a5  strncpy                        
000047d5  __aeabi_i2d                    
00004805  xPortSysTickHandler            
00004831  GPIODirModeSet                 
00004885  pxPortInitialiseStack          
000048d3  PWMGenConfigure                
000048f5  memchr                         
00004915  uxListRemove                   
00004935  PWMPulseWidthSet               
0000496f  memccpy                        
0000498d  vPortEnterCritical             
000049c5  pvTaskIncrementMutexHeldCount  
000049dd  _args_main                     
000049f5  strcmp                         
00004a0d  vListInsertEnd                 
00004a25  vPortExitCritical              
00004a3d  vTaskSetTimeOutState           
00004a55  strchr                         
00004a6b  vListInitialise                
00004a81  SysCtlPWMClockSet              
00004a95  _register_unlock               
00004a9b  _register_lock                 
00004aa3  _nop                           
00004aa9  copysign                       
00004aa9  copysignl                      
00004abd  strcpy                         
00004ad1  strlen                         
00004ae5  vPortSetupTimerInterrupt       
00004af9  GPIOPinTypePWM                 
00004b0b  GPIOPinTypeUART                
00004b1d  PWMOutputState                 
00004b41  PWMGenPeriodSet                
00004b61  vTaskSuspendAll                
00004b71  __TI_decompress_none           
00004b7f  PWMGenEnable                   
00004b8d  vTaskMissedYield               
00004b99  xTaskGetTickCount              
00004bad  ResetISR                       
00004bb3  SysCtlDelay                    
00004bb9  UARTClockSourceSet             
00004bbf  __TI_decompress_rle24          
00004bc5  vListInitialiseItem            
00004bcb  _system_pre_init               
00004bd0  _ctypes_                       
00004d7c  ulMaxSyscallInterruptPriority  
00004e1c  __TI_Handler_Table_Base        
00004e24  __TI_CINIT_Base                
00004e24  __TI_Handler_Table_Limit       
00004e34  __TI_CINIT_Limit               
20007670  __CIOBUF_                      
20007790  __TI_tmpnams                   
200078b4  g_pPWMQueue                    
200078b8  g_pUARTSemaphore               
200078bc  _ftable                        
20007a7c  pxCurrentTCB                   
20007aac  __TI_ft_end                    
20007ab0  __aeabi_stdin                  
20007ab4  __aeabi_stdout                 
20007ab8  __aeabi_stderr                 
20007abc  __TI_cleanup_ptr               
20007ac0  __TI_dtors_ptr                 
20007ac4  __TI_enable_exit_profile_output
20007ad4  _lock                          
20007ad8  _unlock                        
20007af0  errno                          
20007af8  main_func_sp                   
20007afc  __stack                        
20007cfc  __STACK_END                    
20007cfc  __STACK_TOP                    
20007d00  _sys_memory                    
ffffffff  __TI_pprof_out_hndl            
ffffffff  __TI_prof_data_size            
ffffffff  __TI_prof_data_start           
ffffffff  __binit__                      
ffffffff  __c_args__                     
ffffffff  binit                          
UNDEFED   SHT$$INIT_ARRAY$$Base          
UNDEFED   SHT$$INIT_ARRAY$$Limit         

[204 symbols]
