******************************************************************************
                  TI ARM Linker PC v15.12.1                    
******************************************************************************
>> Linked Tue Aug 22 23:07:20 2017

OUTPUT FILE NAME:   <HelicopterController.out>
ENTRY POINT SYMBOL: "_c_int00"  address: 000048a1


MEMORY CONFIGURATION

         name            origin    length      used     unused   attr    fill
----------------------  --------  ---------  --------  --------  ----  --------
  FLASH                 00000000   00040000  000055c2  0003aa3e  R  X
  SRAM                  20000000   00008000  00005e69  00002197  RW X


SEGMENT ALLOCATION MAP

run origin  load origin   length   init length attrs members
----------  ----------- ---------- ----------- ----- -------
00000000    00000000    000055c4   000055c4    r-x
  00000000    00000000    0000026c   0000026c    r-- .intvecs
  0000026c    0000026c    00004f7a   00004f7a    r-x .text
  000051e8    000051e8    00000310   00000310    r-- .const
  000054f8    000054f8    000000cc   000000cc    r-- .cinit
20000000    20000000    00005e6b   00000000    rw-
  20000000    20000000    0000026c   00000000    rw- .vtable
  2000026c    2000026c    000051ba   00000000    rw- .bss
  20005428    20005428    00000400   00000000    rw- .stack
  20005828    20005828    00000400   00000000    rw- .sysmem
  20005c28    20005c28    00000243   00000000    rw- .data


SECTION ALLOCATION MAP

 output                                  attributes/
section   page    origin      length       input sections
--------  ----  ----------  ----------   ----------------
.intvecs   0    00000000    0000026c     
                  00000000    0000026c     startup_ccs.obj (.intvecs)

.text      0    0000026c    00004f7a     
                  0000026c    00001110     rtsv7M4_T_le_v4SPD16_eabi.lib : _printfi.obj (.text)
                  0000137c    000003dc                                   : memory.obj (.text)
                  00001758    00000324                                   : trgdrv.obj (.text)
                  00001a7c    0000030c                                   : lowlev.obj (.text)
                  00001d88    000001f4                                   : ull_div_t2.obj (.text)
                  00001f7c    000001ea     project.obj (.text:UARTvprintf)
                  00002166    00000002     startup_ccs.obj (.text:FaultISR)
                  00002168    000001c4     rtsv7M4_T_le_v4SPD16_eabi.lib : fopen.obj (.text)
                  0000232c    000001b6                                   : fd_add_t2.obj (.text)
                  000024e2    00000002     startup_ccs.obj (.text:IntDefaultHandler)
                  000024e4    00000180     pwm_task.obj (.text:PWMTask)
                  00002664    0000015c     pwm_task.obj (.text:PWMTaskInit)
                  000027c0    00000138     display_task.obj (.text:DisplayTask)
                  000028f8    00000136     rtsv7M4_T_le_v4SPD16_eabi.lib : fd_div_t2.obj (.text)
                  00002a2e    00000002     startup_ccs.obj (.text:NmiSR)
                  00002a30    00000134     rtsv7M4_T_le_v4SPD16_eabi.lib : fputs.obj (.text)
                  00002b64    0000011c     queue.obj (.text:xQueueGenericReceive)
                  00002c80    00000104     tasks.obj (.text:xTaskGenericCreate)
                  00002d84    00000104     tasks.obj (.text:xTaskIncrementTick)
                  00002e88    000000fc     rtsv7M4_T_le_v4SPD16_eabi.lib : fd_mul_t2.obj (.text)
                  00002f84    000000fc                                   : s_scalbn.obj (.text)
                  00003080    000000ec     display_task.obj (.text:DisplayTaskInit)
                  0000316c    000000e8     queue.obj (.text:xQueueGenericSend)
                  00003254    000000e4     tasks.obj (.text:xTaskResumeAll)
                  00003338    000000dc     rtsv7M4_T_le_v4SPD16_eabi.lib : setvbuf.obj (.text)
                  00003414    000000d2     portasm.obj (.text)
                  000034e6    00000002     rtsv7M4_T_le_v4SPD16_eabi.lib : i_div0.obj (.text)
                  000034e8    000000c8                                   : fflush.obj (.text)
                  000035b0    000000ac     switch_task.obj (.text:SwitchTask)
                  0000365c    000000ac     heap_2.obj (.text:pvPortMalloc)
                  00003708    000000ac     rtsv7M4_T_le_v4SPD16_eabi.lib : _io_perm.obj (.text)
                  000037b4    000000a8     project.obj (.text:main)
                  0000385c    0000009c     rtsv7M4_T_le_v4SPD16_eabi.lib : memcpy_t2.obj (.text)
                  000038f8    00000098     adc_task.obj (.text:ADCTaskInit)
                  00003990    00000098     yaw_task.obj (.text:YawTaskInit)
                  00003a28    00000098     rtsv7M4_T_le_v4SPD16_eabi.lib : fclose.obj (.text)
                  00003ac0    00000098                                   : fputc.obj (.text)
                  00003b58    00000094     tasks.obj (.text:vTaskPriorityInherit)
                  00003bec    0000008c     buttons.obj (.text:ButtonsPoll)
                  00003c78    0000008c     tasks.obj (.text:vTaskSwitchContext)
                  00003d04    00000086     rtsv7M4_T_le_v4SPD16_eabi.lib : fd_cmp_t2.obj (.text:__aeabi_cdcmple)
                  00003d8a    00000086                                   : fd_cmp_t2.obj (.text:__aeabi_cdrcmple)
                  00003e10    00000084     queue.obj (.text:xQueueGenericReset)
                  00003e94    00000080     tasks.obj (.text:vTaskDelayUntil)
                  00003f14    0000007c     tasks.obj (.text:xTaskPriorityDisinherit)
                  00003f90    0000007a     rtsv7M4_T_le_v4SPD16_eabi.lib : memset_t2.obj (.text)
                  0000400a    00000002                                   : mpu_init.obj (.text)
                  0000400c    00000074     tasks.obj (.text:xTaskRemoveFromEventList)
                  00004080    00000072     queue.obj (.text:prvCopyDataToQueue)
                  000040f2    00000002     rtsv7M4_T_le_v4SPD16_eabi.lib : startup.obj (.text)
                  000040f4    00000070                                   : autoinit.obj (.text)
                  00004164    00000070                                   : printf.obj (.text)
                  000041d4    0000006c     yaw_task.obj (.text:YawTask)
                  00004240    0000006a     rtsv7M4_T_le_v4SPD16_eabi.lib : copy_decompress_rle.obj (.text)
                  000042aa    00000002     project.obj (.text:vApplicationStackOverflowHook)
                  000042ac    00000068     buttons.obj (.text:ButtonsInit)
                  00004314    00000068     driverlib.lib : interrupt.obj (.text:IntEnable)
                  0000437c    00000068     rtsv7M4_T_le_v4SPD16_eabi.lib : trgmsg.obj (.text)
                  000043e4    00000064                                   : fseek.obj (.text)
                  00004448    00000064                                   : s_frexp.obj (.text)
                  000044ac    00000064     tasks.obj (.text:vTaskPlaceOnEventList)
                  00004510    00000062     queue.obj (.text:prvUnlockQueue)
                  00004572    00000002     --HOLE-- [fill = 0]
                  00004574    00000060     project.obj (.text:UARTStdioConfig)
                  000045d4    00000060     tasks.obj (.text:prvInitialiseTaskLists)
                  00004634    00000060     tasks.obj (.text:vTaskStartScheduler)
                  00004694    0000005c     adc_task.obj (.text:ADCTask)
                  000046f0    00000058     driverlib.lib : adc.obj (.text:ADCSequenceConfigure)
                  00004748    00000058     tasks.obj (.text:prvCheckTasksWaitingTermination)
                  000047a0    00000056     rtsv7M4_T_le_v4SPD16_eabi.lib : ltoa.obj (.text)
                  000047f6    00000056     queue.obj (.text:xQueueGiveFromISR)
                  0000484c    00000054     tasks.obj (.text:prvInitialiseTCBVariables)
                  000048a0    00000054     rtsv7M4_T_le_v4SPD16_eabi.lib : boot.obj (.text)
                  000048f4    00000054                                   : exit.obj (.text)
                  00004948    00000054     tasks.obj (.text:xTaskCheckForTimeOut)
                  0000499c    0000004c     switch_task.obj (.text:SwitchTaskInit)
                  000049e8    0000004c     tasks.obj (.text:prvAddCurrentTaskToDelayedList)
                  00004a34    0000004c     rtsv7M4_T_le_v4SPD16_eabi.lib : atoi.obj (.text)
                  00004a80    0000004c                                   : cpy_tbl.obj (.text)
                  00004acc    0000004c     queue.obj (.text:xQueueCreateMutex)
                  00004b18    00000048     project.obj (.text:UARTwrite)
                  00004b60    00000048     rtsv7M4_T_le_v4SPD16_eabi.lib : fd_toi_t2.obj (.text)
                  00004ba8    00000044     heap_2.obj (.text:vPortFree)
                  00004bec    00000040     driverlib.lib : gpio.obj (.text:_GPIOIntNumberGet)
                  00004c2c    00000040     rtsv7M4_T_le_v4SPD16_eabi.lib : u_divt2.obj (.text)
                  00004c6c    00000040     port.obj (.text:xPortStartScheduler)
                  00004cac    0000003c     queue.obj (.text:xQueueGenericCreate)
                  00004ce8    0000003a     tasks.obj (.text:prvAllocateTCBAndStack)
                  00004d22    00000038     list.obj (.text:vListInsert)
                  00004d5a    00000002     --HOLE-- [fill = 0]
                  00004d5c    00000034     driverlib.lib : interrupt.obj (.text:IntRegister)
                  00004d90    00000034                   : sysctl.obj (.text:SysCtlPeripheralEnable)
                  00004dc4    00000030     heap_2.obj (.text:prvHeapInit)
                  00004df4    00000030     rtsv7M4_T_le_v4SPD16_eabi.lib : strncpy.obj (.text)
                  00004e24    0000002e                                   : i_tofd_t2.obj (.text)
                  00004e52    00000002     --HOLE-- [fill = 0]
                  00004e54    0000002c     port.obj (.text:xPortSysTickHandler)
                  00004e80    00000028     tasks.obj (.text:prvResetNextTaskUnblockTime)
                  00004ea8    00000028     port.obj (.text:pxPortInitialiseStack)
                  00004ed0    00000026     queue.obj (.text:prvCopyDataFromQueue)
                  00004ef6    00000002     --HOLE-- [fill = 0]
                  00004ef8    00000020     yaw_task.obj (.text:one_sec_isr)
                  00004f18    00000020     rtsv7M4_T_le_v4SPD16_eabi.lib : memchr.obj (.text)
                  00004f38    00000020     list.obj (.text:uxListRemove)
                  00004f58    0000001e     driverlib.lib : pwm.obj (.text:PWMPulseWidthSet)
                  00004f76    0000001c     queue.obj (.text:prvIsQueueFull)
                  00004f92    0000001c     rtsv7M4_T_le_v4SPD16_eabi.lib : memccpy.obj (.text)
                  00004fae    00000002     --HOLE-- [fill = 0]
                  00004fb0    0000001c     port.obj (.text:vPortEnterCritical)
                  00004fcc    0000001a     project.obj (.text:UARTprintf)
                  00004fe6    0000001a     queue.obj (.text:prvIsQueueEmpty)
                  00005000    00000018     driverlib.lib : gpio.obj (.text:GPIOIntRegister)
                  00005018    00000018     tasks.obj (.text:pvTaskIncrementMutexHeldCount)
                  00005030    00000018     rtsv7M4_T_le_v4SPD16_eabi.lib : args_main.obj (.text)
                  00005048    00000018                                   : strcmp.obj (.text)
                  00005060    00000018     list.obj (.text:vListInsertEnd)
                  00005078    00000018     port.obj (.text:vPortExitCritical)
                  00005090    00000018     tasks.obj (.text:vTaskSetTimeOutState)
                  000050a8    00000016     rtsv7M4_T_le_v4SPD16_eabi.lib : strchr.obj (.text)
                  000050be    00000016     list.obj (.text:vListInitialise)
                  000050d4    00000014     rtsv7M4_T_le_v4SPD16_eabi.lib : _lock.obj (.text)
                  000050e8    00000014                                   : s_copysign.obj (.text)
                  000050fc    00000014                                   : strcpy.obj (.text)
                  00005110    00000014                                   : strlen.obj (.text)
                  00005124    00000014     port.obj (.text:vPortSetupTimerInterrupt)
                  00005138    00000012     driverlib.lib : pwm.obj (.text:PWMOutputState)
                  0000514a    00000012     tasks.obj (.text:prvDeleteTCB)
                  0000515c    00000010     port.obj (.text:prvTaskExitError)
                  0000516c    00000010     tasks.obj (.text:vTaskSuspendAll)
                  0000517c    0000000e     rtsv7M4_T_le_v4SPD16_eabi.lib : copy_decompress_none.obj (.text:decompress:none)
                  0000518a    0000000c     driverlib.lib : gpio.obj (.text:GPIOIntEnable)
                  00005196    0000000c                   : pwm.obj (.text:PWMGenEnable)
                  000051a2    00000002     --HOLE-- [fill = 0]
                  000051a4    0000000c     tasks.obj (.text:vTaskMissedYield)
                  000051b0    0000000c     tasks.obj (.text:xTaskGetTickCount)
                  000051bc    00000008     tasks.obj (.text:prvIdleTask)
                  000051c4    00000006     driverlib.lib : gpio.obj (.text:GPIOIntClear)
                  000051ca    00000006     startup_ccs.obj (.text:ResetISR)
                  000051d0    00000006     driverlib.lib : uart.obj (.text:UARTClockSourceSet)
                  000051d6    00000006     rtsv7M4_T_le_v4SPD16_eabi.lib : copy_decompress_rle.obj (.text:decompress:rle24)
                  000051dc    00000006     list.obj (.text:vListInitialiseItem)
                  000051e2    00000004     rtsv7M4_T_le_v4SPD16_eabi.lib : pre_init.obj (.text)

.const     0    000051e8    00000310     
                  000051e8    00000101     rtsv7M4_T_le_v4SPD16_eabi.lib : ctype.obj (.const:.string:_ctypes_)
                  000052e9    00000003     --HOLE-- [fill = 0]
                  000052ec    000000c0     driverlib.lib : gpio.obj (.const:g_ppui32GPIOIntMapBlizzard)
                  000053ac    000000c0                   : gpio.obj (.const:g_ppui32GPIOIntMapSnowflake)
                  0000546c    00000070                   : interrupt.obj (.const)
                  000054dc    0000000c     project.obj (.const:g_ui32UARTBase)
                  000054e8    0000000c     project.obj (.const:g_ui32UARTPeriph)
                  000054f4    00000004     port.obj (.const)

.cinit     0    000054f8    000000cc     
                  000054f8    0000008e     (.cinit..data.load) [load image, compression = rle]
                  00005586    00000002     --HOLE-- [fill = 0]
                  00005588    0000000b     (.cinit..bss.load) [load image, compression = rle]
                  00005593    00000005     --HOLE-- [fill = 0]
                  00005598    0000000b     (.cinit..vtable.load) [load image, compression = rle]
                  000055a3    00000001     --HOLE-- [fill = 0]
                  000055a4    00000008     (__TI_handler_table)
                  000055ac    00000018     (__TI_cinit_table)

.init_array 
*          0    00000000    00000000     UNINITIALIZED

.vtable    0    20000000    0000026c     UNINITIALIZED
                  20000000    0000026c     driverlib.lib : interrupt.obj (.vtable)

.bss       0    2000026c    000051ba     UNINITIALIZED
                  2000026c    00004e20     heap_2.obj (.bss:ucHeap)
                  2000508c    00000140     tasks.obj (.bss:pxReadyTasksLists)
                  200051cc    00000120     rtsv7M4_T_le_v4SPD16_eabi.lib : trgmsg.obj (.bss:_CIOBUF_)
                  200052ec    000000a0     (.common:__TI_tmpnams)
                  2000538c    00000014     tasks.obj (.bss:xDelayedTaskList1)
                  200053a0    00000014     tasks.obj (.bss:xDelayedTaskList2)
                  200053b4    00000014     tasks.obj (.bss:xPendingReadyList)
                  200053c8    00000014     tasks.obj (.bss:xSuspendedTaskList)
                  200053dc    00000014     tasks.obj (.bss:xTasksWaitingTermination)
                  200053f0    00000008     rtsv7M4_T_le_v4SPD16_eabi.lib : trgdrv.obj (.bss:parmbuf)
                  200053f8    00000008     tasks.obj (.bss)
                  20005400    00000008     heap_2.obj (.bss:xEnd)
                  20005408    00000008     heap_2.obj (.bss:xStart)
                  20005410    00000004     (.common:binary_sem)
                  20005414    00000004     (.common:g_Altitude)
                  20005418    00000004     (.common:g_pDisplayQueue)
                  2000541c    00000004     (.common:g_pPWMQueue)
                  20005420    00000004     (.common:g_pUARTSemaphore)
                  20005424    00000001     (.common:g_Direction)
                  20005425    00000001     (.common:g_dutyRotor)

.stack     0    20005428    00000400     UNINITIALIZED
                  20005428    00000400     --HOLE--

.sysmem    0    20005828    00000400     UNINITIALIZED
                  20005828    00000008     rtsv7M4_T_le_v4SPD16_eabi.lib : memory.obj (.sysmem)
                  20005830    000003f8     --HOLE--

.data      0    20005c28    00000243     UNINITIALIZED
                  20005c28    000000f0     rtsv7M4_T_le_v4SPD16_eabi.lib : defs.obj (.data:_ftable)
                  20005d18    000000d0                                   : lowlev.obj (.data:$O1$$)
                  20005de8    00000030     tasks.obj (.data)
                  20005e18    00000010     rtsv7M4_T_le_v4SPD16_eabi.lib : defs.obj (.data)
                  20005e28    0000000c                                   : exit.obj (.data:$O1$$)
                  20005e34    0000000c                                   : memory.obj (.data:$O1$$)
                  20005e40    00000008                                   : _lock.obj (.data:$O1$$)
                  20005e48    00000008     heap_2.obj (.data)
                  20005e50    00000007     project.obj (.data)
                  20005e57    00000001     --HOLE--
                  20005e58    00000004     port.obj (.data)
                  20005e5c    00000004     rtsv7M4_T_le_v4SPD16_eabi.lib : errno.obj (.data)
                  20005e60    00000004                                   : fopen.obj (.data)
                  20005e64    00000004                                   : stkdepth_vars.obj (.data)
                  20005e68    00000003     buttons.obj (.data)

MODULE SUMMARY

       Module                     code    ro data   rw data
       ------                     ----    -------   -------
    .\
       project.obj                854     24        13     
       pwm_task.obj               732     0         4      
       startup_ccs.obj            12      620       0      
       display_task.obj           548     0         8      
       yaw_task.obj               292     0         4      
       switch_task.obj            248     0         0      
       adc_task.obj               244     0         0      
    +--+--------------------------+-------+---------+---------+
       Total:                     2930    644       29     
                                                           
    .\drivers\
       buttons.obj                244     0         3      
    +--+--------------------------+-------+---------+---------+
       Total:                     244     0         3      
                                                           
    .\third_party\FreeRTOS\Source\
       tasks.obj                  2240    0         476    
       queue.obj                  1174    0         0      
       list.obj                   140     0         0      
    +--+--------------------------+-------+---------+---------+
       Total:                     3554    0         476    
                                                           
    .\third_party\FreeRTOS\Source\portable\CCS\ARM_CM4F\
       port.obj                   236     4         4      
       portasm.obj                210     0         0      
    +--+--------------------------+-------+---------+---------+
       Total:                     446     4         4      
                                                           
    .\third_party\FreeRTOS\Source\portable\MemMang\
       heap_2.obj                 288     0         20024  
    +--+--------------------------+-------+---------+---------+
       Total:                     288     0         20024  
                                                           
    C:\ti\ccsv6\tools\compiler\ti-cgt-arm_15.12.1.LTS\lib\rtsv7M4_T_le_v4SPD16_eabi.lib
       _printfi.obj               4368    0         0      
       memory.obj                 988     0         12     
       lowlev.obj                 780     0         208    
       trgdrv.obj                 804     0         8      
       ull_div_t2.obj             500     0         0      
       fopen.obj                  452     0         4      
       fd_add_t2.obj              438     0         0      
       defs.obj                   0       0         416    
       trgmsg.obj                 104     0         288    
       fd_div_t2.obj              310     0         0      
       fputs.obj                  308     0         0      
       fd_cmp_t2.obj              268     0         0      
       ctype.obj                  0       257       0      
       fd_mul_t2.obj              252     0         0      
       s_scalbn.obj               252     0         0      
       setvbuf.obj                220     0         0      
       fflush.obj                 200     0         0      
       _io_perm.obj               172     0         0      
       memcpy_t2.obj              156     0         0      
       fclose.obj                 152     0         0      
       fputc.obj                  152     0         0      
       memset_t2.obj              122     0         0      
       autoinit.obj               112     0         0      
       copy_decompress_rle.obj    112     0         0      
       printf.obj                 112     0         0      
       fseek.obj                  100     0         0      
       s_frexp.obj                100     0         0      
       exit.obj                   84      0         12     
       ltoa.obj                   86      0         0      
       boot.obj                   84      0         0      
       atoi.obj                   76      0         0      
       cpy_tbl.obj                76      0         0      
       fd_toi_t2.obj              72      0         0      
       u_divt2.obj                64      0         0      
       strncpy.obj                48      0         0      
       i_tofd_t2.obj              46      0         0      
       memchr.obj                 32      0         0      
       _lock.obj                  20      0         8      
       memccpy.obj                28      0         0      
       args_main.obj              24      0         0      
       strcmp.obj                 24      0         0      
       strchr.obj                 22      0         0      
       s_copysign.obj             20      0         0      
       strcpy.obj                 20      0         0      
       strlen.obj                 20      0         0      
       copy_decompress_none.obj   14      0         0      
       errno.obj                  0       0         4      
       pre_init.obj               4       0         0      
       stkdepth_vars.obj          0       0         4      
       i_div0.obj                 2       0         0      
       mpu_init.obj               2       0         0      
       startup.obj                2       0         0      
    +--+--------------------------+-------+---------+---------+
       Total:                     12404   257       964    
                                                           
    c:/ti/TivaWare_C_Series-2.1.3.156/driverlib/ccs/Debug/driverlib.lib
       interrupt.obj              156     112       620    
       gpio.obj                   106     384       0      
       adc.obj                    88      0         0      
       pwm.obj                    60      0         0      
       sysctl.obj                 52      0         0      
       uart.obj                   6       0         0      
    +--+--------------------------+-------+---------+---------+
       Total:                     468     496       620    
                                                           
       Heap:                      0       0         1024   
       Stack:                     0       0         1024   
       Linker Generated:          0       196       0      
    +--+--------------------------+-------+---------+---------+
       Grand Total:               20334   1597      24168  


LINKER GENERATED COPY TABLES

__TI_cinit_table @ 000055ac records: 3, size/record: 8, table size: 24
	.data: load addr=000054f8, load size=0000008e bytes, run addr=20005c28, run size=00000243 bytes, compression=rle
	.bss: load addr=00005588, load size=0000000b bytes, run addr=2000026c, run size=000051ba bytes, compression=rle
	.vtable: load addr=00005598, load size=0000000b bytes, run addr=20000000, run size=0000026c bytes, compression=rle


LINKER GENERATED HANDLER TABLE

__TI_handler_table @ 000055a4 records: 2, size/record: 4, table size: 8
	index: 0, handler: __TI_decompress_rle24
	index: 1, handler: __TI_decompress_none


GLOBAL SYMBOLS: SORTED ALPHABETICALLY BY Name 

address   name                           
-------   ----                           
000046f1  ADCSequenceConfigure           
000038f9  ADCTaskInit                    
000042ad  ButtonsInit                    
00003bed  ButtonsPoll                    
000048f5  C$$EXIT                        
000043ab  C$$IO$$                        
00003081  DisplayTaskInit                
000051c5  GPIOIntClear                   
0000518b  GPIOIntEnable                  
00005001  GPIOIntRegister                
00001a2f  HOSTclock                      
000019f7  HOSTclose                      
000019b9  HOSTgetenv                     
0000195d  HOSTlseek                      
0000190b  HOSTopen                       
000018bf  HOSTread                       
00001861  HOSTrename                     
00001827  HOSTtime                       
000017dd  HOSTtime64                     
000017a5  HOSTunlink                     
00001759  HOSTwrite                      
00004315  IntEnable                      
00004d5d  IntRegister                    
00005197  PWMGenEnable                   
00005139  PWMOutputState                 
00004f59  PWMPulseWidthSet               
00002665  PWMTaskInit                    
000051cb  ResetISR                       
UNDEFED   SHT$$INIT_ARRAY$$Base          
UNDEFED   SHT$$INIT_ARRAY$$Limit         
0000499d  SwitchTaskInit                 
00004d91  SysCtlPeripheralEnable         
000051d1  UARTClockSourceSet             
00004575  UARTStdioConfig                
00004fcd  UARTprintf                     
00001f7d  UARTvprintf                    
00004b19  UARTwrite                      
00003991  YawTaskInit                    
200051cc  __CIOBUF_                      
20005828  __STACK_END                    
00000400  __STACK_SIZE                   
20005628  __STACK_TOP                    
00000400  __SYSMEM_SIZE                  
000055ac  __TI_CINIT_Base                
000055c4  __TI_CINIT_Limit               
000055a4  __TI_Handler_Table_Base        
000055ac  __TI_Handler_Table_Limit       
000040f5  __TI_auto_init                 
00002231  __TI_cleanup                   
20005e28  __TI_cleanup_ptr               
00003a29  __TI_closefile                 
0000517d  __TI_decompress_none           
000051d7  __TI_decompress_rle24          
000034e9  __TI_doflush                   
20005e2c  __TI_dtors_ptr                 
20005e30  __TI_enable_exit_profile_output
20005e18  __TI_ft_end                    
ffffffff  __TI_pprof_out_hndl            
00001077  __TI_printfi                   
ffffffff  __TI_prof_data_size            
ffffffff  __TI_prof_data_start           
0000376b  __TI_rd_ok                     
000043af  __TI_readmsg                   
00000000  __TI_static_base__             
200052ec  __TI_tmpnams                   
0000437d  __TI_writemsg                  
00003709  __TI_wrt_ok                    
00003d05  __aeabi_cdcmpeq                
00003d05  __aeabi_cdcmple                
00003d8b  __aeabi_cdrcmple               
00004b61  __aeabi_d2iz                   
00002337  __aeabi_dadd                   
000028f9  __aeabi_ddiv                   
00002e89  __aeabi_dmul                   
0000232d  __aeabi_dsub                   
00004e25  __aeabi_i2d                    
000034e7  __aeabi_idiv0                  
00003f91  __aeabi_memclr                 
00003f91  __aeabi_memclr4                
00003f91  __aeabi_memclr8                
0000385d  __aeabi_memcpy                 
0000385d  __aeabi_memcpy4                
0000385d  __aeabi_memcpy8                
00003f93  __aeabi_memset                 
00003f93  __aeabi_memset4                
00003f93  __aeabi_memset8                
20005e24  __aeabi_stderr                 
20005e1c  __aeabi_stdin                  
20005e20  __aeabi_stdout                 
00004c2d  __aeabi_uidiv                  
00004c2d  __aeabi_uidivmod               
00001d89  __aeabi_uldivmod               
ffffffff  __binit__                      
ffffffff  __c_args__                     
0000400b  __mpu_init                     
20005428  __stack                        
00005031  _args_main                     
000048a1  _c_int00                       
000051e8  _ctypes_                       
20005c28  _ftable                        
20005e40  _lock                          
000050e3  _nop                           
000050db  _register_lock                 
000050d5  _register_unlock               
20005828  _sys_memory                    
000040f3  _system_post_cinit             
000051e3  _system_pre_init               
20005e44  _unlock                        
000048f9  abort                          
00001cdd  add_device                     
00004a35  atoi                           
20005410  binary_sem                     
ffffffff  binit                          
00001725  calloc                         
00001c8d  close                          
00004a81  copy_in                        
000050e9  copysign                       
000050e9  copysignl                      
20005e5c  errno                          
00004901  exit                           
00003a8f  fclose                         
00003535  fflush                         
00002287  fopen                          
00003ac1  fputc                          
00002a31  fputs                          
00001473  free                           
0000225d  freopen                        
00004449  frexp                          
00004449  frexpl                         
000043e5  fseek                          
20005414  g_Altitude                     
20005424  g_Direction                    
20005e54  g_Yaw                          
20005e55  g_dutyMain                     
20005425  g_dutyRotor                    
20005418  g_pDisplayQueue                
2000541c  g_pPWMQueue                    
20005420  g_pUARTSemaphore               
20000000  g_pfnRAMVectors                
00000000  g_pfnVectors                   
00002f85  ldexp                          
00002f85  ldexpl                         
00001c69  lseek                          
000047a1  ltoa                           
000037b5  main                           
20005e64  main_func_sp                   
0000140b  malloc                         
00001641  memalign                       
00004f93  memccpy                        
00004f19  memchr                         
0000385d  memcpy                         
00003f99  memset                         
0000137d  minit                          
00001bbb  open                           
0000416d  printf                         
00003ac1  putc                           
00003b45  putchar                        
00002b3d  puts                           
0000365d  pvPortMalloc                   
00005019  pvTaskIncrementMutexHeldCount  
20005de8  pxCurrentTCB                   
00004ea9  pxPortInitialiseStack          
00001b97  read                           
00001535  realloc                        
00001b0d  remove                         
00001b6f  remove_device                  
00001b31  rename                         
00002f85  scalbn                         
00002f85  scalbnl                        
00003339  setvbuf                        
000050a9  strchr                         
00005049  strcmp                         
000050fd  strcpy                         
00005111  strlen                         
00004df5  strncpy                        
000054f4  ulMaxSyscallInterruptPriority  
00003425  ulPortGetIPSR                  
00001b0d  unlink                         
00004f39  uxListRemove                   
000042ab  vApplicationStackOverflowHook  
000050bf  vListInitialise                
000051dd  vListInitialiseItem            
00004d23  vListInsert                    
00005061  vListInsertEnd                 
000034d9  vPortEnableVFP                 
00004fb1  vPortEnterCritical             
00005079  vPortExitCritical              
00004ba9  vPortFree                      
0000349d  vPortSVCHandler                
00005125  vPortSetupTimerInterrupt       
000034bd  vPortStartFirstTask            
00003e95  vTaskDelayUntil                
000051a5  vTaskMissedYield               
000044ad  vTaskPlaceOnEventList          
00003b59  vTaskPriorityInherit           
00005091  vTaskSetTimeOutState           
00004635  vTaskStartScheduler            
0000516d  vTaskSuspendAll                
00003c79  vTaskSwitchContext             
00001a7d  write                          
0000343d  xPortPendSVHandler             
00004c6d  xPortStartScheduler            
00004e55  xPortSysTickHandler            
00004acd  xQueueCreateMutex              
00004cad  xQueueGenericCreate            
00002b65  xQueueGenericReceive           
00003e11  xQueueGenericReset             
0000316d  xQueueGenericSend              
000047f7  xQueueGiveFromISR              
00004949  xTaskCheckForTimeOut           
00002c81  xTaskGenericCreate             
000051b1  xTaskGetTickCount              
00002d85  xTaskIncrementTick             
00003f15  xTaskPriorityDisinherit        
0000400d  xTaskRemoveFromEventList       
00003255  xTaskResumeAll                 


GLOBAL SYMBOLS: SORTED BY Symbol Address 

address   name                           
-------   ----                           
00000000  __TI_static_base__             
00000000  g_pfnVectors                   
00000400  __STACK_SIZE                   
00000400  __SYSMEM_SIZE                  
00001077  __TI_printfi                   
0000137d  minit                          
0000140b  malloc                         
00001473  free                           
00001535  realloc                        
00001641  memalign                       
00001725  calloc                         
00001759  HOSTwrite                      
000017a5  HOSTunlink                     
000017dd  HOSTtime64                     
00001827  HOSTtime                       
00001861  HOSTrename                     
000018bf  HOSTread                       
0000190b  HOSTopen                       
0000195d  HOSTlseek                      
000019b9  HOSTgetenv                     
000019f7  HOSTclose                      
00001a2f  HOSTclock                      
00001a7d  write                          
00001b0d  remove                         
00001b0d  unlink                         
00001b31  rename                         
00001b6f  remove_device                  
00001b97  read                           
00001bbb  open                           
00001c69  lseek                          
00001c8d  close                          
00001cdd  add_device                     
00001d89  __aeabi_uldivmod               
00001f7d  UARTvprintf                    
00002231  __TI_cleanup                   
0000225d  freopen                        
00002287  fopen                          
0000232d  __aeabi_dsub                   
00002337  __aeabi_dadd                   
00002665  PWMTaskInit                    
000028f9  __aeabi_ddiv                   
00002a31  fputs                          
00002b3d  puts                           
00002b65  xQueueGenericReceive           
00002c81  xTaskGenericCreate             
00002d85  xTaskIncrementTick             
00002e89  __aeabi_dmul                   
00002f85  ldexp                          
00002f85  ldexpl                         
00002f85  scalbn                         
00002f85  scalbnl                        
00003081  DisplayTaskInit                
0000316d  xQueueGenericSend              
00003255  xTaskResumeAll                 
00003339  setvbuf                        
00003425  ulPortGetIPSR                  
0000343d  xPortPendSVHandler             
0000349d  vPortSVCHandler                
000034bd  vPortStartFirstTask            
000034d9  vPortEnableVFP                 
000034e7  __aeabi_idiv0                  
000034e9  __TI_doflush                   
00003535  fflush                         
0000365d  pvPortMalloc                   
00003709  __TI_wrt_ok                    
0000376b  __TI_rd_ok                     
000037b5  main                           
0000385d  __aeabi_memcpy                 
0000385d  __aeabi_memcpy4                
0000385d  __aeabi_memcpy8                
0000385d  memcpy                         
000038f9  ADCTaskInit                    
00003991  YawTaskInit                    
00003a29  __TI_closefile                 
00003a8f  fclose                         
00003ac1  fputc                          
00003ac1  putc                           
00003b45  putchar                        
00003b59  vTaskPriorityInherit           
00003bed  ButtonsPoll                    
00003c79  vTaskSwitchContext             
00003d05  __aeabi_cdcmpeq                
00003d05  __aeabi_cdcmple                
00003d8b  __aeabi_cdrcmple               
00003e11  xQueueGenericReset             
00003e95  vTaskDelayUntil                
00003f15  xTaskPriorityDisinherit        
00003f91  __aeabi_memclr                 
00003f91  __aeabi_memclr4                
00003f91  __aeabi_memclr8                
00003f93  __aeabi_memset                 
00003f93  __aeabi_memset4                
00003f93  __aeabi_memset8                
00003f99  memset                         
0000400b  __mpu_init                     
0000400d  xTaskRemoveFromEventList       
000040f3  _system_post_cinit             
000040f5  __TI_auto_init                 
0000416d  printf                         
000042ab  vApplicationStackOverflowHook  
000042ad  ButtonsInit                    
00004315  IntEnable                      
0000437d  __TI_writemsg                  
000043ab  C$$IO$$                        
000043af  __TI_readmsg                   
000043e5  fseek                          
00004449  frexp                          
00004449  frexpl                         
000044ad  vTaskPlaceOnEventList          
00004575  UARTStdioConfig                
00004635  vTaskStartScheduler            
000046f1  ADCSequenceConfigure           
000047a1  ltoa                           
000047f7  xQueueGiveFromISR              
000048a1  _c_int00                       
000048f5  C$$EXIT                        
000048f9  abort                          
00004901  exit                           
00004949  xTaskCheckForTimeOut           
0000499d  SwitchTaskInit                 
00004a35  atoi                           
00004a81  copy_in                        
00004acd  xQueueCreateMutex              
00004b19  UARTwrite                      
00004b61  __aeabi_d2iz                   
00004ba9  vPortFree                      
00004c2d  __aeabi_uidiv                  
00004c2d  __aeabi_uidivmod               
00004c6d  xPortStartScheduler            
00004cad  xQueueGenericCreate            
00004d23  vListInsert                    
00004d5d  IntRegister                    
00004d91  SysCtlPeripheralEnable         
00004df5  strncpy                        
00004e25  __aeabi_i2d                    
00004e55  xPortSysTickHandler            
00004ea9  pxPortInitialiseStack          
00004f19  memchr                         
00004f39  uxListRemove                   
00004f59  PWMPulseWidthSet               
00004f93  memccpy                        
00004fb1  vPortEnterCritical             
00004fcd  UARTprintf                     
00005001  GPIOIntRegister                
00005019  pvTaskIncrementMutexHeldCount  
00005031  _args_main                     
00005049  strcmp                         
00005061  vListInsertEnd                 
00005079  vPortExitCritical              
00005091  vTaskSetTimeOutState           
000050a9  strchr                         
000050bf  vListInitialise                
000050d5  _register_unlock               
000050db  _register_lock                 
000050e3  _nop                           
000050e9  copysign                       
000050e9  copysignl                      
000050fd  strcpy                         
00005111  strlen                         
00005125  vPortSetupTimerInterrupt       
00005139  PWMOutputState                 
0000516d  vTaskSuspendAll                
0000517d  __TI_decompress_none           
0000518b  GPIOIntEnable                  
00005197  PWMGenEnable                   
000051a5  vTaskMissedYield               
000051b1  xTaskGetTickCount              
000051c5  GPIOIntClear                   
000051cb  ResetISR                       
000051d1  UARTClockSourceSet             
000051d7  __TI_decompress_rle24          
000051dd  vListInitialiseItem            
000051e3  _system_pre_init               
000051e8  _ctypes_                       
000054f4  ulMaxSyscallInterruptPriority  
000055a4  __TI_Handler_Table_Base        
000055ac  __TI_CINIT_Base                
000055ac  __TI_Handler_Table_Limit       
000055c4  __TI_CINIT_Limit               
20000000  g_pfnRAMVectors                
200051cc  __CIOBUF_                      
200052ec  __TI_tmpnams                   
20005410  binary_sem                     
20005414  g_Altitude                     
20005418  g_pDisplayQueue                
2000541c  g_pPWMQueue                    
20005420  g_pUARTSemaphore               
20005424  g_Direction                    
20005425  g_dutyRotor                    
20005428  __stack                        
20005628  __STACK_TOP                    
20005828  __STACK_END                    
20005828  _sys_memory                    
20005c28  _ftable                        
20005de8  pxCurrentTCB                   
20005e18  __TI_ft_end                    
20005e1c  __aeabi_stdin                  
20005e20  __aeabi_stdout                 
20005e24  __aeabi_stderr                 
20005e28  __TI_cleanup_ptr               
20005e2c  __TI_dtors_ptr                 
20005e30  __TI_enable_exit_profile_output
20005e40  _lock                          
20005e44  _unlock                        
20005e54  g_Yaw                          
20005e55  g_dutyMain                     
20005e5c  errno                          
20005e64  main_func_sp                   
ffffffff  __TI_pprof_out_hndl            
ffffffff  __TI_prof_data_size            
ffffffff  __TI_prof_data_start           
ffffffff  __binit__                      
ffffffff  __c_args__                     
ffffffff  binit                          
UNDEFED   SHT$$INIT_ARRAY$$Base          
UNDEFED   SHT$$INIT_ARRAY$$Limit         

[216 symbols]
