******************************************************************************
                  TI ARM Linker PC v15.12.1                    
******************************************************************************
>> Linked Sat Aug 19 17:19:21 2017

OUTPUT FILE NAME:   <HelicopterController.out>
ENTRY POINT SYMBOL: "_c_int00"  address: 00004181


MEMORY CONFIGURATION

         name            origin    length      used     unused   attr    fill
----------------------  --------  ---------  --------  --------  ----  --------
  FLASH                 00000000   00040000  00004b0a  0003b4f6  R  X
  SRAM                  20000000   00008000  00007efd  00000103  RW X


SEGMENT ALLOCATION MAP

run origin  load origin   length   init length attrs members
----------  ----------- ---------- ----------- ----- -------
00000000    00000000    00004b0c   00004b0c    r-x
  00000000    00000000    0000026c   0000026c    r-- .intvecs
  0000026c    0000026c    000046ca   000046ca    r-x .text
  00004938    00004938    00000120   00000120    r-- .const
  00004a58    00004a58    000000b4   000000b4    r-- .cinit
20000000    20000000    00007f00   00000000    rw-
  20000000    20000000    000078bd   00000000    rw- .bss
  200078c0    200078c0    00000240   00000000    rw- .data
  20007b00    20007b00    00000200   00000000    rw- .stack
  20007d00    20007d00    00000200   00000000    rw- .sysmem


SECTION ALLOCATION MAP

 output                                  attributes/
section   page    origin      length       input sections
--------  ----  ----------  ----------   ----------------
.intvecs   0    00000000    0000026c     
                  00000000    0000026c     startup_ccs.obj (.intvecs)

.text      0    0000026c    000046ca     
                  0000026c    00001110     rtsv7M4_T_le_v4SPD16_eabi.lib : _printfi.obj (.text)
                  0000137c    000003dc                                   : memory.obj (.text)
                  00001758    00000324                                   : trgdrv.obj (.text)
                  00001a7c    0000030c                                   : lowlev.obj (.text)
                  00001d88    000001f4                                   : ull_div_t2.obj (.text)
                  00001f7c    000001c4                                   : fopen.obj (.text)
                  00002140    000001b6                                   : fd_add_t2.obj (.text)
                  000022f6    00000002     startup_ccs.obj (.text:FaultISR)
                  000022f8    00000154     pwm_task.obj (.text:PWMTaskInit)
                  0000244c    00000136     rtsv7M4_T_le_v4SPD16_eabi.lib : fd_div_t2.obj (.text)
                  00002582    00000002     startup_ccs.obj (.text:IntDefaultHandler)
                  00002584    00000134     rtsv7M4_T_le_v4SPD16_eabi.lib : fputs.obj (.text)
                  000026b8    0000011c     queue.obj (.text:xQueueGenericReceive)
                  000027d4    00000104     tasks.obj (.text:xTaskGenericCreate)
                  000028d8    00000104     tasks.obj (.text:xTaskIncrementTick)
                  000029dc    000000fc     switch_task.obj (.text:SwitchTask)
                  00002ad8    000000fc     rtsv7M4_T_le_v4SPD16_eabi.lib : fd_mul_t2.obj (.text)
                  00002bd4    000000fc                                   : s_scalbn.obj (.text)
                  00002cd0    000000e8     queue.obj (.text:xQueueGenericSend)
                  00002db8    000000e4     tasks.obj (.text:xTaskResumeAll)
                  00002e9c    000000dc     rtsv7M4_T_le_v4SPD16_eabi.lib : setvbuf.obj (.text)
                  00002f78    000000d2     portasm.obj (.text)
                  0000304a    00000002     startup_ccs.obj (.text:NmiSR)
                  0000304c    000000d0     pwm_task.obj (.text:PWMTask)
                  0000311c    000000c8     rtsv7M4_T_le_v4SPD16_eabi.lib : fflush.obj (.text)
                  000031e4    000000b0     project.obj (.text:main)
                  00003294    000000ac     heap_2.obj (.text:pvPortMalloc)
                  00003340    000000ac     rtsv7M4_T_le_v4SPD16_eabi.lib : _io_perm.obj (.text)
                  000033ec    0000009c                                   : memcpy_t2.obj (.text)
                  00003488    00000098                                   : fclose.obj (.text)
                  00003520    00000098                                   : fputc.obj (.text)
                  000035b8    00000094     tasks.obj (.text:vTaskPriorityInherit)
                  0000364c    0000008c     tasks.obj (.text:vTaskSwitchContext)
                  000036d8    00000086     rtsv7M4_T_le_v4SPD16_eabi.lib : fd_cmp_t2.obj (.text:__aeabi_cdcmple)
                  0000375e    00000086                                   : fd_cmp_t2.obj (.text:__aeabi_cdrcmple)
                  000037e4    00000084     buttons.obj (.text:ButtonsPoll)
                  00003868    00000084     queue.obj (.text:xQueueGenericReset)
                  000038ec    00000080     tasks.obj (.text:vTaskDelayUntil)
                  0000396c    0000007c     tasks.obj (.text:xTaskPriorityDisinherit)
                  000039e8    0000007a     rtsv7M4_T_le_v4SPD16_eabi.lib : memset_t2.obj (.text)
                  00003a62    00000002                                   : mpu_init.obj (.text)
                  00003a64    00000074     tasks.obj (.text:xTaskRemoveFromEventList)
                  00003ad8    00000072     queue.obj (.text:prvCopyDataToQueue)
                  00003b4a    00000002     rtsv7M4_T_le_v4SPD16_eabi.lib : startup.obj (.text)
                  00003b4c    00000070                                   : autoinit.obj (.text)
                  00003bbc    00000070                                   : printf.obj (.text)
                  00003c2c    0000006a                                   : copy_decompress_rle.obj (.text)
                  00003c96    00000002     project.obj (.text:vApplicationStackOverflowHook)
                  00003c98    00000068     buttons.obj (.text:ButtonsInit)
                  00003d00    00000068     rtsv7M4_T_le_v4SPD16_eabi.lib : trgmsg.obj (.text)
                  00003d68    00000064     project.obj (.text:ConfigureUART)
                  00003dcc    00000064     rtsv7M4_T_le_v4SPD16_eabi.lib : fseek.obj (.text)
                  00003e30    00000064                                   : s_frexp.obj (.text)
                  00003e94    00000064     tasks.obj (.text:vTaskPlaceOnEventList)
                  00003ef8    00000062     queue.obj (.text:prvUnlockQueue)
                  00003f5a    00000002     --HOLE-- [fill = 0]
                  00003f5c    00000060     project.obj (.text:UARTStdioConfig)
                  00003fbc    00000060     tasks.obj (.text:prvInitialiseTaskLists)
                  0000401c    00000060     tasks.obj (.text:vTaskStartScheduler)
                  0000407c    00000058     tasks.obj (.text:prvCheckTasksWaitingTermination)
                  000040d4    00000056     rtsv7M4_T_le_v4SPD16_eabi.lib : ltoa.obj (.text)
                  0000412a    00000054     tasks.obj (.text:prvInitialiseTCBVariables)
                  0000417e    00000002     --HOLE-- [fill = 0]
                  00004180    00000054     rtsv7M4_T_le_v4SPD16_eabi.lib : boot.obj (.text)
                  000041d4    00000054                                   : exit.obj (.text)
                  00004228    00000054     tasks.obj (.text:xTaskCheckForTimeOut)
                  0000427c    0000004c     switch_task.obj (.text:SwitchTaskInit)
                  000042c8    0000004c     tasks.obj (.text:prvAddCurrentTaskToDelayedList)
                  00004314    0000004c     rtsv7M4_T_le_v4SPD16_eabi.lib : atoi.obj (.text)
                  00004360    0000004c                                   : cpy_tbl.obj (.text)
                  000043ac    0000004c     queue.obj (.text:xQueueCreateMutex)
                  000043f8    00000048     rtsv7M4_T_le_v4SPD16_eabi.lib : fd_toi_t2.obj (.text)
                  00004440    00000044     heap_2.obj (.text:vPortFree)
                  00004484    00000040     port.obj (.text:xPortStartScheduler)
                  000044c4    0000003c     queue.obj (.text:xQueueGenericCreate)
                  00004500    0000003a     tasks.obj (.text:prvAllocateTCBAndStack)
                  0000453a    00000038     list.obj (.text:vListInsert)
                  00004572    00000002     --HOLE-- [fill = 0]
                  00004574    00000030     heap_2.obj (.text:prvHeapInit)
                  000045a4    00000030     rtsv7M4_T_le_v4SPD16_eabi.lib : strncpy.obj (.text)
                  000045d4    0000002e                                   : i_tofd_t2.obj (.text)
                  00004602    00000002     --HOLE-- [fill = 0]
                  00004604    0000002c     port.obj (.text:xPortSysTickHandler)
                  00004630    00000028     tasks.obj (.text:prvResetNextTaskUnblockTime)
                  00004658    00000028     port.obj (.text:pxPortInitialiseStack)
                  00004680    00000026     queue.obj (.text:prvCopyDataFromQueue)
                  000046a6    00000020     rtsv7M4_T_le_v4SPD16_eabi.lib : memchr.obj (.text)
                  000046c6    00000020     list.obj (.text:uxListRemove)
                  000046e6    0000001e     driverlib.lib : pwm.obj (.text:PWMPulseWidthSet)
                  00004704    0000001c     queue.obj (.text:prvIsQueueFull)
                  00004720    0000001c     rtsv7M4_T_le_v4SPD16_eabi.lib : memccpy.obj (.text)
                  0000473c    0000001c     port.obj (.text:vPortEnterCritical)
                  00004758    0000001a     queue.obj (.text:prvIsQueueEmpty)
                  00004772    00000002     --HOLE-- [fill = 0]
                  00004774    00000018     tasks.obj (.text:pvTaskIncrementMutexHeldCount)
                  0000478c    00000018     rtsv7M4_T_le_v4SPD16_eabi.lib : args_main.obj (.text)
                  000047a4    00000018                                   : strcmp.obj (.text)
                  000047bc    00000018     list.obj (.text:vListInsertEnd)
                  000047d4    00000018     port.obj (.text:vPortExitCritical)
                  000047ec    00000018     tasks.obj (.text:vTaskSetTimeOutState)
                  00004804    00000016     rtsv7M4_T_le_v4SPD16_eabi.lib : strchr.obj (.text)
                  0000481a    00000016     list.obj (.text:vListInitialise)
                  00004830    00000014     rtsv7M4_T_le_v4SPD16_eabi.lib : _lock.obj (.text)
                  00004844    00000014                                   : s_copysign.obj (.text)
                  00004858    00000014                                   : strcpy.obj (.text)
                  0000486c    00000014                                   : strlen.obj (.text)
                  00004880    00000014     port.obj (.text:vPortSetupTimerInterrupt)
                  00004894    00000012     driverlib.lib : pwm.obj (.text:PWMOutputState)
                  000048a6    00000012     tasks.obj (.text:prvDeleteTCB)
                  000048b8    00000010     port.obj (.text:prvTaskExitError)
                  000048c8    00000010     tasks.obj (.text:vTaskSuspendAll)
                  000048d8    0000000e     rtsv7M4_T_le_v4SPD16_eabi.lib : copy_decompress_none.obj (.text:decompress:none)
                  000048e6    0000000c     driverlib.lib : pwm.obj (.text:PWMGenEnable)
                  000048f2    00000002     --HOLE-- [fill = 0]
                  000048f4    0000000c     tasks.obj (.text:vTaskMissedYield)
                  00004900    0000000c     tasks.obj (.text:xTaskGetTickCount)
                  0000490c    00000008     tasks.obj (.text:prvIdleTask)
                  00004914    00000006     driverlib.lib : gpio.obj (.text:GPIOPinRead)
                  0000491a    00000006     startup_ccs.obj (.text:ResetISR)
                  00004920    00000006     driverlib.lib : uart.obj (.text:UARTClockSourceSet)
                  00004926    00000006     rtsv7M4_T_le_v4SPD16_eabi.lib : copy_decompress_rle.obj (.text:decompress:rle24)
                  0000492c    00000006     list.obj (.text:vListInitialiseItem)
                  00004932    00000004     rtsv7M4_T_le_v4SPD16_eabi.lib : pre_init.obj (.text)

.const     0    00004938    00000120     
                  00004938    00000101     rtsv7M4_T_le_v4SPD16_eabi.lib : ctype.obj (.const:.string:_ctypes_)
                  00004a39    00000003     --HOLE-- [fill = 0]
                  00004a3c    0000000c     project.obj (.const:g_ui32UARTBase)
                  00004a48    0000000c     project.obj (.const:g_ui32UARTPeriph)
                  00004a54    00000004     port.obj (.const)

.cinit     0    00004a58    000000b4     
                  00004a58    0000008b     (.cinit..data.load) [load image, compression = rle]
                  00004ae3    00000005     --HOLE-- [fill = 0]
                  00004ae8    0000000b     (.cinit..bss.load) [load image, compression = rle]
                  00004af3    00000001     --HOLE-- [fill = 0]
                  00004af4    00000008     (__TI_handler_table)
                  00004afc    00000010     (__TI_cinit_table)

.init_array 
*          0    00000000    00000000     UNINITIALIZED

.bss       0    20000000    000078bd     UNINITIALIZED
                  20000000    00007530     heap_2.obj (.bss:ucHeap)
                  20007530    00000140     tasks.obj (.bss:pxReadyTasksLists)
                  20007670    00000120     rtsv7M4_T_le_v4SPD16_eabi.lib : trgmsg.obj (.bss:_CIOBUF_)
                  20007790    000000a0     (.common:__TI_tmpnams)
                  20007830    00000014     tasks.obj (.bss:xDelayedTaskList1)
                  20007844    00000014     tasks.obj (.bss:xDelayedTaskList2)
                  20007858    00000014     tasks.obj (.bss:xPendingReadyList)
                  2000786c    00000014     tasks.obj (.bss:xSuspendedTaskList)
                  20007880    00000014     tasks.obj (.bss:xTasksWaitingTermination)
                  20007894    00000008     rtsv7M4_T_le_v4SPD16_eabi.lib : trgdrv.obj (.bss:parmbuf)
                  2000789c    00000008     tasks.obj (.bss)
                  200078a4    00000008     heap_2.obj (.bss:xEnd)
                  200078ac    00000008     heap_2.obj (.bss:xStart)
                  200078b4    00000004     (.common:g_pPWMQueue)
                  200078b8    00000004     (.common:g_pUARTSemaphore)
                  200078bc    00000001     (.common:dutyMain)

.data      0    200078c0    00000240     UNINITIALIZED
                  200078c0    000000f0     rtsv7M4_T_le_v4SPD16_eabi.lib : defs.obj (.data:_ftable)
                  200079b0    000000d0                                   : lowlev.obj (.data:$O1$$)
                  20007a80    00000030     tasks.obj (.data)
                  20007ab0    00000010     rtsv7M4_T_le_v4SPD16_eabi.lib : defs.obj (.data)
                  20007ac0    0000000c                                   : exit.obj (.data:$O1$$)
                  20007acc    0000000c                                   : memory.obj (.data:$O1$$)
                  20007ad8    00000008                                   : _lock.obj (.data:$O1$$)
                  20007ae0    00000008     heap_2.obj (.data)
                  20007ae8    00000005     project.obj (.data)
                  20007aed    00000003     buttons.obj (.data)
                  20007af0    00000004     port.obj (.data)
                  20007af4    00000004     rtsv7M4_T_le_v4SPD16_eabi.lib : errno.obj (.data)
                  20007af8    00000004                                   : fopen.obj (.data)
                  20007afc    00000004                                   : stkdepth_vars.obj (.data)

.stack     0    20007b00    00000200     UNINITIALIZED
                  20007b00    00000200     --HOLE--

.sysmem    0    20007d00    00000200     UNINITIALIZED
                  20007d00    00000008     rtsv7M4_T_le_v4SPD16_eabi.lib : memory.obj (.sysmem)
                  20007d08    000001f8     --HOLE--

MODULE SUMMARY

       Module                     code    ro data   rw data
       ------                     ----    -------   -------
    .\
       startup_ccs.obj            12      620       0      
       pwm_task.obj               548     0         5      
       project.obj                374     24        9      
       switch_task.obj            328     0         0      
    +--+--------------------------+-------+---------+---------+
       Total:                     1262    644       14     
                                                           
    .\drivers\
       buttons.obj                236     0         3      
    +--+--------------------------+-------+---------+---------+
       Total:                     236     0         3      
                                                           
    .\third_party\FreeRTOS\Source\
       tasks.obj                  2240    0         476    
       queue.obj                  1088    0         0      
       list.obj                   140     0         0      
    +--+--------------------------+-------+---------+---------+
       Total:                     3468    0         476    
                                                           
    .\third_party\FreeRTOS\Source\portable\CCS\ARM_CM4F\
       port.obj                   236     4         4      
       portasm.obj                210     0         0      
    +--+--------------------------+-------+---------+---------+
       Total:                     446     4         4      
                                                           
    .\third_party\FreeRTOS\Source\portable\MemMang\
       heap_2.obj                 288     0         30024  
    +--+--------------------------+-------+---------+---------+
       Total:                     288     0         30024  
                                                           
    C:\ti\ccsv6\tools\compiler\ti-cgt-arm_15.12.1.LTS\lib\rtsv7M4_T_le_v4SPD16_eabi.lib
       _printfi.obj               4368    0         0      
       memory.obj                 988     0         12     
       lowlev.obj                 780     0         208    
       trgdrv.obj                 804     0         8      
       ull_div_t2.obj             500     0         0      
       fopen.obj                  452     0         4      
       fd_add_t2.obj              438     0         0      
       defs.obj                   0       0         416    
       trgmsg.obj                 104     0         288    
       fd_div_t2.obj              310     0         0      
       fputs.obj                  308     0         0      
       fd_cmp_t2.obj              268     0         0      
       ctype.obj                  0       257       0      
       fd_mul_t2.obj              252     0         0      
       s_scalbn.obj               252     0         0      
       setvbuf.obj                220     0         0      
       fflush.obj                 200     0         0      
       _io_perm.obj               172     0         0      
       memcpy_t2.obj              156     0         0      
       fclose.obj                 152     0         0      
       fputc.obj                  152     0         0      
       memset_t2.obj              122     0         0      
       autoinit.obj               112     0         0      
       copy_decompress_rle.obj    112     0         0      
       printf.obj                 112     0         0      
       fseek.obj                  100     0         0      
       s_frexp.obj                100     0         0      
       exit.obj                   84      0         12     
       ltoa.obj                   86      0         0      
       boot.obj                   84      0         0      
       atoi.obj                   76      0         0      
       cpy_tbl.obj                76      0         0      
       fd_toi_t2.obj              72      0         0      
       strncpy.obj                48      0         0      
       i_tofd_t2.obj              46      0         0      
       memchr.obj                 32      0         0      
       _lock.obj                  20      0         8      
       memccpy.obj                28      0         0      
       args_main.obj              24      0         0      
       strcmp.obj                 24      0         0      
       strchr.obj                 22      0         0      
       s_copysign.obj             20      0         0      
       strcpy.obj                 20      0         0      
       strlen.obj                 20      0         0      
       copy_decompress_none.obj   14      0         0      
       errno.obj                  0       0         4      
       pre_init.obj               4       0         0      
       stkdepth_vars.obj          0       0         4      
       mpu_init.obj               2       0         0      
       startup.obj                2       0         0      
    +--+--------------------------+-------+---------+---------+
       Total:                     12338   257       964    
                                                           
    c:/ti/TivaWare_C_Series-2.1.3.156/driverlib/ccs/Debug/driverlib.lib
       pwm.obj                    60      0         0      
       gpio.obj                   6       0         0      
       uart.obj                   6       0         0      
    +--+--------------------------+-------+---------+---------+
       Total:                     72      0         0      
                                                           
       Heap:                      0       0         512    
       Stack:                     0       0         512    
       Linker Generated:          0       174       0      
    +--+--------------------------+-------+---------+---------+
       Grand Total:               18110   1079      32509  


LINKER GENERATED COPY TABLES

__TI_cinit_table @ 00004afc records: 2, size/record: 8, table size: 16
	.data: load addr=00004a58, load size=0000008b bytes, run addr=200078c0, run size=00000240 bytes, compression=rle
	.bss: load addr=00004ae8, load size=0000000b bytes, run addr=20000000, run size=000078bd bytes, compression=rle


LINKER GENERATED HANDLER TABLE

__TI_handler_table @ 00004af4 records: 2, size/record: 4, table size: 8
	index: 0, handler: __TI_decompress_rle24
	index: 1, handler: __TI_decompress_none


GLOBAL SYMBOLS: SORTED ALPHABETICALLY BY Name 

address   name                           
-------   ----                           
00003c99  ButtonsInit                    
000037e5  ButtonsPoll                    
000041d5  C$$EXIT                        
00003d2f  C$$IO$$                        
00003d69  ConfigureUART                  
00004915  GPIOPinRead                    
00001a2f  HOSTclock                      
000019f7  HOSTclose                      
000019b9  HOSTgetenv                     
0000195d  HOSTlseek                      
0000190b  HOSTopen                       
000018bf  HOSTread                       
00001861  HOSTrename                     
00001827  HOSTtime                       
000017dd  HOSTtime64                     
000017a5  HOSTunlink                     
00001759  HOSTwrite                      
000048e7  PWMGenEnable                   
00004895  PWMOutputState                 
000046e7  PWMPulseWidthSet               
000022f9  PWMTaskInit                    
0000491b  ResetISR                       
UNDEFED   SHT$$INIT_ARRAY$$Base          
UNDEFED   SHT$$INIT_ARRAY$$Limit         
0000427d  SwitchTaskInit                 
00004921  UARTClockSourceSet             
00003f5d  UARTStdioConfig                
20007670  __CIOBUF_                      
20007d00  __STACK_END                    
00000200  __STACK_SIZE                   
20007d00  __STACK_TOP                    
00000200  __SYSMEM_SIZE                  
00004afc  __TI_CINIT_Base                
00004b0c  __TI_CINIT_Limit               
00004af4  __TI_Handler_Table_Base        
00004afc  __TI_Handler_Table_Limit       
00003b4d  __TI_auto_init                 
00002045  __TI_cleanup                   
20007ac0  __TI_cleanup_ptr               
00003489  __TI_closefile                 
000048d9  __TI_decompress_none           
00004927  __TI_decompress_rle24          
0000311d  __TI_doflush                   
20007ac4  __TI_dtors_ptr                 
20007ac8  __TI_enable_exit_profile_output
20007ab0  __TI_ft_end                    
ffffffff  __TI_pprof_out_hndl            
00001077  __TI_printfi                   
ffffffff  __TI_prof_data_size            
ffffffff  __TI_prof_data_start           
000033a3  __TI_rd_ok                     
00003d33  __TI_readmsg                   
00000000  __TI_static_base__             
20007790  __TI_tmpnams                   
00003d01  __TI_writemsg                  
00003341  __TI_wrt_ok                    
000036d9  __aeabi_cdcmpeq                
000036d9  __aeabi_cdcmple                
0000375f  __aeabi_cdrcmple               
000043f9  __aeabi_d2iz                   
0000214b  __aeabi_dadd                   
0000244d  __aeabi_ddiv                   
00002ad9  __aeabi_dmul                   
00002141  __aeabi_dsub                   
000045d5  __aeabi_i2d                    
000039e9  __aeabi_memclr                 
000039e9  __aeabi_memclr4                
000039e9  __aeabi_memclr8                
000033ed  __aeabi_memcpy                 
000033ed  __aeabi_memcpy4                
000033ed  __aeabi_memcpy8                
000039eb  __aeabi_memset                 
000039eb  __aeabi_memset4                
000039eb  __aeabi_memset8                
20007abc  __aeabi_stderr                 
20007ab4  __aeabi_stdin                  
20007ab8  __aeabi_stdout                 
00001d89  __aeabi_uldivmod               
ffffffff  __binit__                      
ffffffff  __c_args__                     
00003a63  __mpu_init                     
20007b00  __stack                        
0000478d  _args_main                     
00004181  _c_int00                       
00004938  _ctypes_                       
200078c0  _ftable                        
20007ad8  _lock                          
0000483f  _nop                           
00004837  _register_lock                 
00004831  _register_unlock               
20007d00  _sys_memory                    
00003b4b  _system_post_cinit             
00004933  _system_pre_init               
20007adc  _unlock                        
000041d9  abort                          
00001cdd  add_device                     
00004315  atoi                           
ffffffff  binit                          
00001725  calloc                         
00001c8d  close                          
00004361  copy_in                        
00004845  copysign                       
00004845  copysignl                      
200078bc  dutyMain                       
20007af4  errno                          
000041e1  exit                           
000034ef  fclose                         
00003169  fflush                         
0000209b  fopen                          
00003521  fputc                          
00002585  fputs                          
00001473  free                           
00002071  freopen                        
00003e31  frexp                          
00003e31  frexpl                         
00003dcd  fseek                          
200078b4  g_pPWMQueue                    
200078b8  g_pUARTSemaphore               
00000000  g_pfnVectors                   
00002bd5  ldexp                          
00002bd5  ldexpl                         
00001c69  lseek                          
000040d5  ltoa                           
000031e5  main                           
20007afc  main_func_sp                   
0000140b  malloc                         
00001641  memalign                       
00004721  memccpy                        
000046a7  memchr                         
000033ed  memcpy                         
000039f1  memset                         
0000137d  minit                          
00001bbb  open                           
00003bc5  printf                         
00003521  putc                           
000035a5  putchar                        
00002691  puts                           
00003295  pvPortMalloc                   
00004775  pvTaskIncrementMutexHeldCount  
20007a80  pxCurrentTCB                   
00004659  pxPortInitialiseStack          
00001b97  read                           
00001535  realloc                        
00001b0d  remove                         
00001b6f  remove_device                  
00001b31  rename                         
00002bd5  scalbn                         
00002bd5  scalbnl                        
00002e9d  setvbuf                        
00004805  strchr                         
000047a5  strcmp                         
00004859  strcpy                         
0000486d  strlen                         
000045a5  strncpy                        
00004a54  ulMaxSyscallInterruptPriority  
00002f89  ulPortGetIPSR                  
00001b0d  unlink                         
000046c7  uxListRemove                   
00003c97  vApplicationStackOverflowHook  
0000481b  vListInitialise                
0000492d  vListInitialiseItem            
0000453b  vListInsert                    
000047bd  vListInsertEnd                 
0000303d  vPortEnableVFP                 
0000473d  vPortEnterCritical             
000047d5  vPortExitCritical              
00004441  vPortFree                      
00003001  vPortSVCHandler                
00004881  vPortSetupTimerInterrupt       
00003021  vPortStartFirstTask            
000038ed  vTaskDelayUntil                
000048f5  vTaskMissedYield               
00003e95  vTaskPlaceOnEventList          
000035b9  vTaskPriorityInherit           
000047ed  vTaskSetTimeOutState           
0000401d  vTaskStartScheduler            
000048c9  vTaskSuspendAll                
0000364d  vTaskSwitchContext             
00001a7d  write                          
00002fa1  xPortPendSVHandler             
00004485  xPortStartScheduler            
00004605  xPortSysTickHandler            
000043ad  xQueueCreateMutex              
000044c5  xQueueGenericCreate            
000026b9  xQueueGenericReceive           
00003869  xQueueGenericReset             
00002cd1  xQueueGenericSend              
00004229  xTaskCheckForTimeOut           
000027d5  xTaskGenericCreate             
00004901  xTaskGetTickCount              
000028d9  xTaskIncrementTick             
0000396d  xTaskPriorityDisinherit        
00003a65  xTaskRemoveFromEventList       
00002db9  xTaskResumeAll                 


GLOBAL SYMBOLS: SORTED BY Symbol Address 

address   name                           
-------   ----                           
00000000  __TI_static_base__             
00000000  g_pfnVectors                   
00000200  __STACK_SIZE                   
00000200  __SYSMEM_SIZE                  
00001077  __TI_printfi                   
0000137d  minit                          
0000140b  malloc                         
00001473  free                           
00001535  realloc                        
00001641  memalign                       
00001725  calloc                         
00001759  HOSTwrite                      
000017a5  HOSTunlink                     
000017dd  HOSTtime64                     
00001827  HOSTtime                       
00001861  HOSTrename                     
000018bf  HOSTread                       
0000190b  HOSTopen                       
0000195d  HOSTlseek                      
000019b9  HOSTgetenv                     
000019f7  HOSTclose                      
00001a2f  HOSTclock                      
00001a7d  write                          
00001b0d  remove                         
00001b0d  unlink                         
00001b31  rename                         
00001b6f  remove_device                  
00001b97  read                           
00001bbb  open                           
00001c69  lseek                          
00001c8d  close                          
00001cdd  add_device                     
00001d89  __aeabi_uldivmod               
00002045  __TI_cleanup                   
00002071  freopen                        
0000209b  fopen                          
00002141  __aeabi_dsub                   
0000214b  __aeabi_dadd                   
000022f9  PWMTaskInit                    
0000244d  __aeabi_ddiv                   
00002585  fputs                          
00002691  puts                           
000026b9  xQueueGenericReceive           
000027d5  xTaskGenericCreate             
000028d9  xTaskIncrementTick             
00002ad9  __aeabi_dmul                   
00002bd5  ldexp                          
00002bd5  ldexpl                         
00002bd5  scalbn                         
00002bd5  scalbnl                        
00002cd1  xQueueGenericSend              
00002db9  xTaskResumeAll                 
00002e9d  setvbuf                        
00002f89  ulPortGetIPSR                  
00002fa1  xPortPendSVHandler             
00003001  vPortSVCHandler                
00003021  vPortStartFirstTask            
0000303d  vPortEnableVFP                 
0000311d  __TI_doflush                   
00003169  fflush                         
000031e5  main                           
00003295  pvPortMalloc                   
00003341  __TI_wrt_ok                    
000033a3  __TI_rd_ok                     
000033ed  __aeabi_memcpy                 
000033ed  __aeabi_memcpy4                
000033ed  __aeabi_memcpy8                
000033ed  memcpy                         
00003489  __TI_closefile                 
000034ef  fclose                         
00003521  fputc                          
00003521  putc                           
000035a5  putchar                        
000035b9  vTaskPriorityInherit           
0000364d  vTaskSwitchContext             
000036d9  __aeabi_cdcmpeq                
000036d9  __aeabi_cdcmple                
0000375f  __aeabi_cdrcmple               
000037e5  ButtonsPoll                    
00003869  xQueueGenericReset             
000038ed  vTaskDelayUntil                
0000396d  xTaskPriorityDisinherit        
000039e9  __aeabi_memclr                 
000039e9  __aeabi_memclr4                
000039e9  __aeabi_memclr8                
000039eb  __aeabi_memset                 
000039eb  __aeabi_memset4                
000039eb  __aeabi_memset8                
000039f1  memset                         
00003a63  __mpu_init                     
00003a65  xTaskRemoveFromEventList       
00003b4b  _system_post_cinit             
00003b4d  __TI_auto_init                 
00003bc5  printf                         
00003c97  vApplicationStackOverflowHook  
00003c99  ButtonsInit                    
00003d01  __TI_writemsg                  
00003d2f  C$$IO$$                        
00003d33  __TI_readmsg                   
00003d69  ConfigureUART                  
00003dcd  fseek                          
00003e31  frexp                          
00003e31  frexpl                         
00003e95  vTaskPlaceOnEventList          
00003f5d  UARTStdioConfig                
0000401d  vTaskStartScheduler            
000040d5  ltoa                           
00004181  _c_int00                       
000041d5  C$$EXIT                        
000041d9  abort                          
000041e1  exit                           
00004229  xTaskCheckForTimeOut           
0000427d  SwitchTaskInit                 
00004315  atoi                           
00004361  copy_in                        
000043ad  xQueueCreateMutex              
000043f9  __aeabi_d2iz                   
00004441  vPortFree                      
00004485  xPortStartScheduler            
000044c5  xQueueGenericCreate            
0000453b  vListInsert                    
000045a5  strncpy                        
000045d5  __aeabi_i2d                    
00004605  xPortSysTickHandler            
00004659  pxPortInitialiseStack          
000046a7  memchr                         
000046c7  uxListRemove                   
000046e7  PWMPulseWidthSet               
00004721  memccpy                        
0000473d  vPortEnterCritical             
00004775  pvTaskIncrementMutexHeldCount  
0000478d  _args_main                     
000047a5  strcmp                         
000047bd  vListInsertEnd                 
000047d5  vPortExitCritical              
000047ed  vTaskSetTimeOutState           
00004805  strchr                         
0000481b  vListInitialise                
00004831  _register_unlock               
00004837  _register_lock                 
0000483f  _nop                           
00004845  copysign                       
00004845  copysignl                      
00004859  strcpy                         
0000486d  strlen                         
00004881  vPortSetupTimerInterrupt       
00004895  PWMOutputState                 
000048c9  vTaskSuspendAll                
000048d9  __TI_decompress_none           
000048e7  PWMGenEnable                   
000048f5  vTaskMissedYield               
00004901  xTaskGetTickCount              
00004915  GPIOPinRead                    
0000491b  ResetISR                       
00004921  UARTClockSourceSet             
00004927  __TI_decompress_rle24          
0000492d  vListInitialiseItem            
00004933  _system_pre_init               
00004938  _ctypes_                       
00004a54  ulMaxSyscallInterruptPriority  
00004af4  __TI_Handler_Table_Base        
00004afc  __TI_CINIT_Base                
00004afc  __TI_Handler_Table_Limit       
00004b0c  __TI_CINIT_Limit               
20007670  __CIOBUF_                      
20007790  __TI_tmpnams                   
200078b4  g_pPWMQueue                    
200078b8  g_pUARTSemaphore               
200078bc  dutyMain                       
200078c0  _ftable                        
20007a80  pxCurrentTCB                   
20007ab0  __TI_ft_end                    
20007ab4  __aeabi_stdin                  
20007ab8  __aeabi_stdout                 
20007abc  __aeabi_stderr                 
20007ac0  __TI_cleanup_ptr               
20007ac4  __TI_dtors_ptr                 
20007ac8  __TI_enable_exit_profile_output
20007ad8  _lock                          
20007adc  _unlock                        
20007af4  errno                          
20007afc  main_func_sp                   
20007b00  __stack                        
20007d00  __STACK_END                    
20007d00  __STACK_TOP                    
20007d00  _sys_memory                    
ffffffff  __TI_pprof_out_hndl            
ffffffff  __TI_prof_data_size            
ffffffff  __TI_prof_data_start           
ffffffff  __binit__                      
ffffffff  __c_args__                     
ffffffff  binit                          
UNDEFED   SHT$$INIT_ARRAY$$Base          
UNDEFED   SHT$$INIT_ARRAY$$Limit         

[194 symbols]
