<?xml version="1.0"?>
<link_info>
   <banner>TI ARM Linker PC v15.12.1.LTS</banner>
   <copyright>Copyright (c) 1996-2015 Texas Instruments Incorporated</copyright>
   <link_time>0x59962e32</link_time>
   <link_errors>0x0</link_errors>
   <output_file>HelicopterController.out</output_file>
   <entry_point>
      <name>_c_int00</name>
      <address>0x4285</address>
   </entry_point>
   <input_file_list>
      <input_file id="fl-2">
         <path>.\</path>
         <kind>object</kind>
         <file>project.obj</file>
         <name>project.obj</name>
      </input_file>
      <input_file id="fl-3">
         <path>.\</path>
         <kind>object</kind>
         <file>pwm_task.obj</file>
         <name>pwm_task.obj</name>
      </input_file>
      <input_file id="fl-4">
         <path>.\</path>
         <kind>object</kind>
         <file>startup_ccs.obj</file>
         <name>startup_ccs.obj</name>
      </input_file>
      <input_file id="fl-5">
         <path>.\</path>
         <kind>object</kind>
         <file>switch_task.obj</file>
         <name>switch_task.obj</name>
      </input_file>
      <input_file id="fl-6">
         <path>.\drivers\</path>
         <kind>object</kind>
         <file>buttons.obj</file>
         <name>buttons.obj</name>
      </input_file>
      <input_file id="fl-7">
         <path>.\drivers\</path>
         <kind>object</kind>
         <file>rgb.obj</file>
         <name>rgb.obj</name>
      </input_file>
      <input_file id="fl-8">
         <path>.\third_party\FreeRTOS\Source\</path>
         <kind>object</kind>
         <file>list.obj</file>
         <name>list.obj</name>
      </input_file>
      <input_file id="fl-9">
         <path>.\third_party\FreeRTOS\Source\</path>
         <kind>object</kind>
         <file>queue.obj</file>
         <name>queue.obj</name>
      </input_file>
      <input_file id="fl-a">
         <path>.\third_party\FreeRTOS\Source\</path>
         <kind>object</kind>
         <file>tasks.obj</file>
         <name>tasks.obj</name>
      </input_file>
      <input_file id="fl-b">
         <path>.\third_party\FreeRTOS\Source\portable\CCS\ARM_CM4F\</path>
         <kind>object</kind>
         <file>port.obj</file>
         <name>port.obj</name>
      </input_file>
      <input_file id="fl-c">
         <path>.\third_party\FreeRTOS\Source\portable\CCS\ARM_CM4F\</path>
         <kind>object</kind>
         <file>portasm.obj</file>
         <name>portasm.obj</name>
      </input_file>
      <input_file id="fl-d">
         <path>.\third_party\FreeRTOS\Source\portable\MemMang\</path>
         <kind>object</kind>
         <file>heap_2.obj</file>
         <name>heap_2.obj</name>
      </input_file>
      <input_file id="fl-e">
         <path>.\utils\</path>
         <kind>object</kind>
         <file>ustdlib.obj</file>
         <name>ustdlib.obj</name>
      </input_file>
      <input_file id="fl-c9">
         <path>C:\ti\ccsv6\tools\compiler\ti-cgt-arm_15.12.1.LTS\lib\</path>
         <kind>archive</kind>
         <file>rtsv7M4_T_le_v4SPD16_eabi.lib</file>
         <name>boot.obj</name>
      </input_file>
      <input_file id="fl-ca">
         <path>C:\ti\ccsv6\tools\compiler\ti-cgt-arm_15.12.1.LTS\lib\</path>
         <kind>archive</kind>
         <file>rtsv7M4_T_le_v4SPD16_eabi.lib</file>
         <name>copy_decompress_none.obj</name>
      </input_file>
      <input_file id="fl-cb">
         <path>C:\ti\ccsv6\tools\compiler\ti-cgt-arm_15.12.1.LTS\lib\</path>
         <kind>archive</kind>
         <file>rtsv7M4_T_le_v4SPD16_eabi.lib</file>
         <name>copy_decompress_rle.obj</name>
      </input_file>
      <input_file id="fl-cc">
         <path>C:\ti\ccsv6\tools\compiler\ti-cgt-arm_15.12.1.LTS\lib\</path>
         <kind>archive</kind>
         <file>rtsv7M4_T_le_v4SPD16_eabi.lib</file>
         <name>copy_zero_init.obj</name>
      </input_file>
      <input_file id="fl-cd">
         <path>C:\ti\ccsv6\tools\compiler\ti-cgt-arm_15.12.1.LTS\lib\</path>
         <kind>archive</kind>
         <file>rtsv7M4_T_le_v4SPD16_eabi.lib</file>
         <name>defs.obj</name>
      </input_file>
      <input_file id="fl-ce">
         <path>C:\ti\ccsv6\tools\compiler\ti-cgt-arm_15.12.1.LTS\lib\</path>
         <kind>archive</kind>
         <file>rtsv7M4_T_le_v4SPD16_eabi.lib</file>
         <name>exit.obj</name>
      </input_file>
      <input_file id="fl-cf">
         <path>C:\ti\ccsv6\tools\compiler\ti-cgt-arm_15.12.1.LTS\lib\</path>
         <kind>archive</kind>
         <file>rtsv7M4_T_le_v4SPD16_eabi.lib</file>
         <name>fflush.obj</name>
      </input_file>
      <input_file id="fl-d0">
         <path>C:\ti\ccsv6\tools\compiler\ti-cgt-arm_15.12.1.LTS\lib\</path>
         <kind>archive</kind>
         <file>rtsv7M4_T_le_v4SPD16_eabi.lib</file>
         <name>fputs.obj</name>
      </input_file>
      <input_file id="fl-d1">
         <path>C:\ti\ccsv6\tools\compiler\ti-cgt-arm_15.12.1.LTS\lib\</path>
         <kind>archive</kind>
         <file>rtsv7M4_T_le_v4SPD16_eabi.lib</file>
         <name>fs_toull_t2.obj</name>
      </input_file>
      <input_file id="fl-d2">
         <path>C:\ti\ccsv6\tools\compiler\ti-cgt-arm_15.12.1.LTS\lib\</path>
         <kind>archive</kind>
         <file>rtsv7M4_T_le_v4SPD16_eabi.lib</file>
         <name>lowlev.obj</name>
      </input_file>
      <input_file id="fl-d3">
         <path>C:\ti\ccsv6\tools\compiler\ti-cgt-arm_15.12.1.LTS\lib\</path>
         <kind>archive</kind>
         <file>rtsv7M4_T_le_v4SPD16_eabi.lib</file>
         <name>memchr.obj</name>
      </input_file>
      <input_file id="fl-d4">
         <path>C:\ti\ccsv6\tools\compiler\ti-cgt-arm_15.12.1.LTS\lib\</path>
         <kind>archive</kind>
         <file>rtsv7M4_T_le_v4SPD16_eabi.lib</file>
         <name>memcpy_t2.obj</name>
      </input_file>
      <input_file id="fl-d5">
         <path>C:\ti\ccsv6\tools\compiler\ti-cgt-arm_15.12.1.LTS\lib\</path>
         <kind>archive</kind>
         <file>rtsv7M4_T_le_v4SPD16_eabi.lib</file>
         <name>memset_t2.obj</name>
      </input_file>
      <input_file id="fl-d6">
         <path>C:\ti\ccsv6\tools\compiler\ti-cgt-arm_15.12.1.LTS\lib\</path>
         <kind>archive</kind>
         <file>rtsv7M4_T_le_v4SPD16_eabi.lib</file>
         <name>mpu_init.obj</name>
      </input_file>
      <input_file id="fl-d7">
         <path>C:\ti\ccsv6\tools\compiler\ti-cgt-arm_15.12.1.LTS\lib\</path>
         <kind>archive</kind>
         <file>rtsv7M4_T_le_v4SPD16_eabi.lib</file>
         <name>pre_init.obj</name>
      </input_file>
      <input_file id="fl-d8">
         <path>C:\ti\ccsv6\tools\compiler\ti-cgt-arm_15.12.1.LTS\lib\</path>
         <kind>archive</kind>
         <file>rtsv7M4_T_le_v4SPD16_eabi.lib</file>
         <name>printf.obj</name>
      </input_file>
      <input_file id="fl-d9">
         <path>C:\ti\ccsv6\tools\compiler\ti-cgt-arm_15.12.1.LTS\lib\</path>
         <kind>archive</kind>
         <file>rtsv7M4_T_le_v4SPD16_eabi.lib</file>
         <name>stkdepth_vars.obj</name>
      </input_file>
      <input_file id="fl-da">
         <path>C:\ti\ccsv6\tools\compiler\ti-cgt-arm_15.12.1.LTS\lib\</path>
         <kind>archive</kind>
         <file>rtsv7M4_T_le_v4SPD16_eabi.lib</file>
         <name>strchr.obj</name>
      </input_file>
      <input_file id="fl-db">
         <path>C:\ti\ccsv6\tools\compiler\ti-cgt-arm_15.12.1.LTS\lib\</path>
         <kind>archive</kind>
         <file>rtsv7M4_T_le_v4SPD16_eabi.lib</file>
         <name>strcmp.obj</name>
      </input_file>
      <input_file id="fl-dc">
         <path>C:\ti\ccsv6\tools\compiler\ti-cgt-arm_15.12.1.LTS\lib\</path>
         <kind>archive</kind>
         <file>rtsv7M4_T_le_v4SPD16_eabi.lib</file>
         <name>strlen.obj</name>
      </input_file>
      <input_file id="fl-dd">
         <path>C:\ti\ccsv6\tools\compiler\ti-cgt-arm_15.12.1.LTS\lib\</path>
         <kind>archive</kind>
         <file>rtsv7M4_T_le_v4SPD16_eabi.lib</file>
         <name>strncpy.obj</name>
      </input_file>
      <input_file id="fl-de">
         <path>C:\ti\ccsv6\tools\compiler\ti-cgt-arm_15.12.1.LTS\lib\</path>
         <kind>archive</kind>
         <file>rtsv7M4_T_le_v4SPD16_eabi.lib</file>
         <name>trgdrv.obj</name>
      </input_file>
      <input_file id="fl-df">
         <path>C:\ti\ccsv6\tools\compiler\ti-cgt-arm_15.12.1.LTS\lib\</path>
         <kind>archive</kind>
         <file>rtsv7M4_T_le_v4SPD16_eabi.lib</file>
         <name>trgmsg.obj</name>
      </input_file>
      <input_file id="fl-e0">
         <path>C:\ti\ccsv6\tools\compiler\ti-cgt-arm_15.12.1.LTS\lib\</path>
         <kind>archive</kind>
         <file>rtsv7M4_T_le_v4SPD16_eabi.lib</file>
         <name>u_divt2.obj</name>
      </input_file>
      <input_file id="fl-e1">
         <path>C:\ti\ccsv6\tools\compiler\ti-cgt-arm_15.12.1.LTS\lib\</path>
         <kind>archive</kind>
         <file>rtsv7M4_T_le_v4SPD16_eabi.lib</file>
         <name>_io_perm.obj</name>
      </input_file>
      <input_file id="fl-e2">
         <path>C:\ti\ccsv6\tools\compiler\ti-cgt-arm_15.12.1.LTS\lib\</path>
         <kind>archive</kind>
         <file>rtsv7M4_T_le_v4SPD16_eabi.lib</file>
         <name>_lock.obj</name>
      </input_file>
      <input_file id="fl-e3">
         <path>C:\ti\ccsv6\tools\compiler\ti-cgt-arm_15.12.1.LTS\lib\</path>
         <kind>archive</kind>
         <file>rtsv7M4_T_le_v4SPD16_eabi.lib</file>
         <name>_printfi.obj</name>
      </input_file>
      <input_file id="fl-e4">
         <path>C:\ti\ccsv6\tools\compiler\ti-cgt-arm_15.12.1.LTS\lib\</path>
         <kind>archive</kind>
         <file>rtsv7M4_T_le_v4SPD16_eabi.lib</file>
         <name>args_main.obj</name>
      </input_file>
      <input_file id="fl-e5">
         <path>C:\ti\ccsv6\tools\compiler\ti-cgt-arm_15.12.1.LTS\lib\</path>
         <kind>archive</kind>
         <file>rtsv7M4_T_le_v4SPD16_eabi.lib</file>
         <name>atoi.obj</name>
      </input_file>
      <input_file id="fl-e6">
         <path>C:\ti\ccsv6\tools\compiler\ti-cgt-arm_15.12.1.LTS\lib\</path>
         <kind>archive</kind>
         <file>rtsv7M4_T_le_v4SPD16_eabi.lib</file>
         <name>autoinit.obj</name>
      </input_file>
      <input_file id="fl-e7">
         <path>C:\ti\ccsv6\tools\compiler\ti-cgt-arm_15.12.1.LTS\lib\</path>
         <kind>archive</kind>
         <file>rtsv7M4_T_le_v4SPD16_eabi.lib</file>
         <name>cpy_tbl.obj</name>
      </input_file>
      <input_file id="fl-e8">
         <path>C:\ti\ccsv6\tools\compiler\ti-cgt-arm_15.12.1.LTS\lib\</path>
         <kind>archive</kind>
         <file>rtsv7M4_T_le_v4SPD16_eabi.lib</file>
         <name>ctype.obj</name>
      </input_file>
      <input_file id="fl-e9">
         <path>C:\ti\ccsv6\tools\compiler\ti-cgt-arm_15.12.1.LTS\lib\</path>
         <kind>archive</kind>
         <file>rtsv7M4_T_le_v4SPD16_eabi.lib</file>
         <name>fd_add_t2.obj</name>
      </input_file>
      <input_file id="fl-ea">
         <path>C:\ti\ccsv6\tools\compiler\ti-cgt-arm_15.12.1.LTS\lib\</path>
         <kind>archive</kind>
         <file>rtsv7M4_T_le_v4SPD16_eabi.lib</file>
         <name>fd_cmp_t2.obj</name>
      </input_file>
      <input_file id="fl-eb">
         <path>C:\ti\ccsv6\tools\compiler\ti-cgt-arm_15.12.1.LTS\lib\</path>
         <kind>archive</kind>
         <file>rtsv7M4_T_le_v4SPD16_eabi.lib</file>
         <name>fd_div_t2.obj</name>
      </input_file>
      <input_file id="fl-ec">
         <path>C:\ti\ccsv6\tools\compiler\ti-cgt-arm_15.12.1.LTS\lib\</path>
         <kind>archive</kind>
         <file>rtsv7M4_T_le_v4SPD16_eabi.lib</file>
         <name>fd_mul_t2.obj</name>
      </input_file>
      <input_file id="fl-ed">
         <path>C:\ti\ccsv6\tools\compiler\ti-cgt-arm_15.12.1.LTS\lib\</path>
         <kind>archive</kind>
         <file>rtsv7M4_T_le_v4SPD16_eabi.lib</file>
         <name>fd_toi_t2.obj</name>
      </input_file>
      <input_file id="fl-ee">
         <path>C:\ti\ccsv6\tools\compiler\ti-cgt-arm_15.12.1.LTS\lib\</path>
         <kind>archive</kind>
         <file>rtsv7M4_T_le_v4SPD16_eabi.lib</file>
         <name>fputc.obj</name>
      </input_file>
      <input_file id="fl-ef">
         <path>C:\ti\ccsv6\tools\compiler\ti-cgt-arm_15.12.1.LTS\lib\</path>
         <kind>archive</kind>
         <file>rtsv7M4_T_le_v4SPD16_eabi.lib</file>
         <name>fseek.obj</name>
      </input_file>
      <input_file id="fl-f0">
         <path>C:\ti\ccsv6\tools\compiler\ti-cgt-arm_15.12.1.LTS\lib\</path>
         <kind>archive</kind>
         <file>rtsv7M4_T_le_v4SPD16_eabi.lib</file>
         <name>i_div0.obj</name>
      </input_file>
      <input_file id="fl-f1">
         <path>C:\ti\ccsv6\tools\compiler\ti-cgt-arm_15.12.1.LTS\lib\</path>
         <kind>archive</kind>
         <file>rtsv7M4_T_le_v4SPD16_eabi.lib</file>
         <name>i_tofd_t2.obj</name>
      </input_file>
      <input_file id="fl-f2">
         <path>C:\ti\ccsv6\tools\compiler\ti-cgt-arm_15.12.1.LTS\lib\</path>
         <kind>archive</kind>
         <file>rtsv7M4_T_le_v4SPD16_eabi.lib</file>
         <name>ltoa.obj</name>
      </input_file>
      <input_file id="fl-f3">
         <path>C:\ti\ccsv6\tools\compiler\ti-cgt-arm_15.12.1.LTS\lib\</path>
         <kind>archive</kind>
         <file>rtsv7M4_T_le_v4SPD16_eabi.lib</file>
         <name>memccpy.obj</name>
      </input_file>
      <input_file id="fl-f4">
         <path>C:\ti\ccsv6\tools\compiler\ti-cgt-arm_15.12.1.LTS\lib\</path>
         <kind>archive</kind>
         <file>rtsv7M4_T_le_v4SPD16_eabi.lib</file>
         <name>s_frexp.obj</name>
      </input_file>
      <input_file id="fl-f5">
         <path>C:\ti\ccsv6\tools\compiler\ti-cgt-arm_15.12.1.LTS\lib\</path>
         <kind>archive</kind>
         <file>rtsv7M4_T_le_v4SPD16_eabi.lib</file>
         <name>s_scalbn.obj</name>
      </input_file>
      <input_file id="fl-f6">
         <path>C:\ti\ccsv6\tools\compiler\ti-cgt-arm_15.12.1.LTS\lib\</path>
         <kind>archive</kind>
         <file>rtsv7M4_T_le_v4SPD16_eabi.lib</file>
         <name>setvbuf.obj</name>
      </input_file>
      <input_file id="fl-f7">
         <path>C:\ti\ccsv6\tools\compiler\ti-cgt-arm_15.12.1.LTS\lib\</path>
         <kind>archive</kind>
         <file>rtsv7M4_T_le_v4SPD16_eabi.lib</file>
         <name>startup.obj</name>
      </input_file>
      <input_file id="fl-f8">
         <path>C:\ti\ccsv6\tools\compiler\ti-cgt-arm_15.12.1.LTS\lib\</path>
         <kind>archive</kind>
         <file>rtsv7M4_T_le_v4SPD16_eabi.lib</file>
         <name>strcpy.obj</name>
      </input_file>
      <input_file id="fl-f9">
         <path>C:\ti\ccsv6\tools\compiler\ti-cgt-arm_15.12.1.LTS\lib\</path>
         <kind>archive</kind>
         <file>rtsv7M4_T_le_v4SPD16_eabi.lib</file>
         <name>ull_div_t2.obj</name>
      </input_file>
      <input_file id="fl-fa">
         <path>C:\ti\ccsv6\tools\compiler\ti-cgt-arm_15.12.1.LTS\lib\</path>
         <kind>archive</kind>
         <file>rtsv7M4_T_le_v4SPD16_eabi.lib</file>
         <name>errno.obj</name>
      </input_file>
      <input_file id="fl-fb">
         <path>C:\ti\ccsv6\tools\compiler\ti-cgt-arm_15.12.1.LTS\lib\</path>
         <kind>archive</kind>
         <file>rtsv7M4_T_le_v4SPD16_eabi.lib</file>
         <name>fopen.obj</name>
      </input_file>
      <input_file id="fl-fc">
         <path>C:\ti\ccsv6\tools\compiler\ti-cgt-arm_15.12.1.LTS\lib\</path>
         <kind>archive</kind>
         <file>rtsv7M4_T_le_v4SPD16_eabi.lib</file>
         <name>memory.obj</name>
      </input_file>
      <input_file id="fl-fd">
         <path>C:\ti\ccsv6\tools\compiler\ti-cgt-arm_15.12.1.LTS\lib\</path>
         <kind>archive</kind>
         <file>rtsv7M4_T_le_v4SPD16_eabi.lib</file>
         <name>s_copysign.obj</name>
      </input_file>
      <input_file id="fl-fe">
         <path>C:\ti\ccsv6\tools\compiler\ti-cgt-arm_15.12.1.LTS\lib\</path>
         <kind>archive</kind>
         <file>rtsv7M4_T_le_v4SPD16_eabi.lib</file>
         <name>fclose.obj</name>
      </input_file>
      <input_file id="fl-ff">
         <path>C:\ti\ccsv6\tools\compiler\ti-cgt-arm_15.12.1.LTS\lib\</path>
         <kind>archive</kind>
         <file>rtsv7M4_T_le_v4SPD16_eabi.lib</file>
         <name>remove.obj</name>
      </input_file>
      <input_file id="fl-100">
         <path>c:\ti\TivaWare_C_Series-2.1.3.156\driverlib\ccs\Debug\</path>
         <kind>archive</kind>
         <file>driverlib.lib</file>
         <name>adc.obj</name>
      </input_file>
      <input_file id="fl-101">
         <path>c:\ti\TivaWare_C_Series-2.1.3.156\driverlib\ccs\Debug\</path>
         <kind>archive</kind>
         <file>driverlib.lib</file>
         <name>gpio.obj</name>
      </input_file>
      <input_file id="fl-102">
         <path>c:\ti\TivaWare_C_Series-2.1.3.156\driverlib\ccs\Debug\</path>
         <kind>archive</kind>
         <file>driverlib.lib</file>
         <name>interrupt.obj</name>
      </input_file>
      <input_file id="fl-103">
         <path>c:\ti\TivaWare_C_Series-2.1.3.156\driverlib\ccs\Debug\</path>
         <kind>archive</kind>
         <file>driverlib.lib</file>
         <name>pwm.obj</name>
      </input_file>
      <input_file id="fl-104">
         <path>c:\ti\TivaWare_C_Series-2.1.3.156\driverlib\ccs\Debug\</path>
         <kind>archive</kind>
         <file>driverlib.lib</file>
         <name>ssi.obj</name>
      </input_file>
      <input_file id="fl-105">
         <path>c:\ti\TivaWare_C_Series-2.1.3.156\driverlib\ccs\Debug\</path>
         <kind>archive</kind>
         <file>driverlib.lib</file>
         <name>sysctl.obj</name>
      </input_file>
      <input_file id="fl-106">
         <path>c:\ti\TivaWare_C_Series-2.1.3.156\driverlib\ccs\Debug\</path>
         <kind>archive</kind>
         <file>driverlib.lib</file>
         <name>uart.obj</name>
      </input_file>
      <input_file id="fl-107">
         <path>c:\ti\TivaWare_C_Series-2.1.3.156\driverlib\ccs\Debug\</path>
         <kind>archive</kind>
         <file>driverlib.lib</file>
         <name>cpu.obj</name>
      </input_file>
   </input_file_list>
   <object_component_list>
      <object_component id="oc-f">
         <name>.intvecs</name>
         <load_address>0x0</load_address>
         <run_address>0x0</run_address>
         <size>0x26c</size>
         <input_file_ref idref="fl-4"/>
      </object_component>
      <object_component id="oc-479">
         <name>.text</name>
         <load_address>0x26c</load_address>
         <run_address>0x26c</run_address>
         <size>0x1110</size>
         <input_file_ref idref="fl-e3"/>
      </object_component>
      <object_component id="oc-3c6">
         <name>.text</name>
         <load_address>0x137c</load_address>
         <run_address>0x137c</run_address>
         <size>0x3dc</size>
         <input_file_ref idref="fl-fc"/>
      </object_component>
      <object_component id="oc-3e5">
         <name>.text</name>
         <load_address>0x1758</load_address>
         <run_address>0x1758</run_address>
         <size>0x324</size>
         <input_file_ref idref="fl-de"/>
      </object_component>
      <object_component id="oc-1f7">
         <name>.text</name>
         <load_address>0x1a7c</load_address>
         <run_address>0x1a7c</run_address>
         <size>0x30c</size>
         <input_file_ref idref="fl-d2"/>
      </object_component>
      <object_component id="oc-4db">
         <name>.text</name>
         <load_address>0x1d88</load_address>
         <run_address>0x1d88</run_address>
         <size>0x1f4</size>
         <input_file_ref idref="fl-f9"/>
      </object_component>
      <object_component id="oc-3cc">
         <name>.text</name>
         <load_address>0x1f7c</load_address>
         <run_address>0x1f7c</run_address>
         <size>0x1c4</size>
         <input_file_ref idref="fl-fb"/>
      </object_component>
      <object_component id="oc-504">
         <name>.text</name>
         <load_address>0x2140</load_address>
         <run_address>0x2140</run_address>
         <size>0x1b6</size>
         <input_file_ref idref="fl-e9"/>
      </object_component>
      <object_component id="oc-4ea">
         <name>.text</name>
         <load_address>0x22f6</load_address>
         <run_address>0x22f6</run_address>
         <size>0x136</size>
         <input_file_ref idref="fl-eb"/>
      </object_component>
      <object_component id="oc-156">
         <name>.text</name>
         <load_address>0x242c</load_address>
         <run_address>0x242c</run_address>
         <size>0x134</size>
         <input_file_ref idref="fl-d0"/>
      </object_component>
      <object_component id="oc-2a5">
         <name>.text:GPIOPadConfigSet</name>
         <load_address>0x2560</load_address>
         <run_address>0x2560</run_address>
         <size>0x132</size>
         <input_file_ref idref="fl-101"/>
      </object_component>
      <object_component id="oc-3a">
         <name>.text:FaultISR</name>
         <load_address>0x2692</load_address>
         <run_address>0x2692</run_address>
         <size>0x2</size>
         <input_file_ref idref="fl-4"/>
      </object_component>
      <object_component id="oc-37c">
         <name>.text:xQueueGenericReceive</name>
         <load_address>0x2694</load_address>
         <run_address>0x2694</run_address>
         <size>0x11c</size>
         <input_file_ref idref="fl-9"/>
      </object_component>
      <object_component id="oc-168">
         <name>.text:PWMTaskInit</name>
         <load_address>0x27b0</load_address>
         <run_address>0x27b0</run_address>
         <size>0x10c</size>
         <input_file_ref idref="fl-3"/>
      </object_component>
      <object_component id="oc-254">
         <name>.text:xTaskGenericCreate</name>
         <load_address>0x28bc</load_address>
         <run_address>0x28bc</run_address>
         <size>0x104</size>
         <input_file_ref idref="fl-a"/>
      </object_component>
      <object_component id="oc-b0">
         <name>.text:xTaskIncrementTick</name>
         <load_address>0x29c0</load_address>
         <run_address>0x29c0</run_address>
         <size>0x104</size>
         <input_file_ref idref="fl-a"/>
      </object_component>
      <object_component id="oc-26a">
         <name>.text:SwitchTask</name>
         <load_address>0x2ac4</load_address>
         <run_address>0x2ac4</run_address>
         <size>0xfc</size>
         <input_file_ref idref="fl-5"/>
      </object_component>
      <object_component id="oc-4e5">
         <name>.text</name>
         <load_address>0x2bc0</load_address>
         <run_address>0x2bc0</run_address>
         <size>0xfc</size>
         <input_file_ref idref="fl-ec"/>
      </object_component>
      <object_component id="oc-50f">
         <name>.text</name>
         <load_address>0x2cbc</load_address>
         <run_address>0x2cbc</run_address>
         <size>0xfc</size>
         <input_file_ref idref="fl-f5"/>
      </object_component>
      <object_component id="oc-144">
         <name>.text:SysCtlClockSet</name>
         <load_address>0x2db8</load_address>
         <run_address>0x2db8</run_address>
         <size>0xf4</size>
         <input_file_ref idref="fl-105"/>
      </object_component>
      <object_component id="oc-210">
         <name>.text:xQueueGenericSend</name>
         <load_address>0x2eac</load_address>
         <run_address>0x2eac</run_address>
         <size>0xe8</size>
         <input_file_ref idref="fl-9"/>
      </object_component>
      <object_component id="oc-301">
         <name>.text:xTaskResumeAll</name>
         <load_address>0x2f94</load_address>
         <run_address>0x2f94</run_address>
         <size>0xe4</size>
         <input_file_ref idref="fl-a"/>
      </object_component>
      <object_component id="oc-2c1">
         <name>.text</name>
         <load_address>0x3078</load_address>
         <run_address>0x3078</run_address>
         <size>0xdc</size>
         <input_file_ref idref="fl-f6"/>
      </object_component>
      <object_component id="oc-46">
         <name>.text</name>
         <load_address>0x3154</load_address>
         <run_address>0x3154</run_address>
         <size>0xd2</size>
         <input_file_ref idref="fl-c"/>
      </object_component>
      <object_component id="oc-40">
         <name>.text:IntDefaultHandler</name>
         <load_address>0x3226</load_address>
         <run_address>0x3226</run_address>
         <size>0x2</size>
         <input_file_ref idref="fl-4"/>
      </object_component>
      <object_component id="oc-15c">
         <name>.text</name>
         <load_address>0x3228</load_address>
         <run_address>0x3228</run_address>
         <size>0xc8</size>
         <input_file_ref idref="fl-cf"/>
      </object_component>
      <object_component id="oc-204">
         <name>.text:pvPortMalloc</name>
         <load_address>0x32f0</load_address>
         <run_address>0x32f0</run_address>
         <size>0xac</size>
         <input_file_ref idref="fl-d"/>
      </object_component>
      <object_component id="oc-1e5">
         <name>.text</name>
         <load_address>0x339c</load_address>
         <run_address>0x339c</run_address>
         <size>0xac</size>
         <input_file_ref idref="fl-e1"/>
      </object_component>
      <object_component id="oc-54">
         <name>.text</name>
         <load_address>0x3448</load_address>
         <run_address>0x3448</run_address>
         <size>0x9c</size>
         <input_file_ref idref="fl-d4"/>
      </object_component>
      <object_component id="oc-499">
         <name>.text</name>
         <load_address>0x34e4</load_address>
         <run_address>0x34e4</run_address>
         <size>0x98</size>
         <input_file_ref idref="fl-fe"/>
      </object_component>
      <object_component id="oc-473">
         <name>.text</name>
         <load_address>0x357c</load_address>
         <run_address>0x357c</run_address>
         <size>0x98</size>
         <input_file_ref idref="fl-ee"/>
      </object_component>
      <object_component id="oc-e6">
         <name>.text:main</name>
         <load_address>0x3614</load_address>
         <run_address>0x3614</run_address>
         <size>0x94</size>
         <input_file_ref idref="fl-2"/>
      </object_component>
      <object_component id="oc-45b">
         <name>.text:vTaskPriorityInherit</name>
         <load_address>0x36a8</load_address>
         <run_address>0x36a8</run_address>
         <size>0x94</size>
         <input_file_ref idref="fl-a"/>
      </object_component>
      <object_component id="oc-390">
         <name>.text:ButtonsPoll</name>
         <load_address>0x373c</load_address>
         <run_address>0x373c</run_address>
         <size>0x8c</size>
         <input_file_ref idref="fl-6"/>
      </object_component>
      <object_component id="oc-a9">
         <name>.text:vTaskSwitchContext</name>
         <load_address>0x37c8</load_address>
         <run_address>0x37c8</run_address>
         <size>0x8c</size>
         <input_file_ref idref="fl-a"/>
      </object_component>
      <object_component id="oc-4e0">
         <name>.text:__aeabi_cdcmple</name>
         <load_address>0x3854</load_address>
         <run_address>0x3854</run_address>
         <size>0x86</size>
         <input_file_ref idref="fl-ea"/>
      </object_component>
      <object_component id="oc-4ef">
         <name>.text:__aeabi_cdrcmple</name>
         <load_address>0x38da</load_address>
         <run_address>0x38da</run_address>
         <size>0x86</size>
         <input_file_ref idref="fl-ea"/>
      </object_component>
      <object_component id="oc-35a">
         <name>.text:xQueueGenericReset</name>
         <load_address>0x3960</load_address>
         <run_address>0x3960</run_address>
         <size>0x84</size>
         <input_file_ref idref="fl-9"/>
      </object_component>
      <object_component id="oc-399">
         <name>.text:vTaskDelayUntil</name>
         <load_address>0x39e4</load_address>
         <run_address>0x39e4</run_address>
         <size>0x80</size>
         <input_file_ref idref="fl-a"/>
      </object_component>
      <object_component id="oc-42b">
         <name>.text:xTaskPriorityDisinherit</name>
         <load_address>0x3a64</load_address>
         <run_address>0x3a64</run_address>
         <size>0x7c</size>
         <input_file_ref idref="fl-a"/>
      </object_component>
      <object_component id="oc-6d">
         <name>.text</name>
         <load_address>0x3ae0</load_address>
         <run_address>0x3ae0</run_address>
         <size>0x7a</size>
         <input_file_ref idref="fl-d5"/>
      </object_component>
      <object_component id="oc-34">
         <name>.text:NmiSR</name>
         <load_address>0x3b5a</load_address>
         <run_address>0x3b5a</run_address>
         <size>0x2</size>
         <input_file_ref idref="fl-4"/>
      </object_component>
      <object_component id="oc-343">
         <name>.text:xTaskRemoveFromEventList</name>
         <load_address>0x3b5c</load_address>
         <run_address>0x3b5c</run_address>
         <size>0x74</size>
         <input_file_ref idref="fl-a"/>
      </object_component>
      <object_component id="oc-33d">
         <name>.text:prvCopyDataToQueue</name>
         <load_address>0x3bd0</load_address>
         <run_address>0x3bd0</run_address>
         <size>0x72</size>
         <input_file_ref idref="fl-9"/>
      </object_component>
      <object_component id="oc-79">
         <name>.text</name>
         <load_address>0x3c42</load_address>
         <run_address>0x3c42</run_address>
         <size>0x2</size>
         <input_file_ref idref="fl-d6"/>
      </object_component>
      <object_component id="oc-25d">
         <name>.text:PWMTask</name>
         <load_address>0x3c44</load_address>
         <run_address>0x3c44</run_address>
         <size>0x70</size>
         <input_file_ref idref="fl-3"/>
      </object_component>
      <object_component id="oc-85">
         <name>.text</name>
         <load_address>0x3cb4</load_address>
         <run_address>0x3cb4</run_address>
         <size>0x70</size>
         <input_file_ref idref="fl-e6"/>
      </object_component>
      <object_component id="oc-393">
         <name>.text</name>
         <load_address>0x3d24</load_address>
         <run_address>0x3d24</run_address>
         <size>0x70</size>
         <input_file_ref idref="fl-d8"/>
      </object_component>
      <object_component id="oc-60">
         <name>.text</name>
         <load_address>0x3d94</load_address>
         <run_address>0x3d94</run_address>
         <size>0x6a</size>
         <input_file_ref idref="fl-cb"/>
      </object_component>
      <object_component id="oc-de">
         <name>.text</name>
         <load_address>0x3dfe</load_address>
         <run_address>0x3dfe</run_address>
         <size>0x2</size>
         <input_file_ref idref="fl-f7"/>
      </object_component>
      <object_component id="oc-264">
         <name>.text:ButtonsInit</name>
         <load_address>0x3e00</load_address>
         <run_address>0x3e00</run_address>
         <size>0x68</size>
         <input_file_ref idref="fl-6"/>
      </object_component>
      <object_component id="oc-4aa">
         <name>.text</name>
         <load_address>0x3e68</load_address>
         <run_address>0x3e68</run_address>
         <size>0x68</size>
         <input_file_ref idref="fl-df"/>
      </object_component>
      <object_component id="oc-2bb">
         <name>.text</name>
         <load_address>0x3ed0</load_address>
         <run_address>0x3ed0</run_address>
         <size>0x64</size>
         <input_file_ref idref="fl-ef"/>
      </object_component>
      <object_component id="oc-509">
         <name>.text</name>
         <load_address>0x3f34</load_address>
         <run_address>0x3f34</run_address>
         <size>0x64</size>
         <input_file_ref idref="fl-f4"/>
      </object_component>
      <object_component id="oc-337">
         <name>.text:vTaskPlaceOnEventList</name>
         <load_address>0x3f98</load_address>
         <run_address>0x3f98</run_address>
         <size>0x64</size>
         <input_file_ref idref="fl-a"/>
      </object_component>
      <object_component id="oc-32b">
         <name>.text:prvUnlockQueue</name>
         <load_address>0x3ffc</load_address>
         <run_address>0x3ffc</run_address>
         <size>0x62</size>
         <input_file_ref idref="fl-9"/>
      </object_component>
      <object_component id="oc-110">
         <name>.text:vApplicationStackOverflowHook</name>
         <load_address>0x405e</load_address>
         <run_address>0x405e</run_address>
         <size>0x2</size>
         <input_file_ref idref="fl-2"/>
      </object_component>
      <object_component id="oc-1de">
         <name>.text:UARTStdioConfig</name>
         <load_address>0x4060</load_address>
         <run_address>0x4060</run_address>
         <size>0x60</size>
         <input_file_ref idref="fl-2"/>
      </object_component>
      <object_component id="oc-373">
         <name>.text:prvInitialiseTaskLists</name>
         <load_address>0x40c0</load_address>
         <run_address>0x40c0</run_address>
         <size>0x60</size>
         <input_file_ref idref="fl-a"/>
      </object_component>
      <object_component id="oc-174">
         <name>.text:vTaskStartScheduler</name>
         <load_address>0x4120</load_address>
         <run_address>0x4120</run_address>
         <size>0x60</size>
         <input_file_ref idref="fl-a"/>
      </object_component>
      <object_component id="oc-3ab">
         <name>.text:prvCheckTasksWaitingTermination</name>
         <load_address>0x4180</load_address>
         <run_address>0x4180</run_address>
         <size>0x58</size>
         <input_file_ref idref="fl-a"/>
      </object_component>
      <object_component id="oc-4f9">
         <name>.text</name>
         <load_address>0x41d8</load_address>
         <run_address>0x41d8</run_address>
         <size>0x56</size>
         <input_file_ref idref="fl-f2"/>
      </object_component>
      <object_component id="oc-367">
         <name>.text:prvInitialiseTCBVariables</name>
         <load_address>0x422e</load_address>
         <run_address>0x422e</run_address>
         <size>0x54</size>
         <input_file_ref idref="fl-a"/>
      </object_component>
      <object_component id="oc-24">
         <name>.text</name>
         <load_address>0x4284</load_address>
         <run_address>0x4284</run_address>
         <size>0x54</size>
         <input_file_ref idref="fl-c9"/>
      </object_component>
      <object_component id="oc-91">
         <name>.text</name>
         <load_address>0x42d8</load_address>
         <run_address>0x42d8</run_address>
         <size>0x54</size>
         <input_file_ref idref="fl-ce"/>
      </object_component>
      <object_component id="oc-325">
         <name>.text:xTaskCheckForTimeOut</name>
         <load_address>0x432c</load_address>
         <run_address>0x432c</run_address>
         <size>0x54</size>
         <input_file_ref idref="fl-a"/>
      </object_component>
      <object_component id="oc-150">
         <name>.text:ConfigureUART</name>
         <load_address>0x4380</load_address>
         <run_address>0x4380</run_address>
         <size>0x4c</size>
         <input_file_ref idref="fl-2"/>
      </object_component>
      <object_component id="oc-421">
         <name>.text:prvAddCurrentTaskToDelayedList</name>
         <load_address>0x43cc</load_address>
         <run_address>0x43cc</run_address>
         <size>0x4c</size>
         <input_file_ref idref="fl-a"/>
      </object_component>
      <object_component id="oc-51b">
         <name>.text</name>
         <load_address>0x4418</load_address>
         <run_address>0x4418</run_address>
         <size>0x4c</size>
         <input_file_ref idref="fl-e5"/>
      </object_component>
      <object_component id="oc-d8">
         <name>.text</name>
         <load_address>0x4464</load_address>
         <run_address>0x4464</run_address>
         <size>0x4c</size>
         <input_file_ref idref="fl-e7"/>
      </object_component>
      <object_component id="oc-162">
         <name>.text:xQueueCreateMutex</name>
         <load_address>0x44b0</load_address>
         <run_address>0x44b0</run_address>
         <size>0x4c</size>
         <input_file_ref idref="fl-9"/>
      </object_component>
      <object_component id="oc-1cc">
         <name>.text:GPIOPinConfigure</name>
         <load_address>0x44fc</load_address>
         <run_address>0x44fc</run_address>
         <size>0x48</size>
         <input_file_ref idref="fl-101"/>
      </object_component>
      <object_component id="oc-16e">
         <name>.text:SwitchTaskInit</name>
         <load_address>0x4544</load_address>
         <run_address>0x4544</run_address>
         <size>0x48</size>
         <input_file_ref idref="fl-5"/>
      </object_component>
      <object_component id="oc-4f4">
         <name>.text</name>
         <load_address>0x458c</load_address>
         <run_address>0x458c</run_address>
         <size>0x48</size>
         <input_file_ref idref="fl-ed"/>
      </object_component>
      <object_component id="oc-436">
         <name>.text:vPortFree</name>
         <load_address>0x45d4</load_address>
         <run_address>0x45d4</run_address>
         <size>0x44</size>
         <input_file_ref idref="fl-d"/>
      </object_component>
      <object_component id="oc-271">
         <name>.text:xPortStartScheduler</name>
         <load_address>0x4618</load_address>
         <run_address>0x4618</run_address>
         <size>0x40</size>
         <input_file_ref idref="fl-b"/>
      </object_component>
      <object_component id="oc-24e">
         <name>.text:xQueueGenericCreate</name>
         <load_address>0x4658</load_address>
         <run_address>0x4658</run_address>
         <size>0x3c</size>
         <input_file_ref idref="fl-9"/>
      </object_component>
      <object_component id="oc-361">
         <name>.text:prvAllocateTCBAndStack</name>
         <load_address>0x4694</load_address>
         <run_address>0x4694</run_address>
         <size>0x3a</size>
         <input_file_ref idref="fl-a"/>
      </object_component>
      <object_component id="oc-224">
         <name>.text:SysCtlPeripheralReady</name>
         <load_address>0x46d0</load_address>
         <run_address>0x46d0</run_address>
         <size>0x38</size>
         <input_file_ref idref="fl-105"/>
      </object_component>
      <object_component id="oc-41b">
         <name>.text:vListInsert</name>
         <load_address>0x4708</load_address>
         <run_address>0x4708</run_address>
         <size>0x38</size>
         <input_file_ref idref="fl-8"/>
      </object_component>
      <object_component id="oc-14a">
         <name>.text:SysCtlPeripheralEnable</name>
         <load_address>0x4740</load_address>
         <run_address>0x4740</run_address>
         <size>0x34</size>
         <input_file_ref idref="fl-105"/>
      </object_component>
      <object_component id="oc-2fb">
         <name>.text:prvHeapInit</name>
         <load_address>0x4774</load_address>
         <run_address>0x4774</run_address>
         <size>0x30</size>
         <input_file_ref idref="fl-d"/>
      </object_component>
      <object_component id="oc-2d9">
         <name>.text</name>
         <load_address>0x47a4</load_address>
         <run_address>0x47a4</run_address>
         <size>0x30</size>
         <input_file_ref idref="fl-dd"/>
      </object_component>
      <object_component id="oc-4ff">
         <name>.text</name>
         <load_address>0x47d4</load_address>
         <run_address>0x47d4</run_address>
         <size>0x2e</size>
         <input_file_ref idref="fl-f1"/>
      </object_component>
      <object_component id="oc-4b">
         <name>.text:xPortSysTickHandler</name>
         <load_address>0x4804</load_address>
         <run_address>0x4804</run_address>
         <size>0x2c</size>
         <input_file_ref idref="fl-b"/>
      </object_component>
      <object_component id="oc-29f">
         <name>.text:GPIODirModeSet</name>
         <load_address>0x4830</load_address>
         <run_address>0x4830</run_address>
         <size>0x2a</size>
         <input_file_ref idref="fl-101"/>
      </object_component>
      <object_component id="oc-11a">
         <name>.text:prvResetNextTaskUnblockTime</name>
         <load_address>0x485c</load_address>
         <run_address>0x485c</run_address>
         <size>0x28</size>
         <input_file_ref idref="fl-a"/>
      </object_component>
      <object_component id="oc-36d">
         <name>.text:pxPortInitialiseStack</name>
         <load_address>0x4884</load_address>
         <run_address>0x4884</run_address>
         <size>0x28</size>
         <input_file_ref idref="fl-b"/>
      </object_component>
      <object_component id="oc-461">
         <name>.text:prvCopyDataFromQueue</name>
         <load_address>0x48ac</load_address>
         <run_address>0x48ac</run_address>
         <size>0x26</size>
         <input_file_ref idref="fl-9"/>
      </object_component>
      <object_component id="oc-230">
         <name>.text:PWMGenConfigure</name>
         <load_address>0x48d2</load_address>
         <run_address>0x48d2</run_address>
         <size>0x22</size>
         <input_file_ref idref="fl-103"/>
      </object_component>
      <object_component id="oc-1f1">
         <name>.text</name>
         <load_address>0x48f4</load_address>
         <run_address>0x48f4</run_address>
         <size>0x20</size>
         <input_file_ref idref="fl-d3"/>
      </object_component>
      <object_component id="oc-120">
         <name>.text:uxListRemove</name>
         <load_address>0x4914</load_address>
         <run_address>0x4914</run_address>
         <size>0x20</size>
         <input_file_ref idref="fl-8"/>
      </object_component>
      <object_component id="oc-23c">
         <name>.text:PWMPulseWidthSet</name>
         <load_address>0x4934</load_address>
         <run_address>0x4934</run_address>
         <size>0x1e</size>
         <input_file_ref idref="fl-103"/>
      </object_component>
      <object_component id="oc-331">
         <name>.text:prvIsQueueFull</name>
         <load_address>0x4952</load_address>
         <run_address>0x4952</run_address>
         <size>0x1c</size>
         <input_file_ref idref="fl-9"/>
      </object_component>
      <object_component id="oc-515">
         <name>.text</name>
         <load_address>0x496e</load_address>
         <run_address>0x496e</run_address>
         <size>0x1c</size>
         <input_file_ref idref="fl-f3"/>
      </object_component>
      <object_component id="oc-31f">
         <name>.text:vPortEnterCritical</name>
         <load_address>0x498c</load_address>
         <run_address>0x498c</run_address>
         <size>0x1c</size>
         <input_file_ref idref="fl-b"/>
      </object_component>
      <object_component id="oc-455">
         <name>.text:prvIsQueueEmpty</name>
         <load_address>0x49a8</load_address>
         <run_address>0x49a8</run_address>
         <size>0x1a</size>
         <input_file_ref idref="fl-9"/>
      </object_component>
      <object_component id="oc-467">
         <name>.text:pvTaskIncrementMutexHeldCount</name>
         <load_address>0x49c4</load_address>
         <run_address>0x49c4</run_address>
         <size>0x18</size>
         <input_file_ref idref="fl-a"/>
      </object_component>
      <object_component id="oc-8b">
         <name>.text</name>
         <load_address>0x49dc</load_address>
         <run_address>0x49dc</run_address>
         <size>0x18</size>
         <input_file_ref idref="fl-e4"/>
      </object_component>
      <object_component id="oc-2cd">
         <name>.text</name>
         <load_address>0x49f4</load_address>
         <run_address>0x49f4</run_address>
         <size>0x18</size>
         <input_file_ref idref="fl-db"/>
      </object_component>
      <object_component id="oc-126">
         <name>.text:vListInsertEnd</name>
         <load_address>0x4a0c</load_address>
         <run_address>0x4a0c</run_address>
         <size>0x18</size>
         <input_file_ref idref="fl-8"/>
      </object_component>
      <object_component id="oc-319">
         <name>.text:vPortExitCritical</name>
         <load_address>0x4a24</load_address>
         <run_address>0x4a24</run_address>
         <size>0x18</size>
         <input_file_ref idref="fl-b"/>
      </object_component>
      <object_component id="oc-313">
         <name>.text:vTaskSetTimeOutState</name>
         <load_address>0x4a3c</load_address>
         <run_address>0x4a3c</run_address>
         <size>0x18</size>
         <input_file_ref idref="fl-a"/>
      </object_component>
      <object_component id="oc-2d3">
         <name>.text</name>
         <load_address>0x4a54</load_address>
         <run_address>0x4a54</run_address>
         <size>0x16</size>
         <input_file_ref idref="fl-da"/>
      </object_component>
      <object_component id="oc-20a">
         <name>.text:vListInitialise</name>
         <load_address>0x4a6a</load_address>
         <run_address>0x4a6a</run_address>
         <size>0x16</size>
         <input_file_ref idref="fl-8"/>
      </object_component>
      <object_component id="oc-21e">
         <name>.text:SysCtlPWMClockSet</name>
         <load_address>0x4a80</load_address>
         <run_address>0x4a80</run_address>
         <size>0x14</size>
         <input_file_ref idref="fl-105"/>
      </object_component>
      <object_component id="oc-18a">
         <name>.text</name>
         <load_address>0x4a94</load_address>
         <run_address>0x4a94</run_address>
         <size>0x14</size>
         <input_file_ref idref="fl-e2"/>
      </object_component>
      <object_component id="oc-555">
         <name>.text</name>
         <load_address>0x4aa8</load_address>
         <run_address>0x4aa8</run_address>
         <size>0x14</size>
         <input_file_ref idref="fl-fd"/>
      </object_component>
      <object_component id="oc-4b0">
         <name>.text</name>
         <load_address>0x4abc</load_address>
         <run_address>0x4abc</run_address>
         <size>0x14</size>
         <input_file_ref idref="fl-f8"/>
      </object_component>
      <object_component id="oc-1eb">
         <name>.text</name>
         <load_address>0x4ad0</load_address>
         <run_address>0x4ad0</run_address>
         <size>0x14</size>
         <input_file_ref idref="fl-dc"/>
      </object_component>
      <object_component id="oc-3a1">
         <name>.text:vPortSetupTimerInterrupt</name>
         <load_address>0x4ae4</load_address>
         <run_address>0x4ae4</run_address>
         <size>0x14</size>
         <input_file_ref idref="fl-b"/>
      </object_component>
      <object_component id="oc-22a">
         <name>.text:GPIOPinTypePWM</name>
         <load_address>0x4af8</load_address>
         <run_address>0x4af8</run_address>
         <size>0x12</size>
         <input_file_ref idref="fl-101"/>
      </object_component>
      <object_component id="oc-1d2">
         <name>.text:GPIOPinTypeUART</name>
         <load_address>0x4b0a</load_address>
         <run_address>0x4b0a</run_address>
         <size>0x12</size>
         <input_file_ref idref="fl-101"/>
      </object_component>
      <object_component id="oc-248">
         <name>.text:PWMOutputState</name>
         <load_address>0x4b1c</load_address>
         <run_address>0x4b1c</run_address>
         <size>0x12</size>
         <input_file_ref idref="fl-103"/>
      </object_component>
      <object_component id="oc-48c">
         <name>.text:prvDeleteTCB</name>
         <load_address>0x4b2e</load_address>
         <run_address>0x4b2e</run_address>
         <size>0x12</size>
         <input_file_ref idref="fl-a"/>
      </object_component>
      <object_component id="oc-236">
         <name>.text:PWMGenPeriodSet</name>
         <load_address>0x4b40</load_address>
         <run_address>0x4b40</run_address>
         <size>0x10</size>
         <input_file_ref idref="fl-103"/>
      </object_component>
      <object_component id="oc-444">
         <name>.text:prvTaskExitError</name>
         <load_address>0x4b50</load_address>
         <run_address>0x4b50</run_address>
         <size>0x10</size>
         <input_file_ref idref="fl-b"/>
      </object_component>
      <object_component id="oc-2f5">
         <name>.text:vTaskSuspendAll</name>
         <load_address>0x4b60</load_address>
         <run_address>0x4b60</run_address>
         <size>0x10</size>
         <input_file_ref idref="fl-a"/>
      </object_component>
      <object_component id="oc-12">
         <name>.text:decompress:none</name>
         <load_address>0x4b70</load_address>
         <run_address>0x4b70</run_address>
         <size>0xe</size>
         <input_file_ref idref="fl-ca"/>
      </object_component>
      <object_component id="oc-242">
         <name>.text:PWMGenEnable</name>
         <load_address>0x4b7e</load_address>
         <run_address>0x4b7e</run_address>
         <size>0xc</size>
         <input_file_ref idref="fl-103"/>
      </object_component>
      <object_component id="oc-413">
         <name>.text:vTaskMissedYield</name>
         <load_address>0x4b8c</load_address>
         <run_address>0x4b8c</run_address>
         <size>0xc</size>
         <input_file_ref idref="fl-a"/>
      </object_component>
      <object_component id="oc-38a">
         <name>.text:xTaskGetTickCount</name>
         <load_address>0x4b98</load_address>
         <run_address>0x4b98</run_address>
         <size>0xc</size>
         <input_file_ref idref="fl-a"/>
      </object_component>
      <object_component id="oc-277">
         <name>.text:prvIdleTask</name>
         <load_address>0x4ba4</load_address>
         <run_address>0x4ba4</run_address>
         <size>0x8</size>
         <input_file_ref idref="fl-a"/>
      </object_component>
      <object_component id="oc-2e">
         <name>.text:ResetISR</name>
         <load_address>0x4bac</load_address>
         <run_address>0x4bac</run_address>
         <size>0x6</size>
         <input_file_ref idref="fl-4"/>
      </object_component>
      <object_component id="oc-1c8">
         <name>.text:SysCtlDelay</name>
         <load_address>0x4bb2</load_address>
         <run_address>0x4bb2</run_address>
         <size>0x6</size>
         <input_file_ref idref="fl-105"/>
      </object_component>
      <object_component id="oc-1d8">
         <name>.text:UARTClockSourceSet</name>
         <load_address>0x4bb8</load_address>
         <run_address>0x4bb8</run_address>
         <size>0x6</size>
         <input_file_ref idref="fl-106"/>
      </object_component>
      <object_component id="oc-18">
         <name>.text:decompress:rle24</name>
         <load_address>0x4bbe</load_address>
         <run_address>0x4bbe</run_address>
         <size>0x6</size>
         <input_file_ref idref="fl-cb"/>
      </object_component>
      <object_component id="oc-43d">
         <name>.text:vListInitialiseItem</name>
         <load_address>0x4bc4</load_address>
         <run_address>0x4bc4</run_address>
         <size>0x6</size>
         <input_file_ref idref="fl-8"/>
      </object_component>
      <object_component id="oc-7f">
         <name>.text</name>
         <load_address>0x4bca</load_address>
         <run_address>0x4bca</run_address>
         <size>0x4</size>
         <input_file_ref idref="fl-d7"/>
      </object_component>
      <object_component id="oc-562">
         <name>.const:.string:_ctypes_</name>
         <load_address>0x4bd0</load_address>
         <run_address>0x4bd0</run_address>
         <size>0x101</size>
         <input_file_ref idref="fl-e8"/>
      </object_component>
      <object_component id="oc-29a">
         <name>.const:g_pui32GPIOBaseAddrs</name>
         <load_address>0x4cd4</load_address>
         <run_address>0x4cd4</run_address>
         <size>0x90</size>
         <input_file_ref idref="fl-101"/>
      </object_component>
      <object_component id="oc-2b7">
         <name>.const:g_ui32UARTBase</name>
         <load_address>0x4d64</load_address>
         <run_address>0x4d64</run_address>
         <size>0xc</size>
         <input_file_ref idref="fl-2"/>
      </object_component>
      <object_component id="oc-2ae">
         <name>.const:g_ui32UARTPeriph</name>
         <load_address>0x4d70</load_address>
         <run_address>0x4d70</run_address>
         <size>0xc</size>
         <input_file_ref idref="fl-2"/>
      </object_component>
      <object_component id="oc-a6">
         <name>.const</name>
         <load_address>0x4d7c</load_address>
         <run_address>0x4d7c</run_address>
         <size>0x4</size>
         <input_file_ref idref="fl-b"/>
      </object_component>
      <object_component id="oc-5a9">
         <name>.cinit..data.load</name>
         <load_address>0x4d80</load_address>
         <run_address>0x4d80</run_address>
         <size>0x8b</size>
      </object_component>
      <object_component id="oc-5aa">
         <name>.cinit..bss.load</name>
         <load_address>0x4e10</load_address>
         <run_address>0x4e10</run_address>
         <size>0xb</size>
      </object_component>
      <object_component id="oc-5a7">
         <name>__TI_handler_table</name>
         <load_address>0x4e1c</load_address>
         <run_address>0x4e1c</run_address>
         <size>0x8</size>
      </object_component>
      <object_component id="oc-5a8">
         <name>__TI_cinit_table</name>
         <load_address>0x4e24</load_address>
         <run_address>0x4e24</run_address>
         <size>0x10</size>
      </object_component>
      <object_component id="oc-2b1">
         <name>.data</name>
         <load_address>0x20007ae4</load_address>
         <run_address>0x20007ae4</run_address>
         <size>0x5</size>
         <input_file_ref idref="fl-2"/>
      </object_component>
      <object_component id="oc-383">
         <name>.data</name>
         <load_address>0x20007ae9</load_address>
         <run_address>0x20007ae9</run_address>
         <size>0x3</size>
         <input_file_ref idref="fl-6"/>
      </object_component>
      <object_component id="oc-a3">
         <name>.data</name>
         <load_address>0x20007a7c</load_address>
         <run_address>0x20007a7c</run_address>
         <size>0x30</size>
         <input_file_ref idref="fl-a"/>
      </object_component>
      <object_component id="oc-3a7">
         <name>.data</name>
         <load_address>0x20007aec</load_address>
         <run_address>0x20007aec</run_address>
         <size>0x4</size>
         <input_file_ref idref="fl-b"/>
      </object_component>
      <object_component id="oc-307">
         <name>.data</name>
         <load_address>0x20007adc</load_address>
         <run_address>0x20007adc</run_address>
         <size>0x8</size>
         <input_file_ref idref="fl-d"/>
      </object_component>
      <object_component id="oc-17a">
         <name>.data:_ftable</name>
         <load_address>0x200078bc</load_address>
         <run_address>0x200078bc</run_address>
         <size>0xf0</size>
         <input_file_ref idref="fl-cd"/>
      </object_component>
      <object_component id="oc-1ff">
         <name>.data</name>
         <load_address>0x20007aac</load_address>
         <run_address>0x20007aac</run_address>
         <size>0x10</size>
         <input_file_ref idref="fl-cd"/>
      </object_component>
      <object_component id="oc-ee">
         <name>.data:$O1$$</name>
         <load_address>0x20007abc</load_address>
         <run_address>0x20007abc</run_address>
         <size>0xc</size>
         <input_file_ref idref="fl-ce"/>
      </object_component>
      <object_component id="oc-2df">
         <name>.data:$O1$$</name>
         <load_address>0x200079ac</load_address>
         <run_address>0x200079ac</run_address>
         <size>0xd0</size>
         <input_file_ref idref="fl-d2"/>
      </object_component>
      <object_component id="oc-97">
         <name>.data</name>
         <load_address>0x20007af8</load_address>
         <run_address>0x20007af8</run_address>
         <size>0x4</size>
         <input_file_ref idref="fl-d9"/>
      </object_component>
      <object_component id="oc-f1">
         <name>.data:$O1$$</name>
         <load_address>0x20007ad4</load_address>
         <run_address>0x20007ad4</run_address>
         <size>0x8</size>
         <input_file_ref idref="fl-e2"/>
      </object_component>
      <object_component id="oc-55b">
         <name>.data</name>
         <load_address>0x20007af0</load_address>
         <run_address>0x20007af0</run_address>
         <size>0x4</size>
         <input_file_ref idref="fl-fa"/>
      </object_component>
      <object_component id="oc-49f">
         <name>.data</name>
         <load_address>0x20007af4</load_address>
         <run_address>0x20007af4</run_address>
         <size>0x4</size>
         <input_file_ref idref="fl-fb"/>
      </object_component>
      <object_component id="oc-495">
         <name>.data:$O1$$</name>
         <load_address>0x20007ac8</load_address>
         <run_address>0x20007ac8</run_address>
         <size>0xc</size>
         <input_file_ref idref="fl-fc"/>
      </object_component>
      <object_component id="oc-116">
         <name>.bss:pxReadyTasksLists</name>
         <uninitialized>true</uninitialized>
         <run_address>0x20007530</run_address>
         <size>0x140</size>
         <input_file_ref idref="fl-a"/>
      </object_component>
      <object_component id="oc-44b">
         <name>.bss:xDelayedTaskList1</name>
         <uninitialized>true</uninitialized>
         <run_address>0x20007830</run_address>
         <size>0x14</size>
         <input_file_ref idref="fl-a"/>
      </object_component>
      <object_component id="oc-44e">
         <name>.bss:xDelayedTaskList2</name>
         <uninitialized>true</uninitialized>
         <run_address>0x20007844</run_address>
         <size>0x14</size>
         <input_file_ref idref="fl-a"/>
      </object_component>
      <object_component id="oc-12c">
         <name>.bss</name>
         <uninitialized>true</uninitialized>
         <run_address>0x2000789c</run_address>
         <size>0x8</size>
         <input_file_ref idref="fl-a"/>
      </object_component>
      <object_component id="oc-3fe">
         <name>.bss:xPendingReadyList</name>
         <uninitialized>true</uninitialized>
         <run_address>0x20007858</run_address>
         <size>0x14</size>
         <input_file_ref idref="fl-a"/>
      </object_component>
      <object_component id="oc-451">
         <name>.bss:xTasksWaitingTermination</name>
         <uninitialized>true</uninitialized>
         <run_address>0x20007880</run_address>
         <size>0x14</size>
         <input_file_ref idref="fl-a"/>
      </object_component>
      <object_component id="oc-427">
         <name>.bss:xSuspendedTaskList</name>
         <uninitialized>true</uninitialized>
         <run_address>0x2000786c</run_address>
         <size>0x14</size>
         <input_file_ref idref="fl-a"/>
      </object_component>
      <object_component id="oc-3fa">
         <name>.bss:ucHeap</name>
         <uninitialized>true</uninitialized>
         <run_address>0x20000000</run_address>
         <size>0x7530</size>
         <input_file_ref idref="fl-d"/>
      </object_component>
      <object_component id="oc-30a">
         <name>.bss:xStart</name>
         <uninitialized>true</uninitialized>
         <run_address>0x200078ac</run_address>
         <size>0x8</size>
         <input_file_ref idref="fl-d"/>
      </object_component>
      <object_component id="oc-30d">
         <name>.bss:xEnd</name>
         <uninitialized>true</uninitialized>
         <run_address>0x200078a4</run_address>
         <size>0x8</size>
         <input_file_ref idref="fl-d"/>
      </object_component>
      <object_component id="oc-4b6">
         <name>.bss:parmbuf</name>
         <uninitialized>true</uninitialized>
         <run_address>0x20007894</run_address>
         <size>0x8</size>
         <input_file_ref idref="fl-de"/>
      </object_component>
      <object_component id="oc-537">
         <name>.bss:_CIOBUF_</name>
         <uninitialized>true</uninitialized>
         <run_address>0x20007670</run_address>
         <size>0x120</size>
         <input_file_ref idref="fl-df"/>
      </object_component>
      <object_component id="oc-17d">
         <name>.common:g_pUARTSemaphore</name>
         <uninitialized>true</uninitialized>
         <run_address>0x200078b8</run_address>
         <size>0x4</size>
      </object_component>
      <object_component id="oc-25a">
         <name>.common:g_pPWMQueue</name>
         <uninitialized>true</uninitialized>
         <run_address>0x200078b4</run_address>
         <size>0x4</size>
      </object_component>
      <object_component id="oc-532">
         <name>.common:__TI_tmpnams</name>
         <uninitialized>true</uninitialized>
         <run_address>0x20007790</run_address>
         <size>0xa0</size>
      </object_component>
      <object_component id="oc-2b">
         <name>.sysmem</name>
         <uninitialized>true</uninitialized>
         <run_address>0x20007d00</run_address>
         <size>0x8</size>
         <input_file_ref idref="fl-fc"/>
      </object_component>
      <object_component id="oc-5ac">
         <name>.sysmem</name>
         <uninitialized>true</uninitialized>
         <run_address>0x20007d00</run_address>
         <size>0x0</size>
      </object_component>
      <object_component id="oc-2a">
         <name>.stack</name>
         <uninitialized>true</uninitialized>
         <run_address>0x20007afc</run_address>
         <size>0x0</size>
         <input_file_ref idref="fl-c9"/>
      </object_component>
      <object_component id="oc-5ab">
         <name>.stack</name>
         <uninitialized>true</uninitialized>
         <run_address>0x20007afc</run_address>
         <size>0x0</size>
      </object_component>
      <object_component id="oc-17e">
         <name>.debug_info</name>
         <load_address>0x0</load_address>
         <run_address>0x0</run_address>
         <size>0x8b4</size>
         <input_file_ref idref="fl-2"/>
      </object_component>
      <object_component id="oc-2b2">
         <name>.debug_info</name>
         <load_address>0x8b4</load_address>
         <run_address>0x8b4</run_address>
         <size>0xdc</size>
         <input_file_ref idref="fl-2"/>
      </object_component>
      <object_component id="oc-2b8">
         <name>.debug_info</name>
         <load_address>0x990</load_address>
         <run_address>0x990</run_address>
         <size>0xe4</size>
         <input_file_ref idref="fl-2"/>
      </object_component>
      <object_component id="oc-2af">
         <name>.debug_info</name>
         <load_address>0xa74</load_address>
         <run_address>0xa74</run_address>
         <size>0xe8</size>
         <input_file_ref idref="fl-2"/>
      </object_component>
      <object_component id="oc-111">
         <name>.debug_info</name>
         <load_address>0xb5c</load_address>
         <run_address>0xb5c</run_address>
         <size>0x15f</size>
         <input_file_ref idref="fl-2"/>
      </object_component>
      <object_component id="oc-1df">
         <name>.debug_info</name>
         <load_address>0xcbb</load_address>
         <run_address>0xcbb</run_address>
         <size>0x236</size>
         <input_file_ref idref="fl-2"/>
      </object_component>
      <object_component id="oc-151">
         <name>.debug_info</name>
         <load_address>0xef1</load_address>
         <run_address>0xef1</run_address>
         <size>0x1c0</size>
         <input_file_ref idref="fl-2"/>
      </object_component>
      <object_component id="oc-e7">
         <name>.debug_info</name>
         <load_address>0x10b1</load_address>
         <run_address>0x10b1</run_address>
         <size>0x238</size>
         <input_file_ref idref="fl-2"/>
      </object_component>
      <object_component id="oc-2b4">
         <name>.debug_info</name>
         <load_address>0x12e9</load_address>
         <run_address>0x12e9</run_address>
         <size>0x21e</size>
         <input_file_ref idref="fl-2"/>
      </object_component>
      <object_component id="oc-19d">
         <name>.debug_info</name>
         <load_address>0x1507</load_address>
         <run_address>0x1507</run_address>
         <size>0x2ef</size>
         <input_file_ref idref="fl-2"/>
      </object_component>
      <object_component id="oc-284">
         <name>.debug_info</name>
         <load_address>0x17f6</load_address>
         <run_address>0x17f6</run_address>
         <size>0xc8</size>
         <input_file_ref idref="fl-2"/>
      </object_component>
      <object_component id="oc-130">
         <name>.debug_info</name>
         <load_address>0x18be</load_address>
         <run_address>0x18be</run_address>
         <size>0x8b</size>
         <input_file_ref idref="fl-2"/>
      </object_component>
      <object_component id="oc-217">
         <name>.debug_info</name>
         <load_address>0x1949</load_address>
         <run_address>0x1949</run_address>
         <size>0x46</size>
         <input_file_ref idref="fl-2"/>
      </object_component>
      <object_component id="oc-289">
         <name>.debug_info</name>
         <load_address>0x198f</load_address>
         <run_address>0x198f</run_address>
         <size>0x2c</size>
         <input_file_ref idref="fl-2"/>
      </object_component>
      <object_component id="oc-1a2">
         <name>.debug_info</name>
         <load_address>0x19bb</load_address>
         <run_address>0x19bb</run_address>
         <size>0x2c</size>
         <input_file_ref idref="fl-2"/>
      </object_component>
      <object_component id="oc-b9">
         <name>.debug_info</name>
         <load_address>0x19e7</load_address>
         <run_address>0x19e7</run_address>
         <size>0x18b</size>
         <input_file_ref idref="fl-2"/>
      </object_component>
      <object_component id="oc-108">
         <name>.debug_info</name>
         <load_address>0x1b72</load_address>
         <run_address>0x1b72</run_address>
         <size>0x53</size>
         <input_file_ref idref="fl-2"/>
      </object_component>
      <object_component id="oc-481">
         <name>.debug_info</name>
         <load_address>0x1bc5</load_address>
         <run_address>0x1bc5</run_address>
         <size>0x4e</size>
         <input_file_ref idref="fl-2"/>
      </object_component>
      <object_component id="oc-1ac">
         <name>.debug_info</name>
         <load_address>0x1c13</load_address>
         <run_address>0x1c13</run_address>
         <size>0x14c</size>
         <input_file_ref idref="fl-2"/>
      </object_component>
      <object_component id="oc-25b">
         <name>.debug_info</name>
         <load_address>0x1d5f</load_address>
         <run_address>0x1d5f</run_address>
         <size>0x4a4</size>
         <input_file_ref idref="fl-3"/>
      </object_component>
      <object_component id="oc-169">
         <name>.debug_info</name>
         <load_address>0x2203</load_address>
         <run_address>0x2203</run_address>
         <size>0x2e5</size>
         <input_file_ref idref="fl-3"/>
      </object_component>
      <object_component id="oc-25e">
         <name>.debug_info</name>
         <load_address>0x24e8</load_address>
         <run_address>0x24e8</run_address>
         <size>0x1d9</size>
         <input_file_ref idref="fl-3"/>
      </object_component>
      <object_component id="oc-53">
         <name>.debug_info</name>
         <load_address>0x26c1</load_address>
         <run_address>0x26c1</run_address>
         <size>0x17a</size>
         <input_file_ref idref="fl-4"/>
      </object_component>
      <object_component id="oc-10">
         <name>.debug_info</name>
         <load_address>0x283b</load_address>
         <run_address>0x283b</run_address>
         <size>0xe5</size>
         <input_file_ref idref="fl-4"/>
      </object_component>
      <object_component id="oc-2f">
         <name>.debug_info</name>
         <load_address>0x2920</load_address>
         <run_address>0x2920</run_address>
         <size>0x115</size>
         <input_file_ref idref="fl-4"/>
      </object_component>
      <object_component id="oc-35">
         <name>.debug_info</name>
         <load_address>0x2a35</load_address>
         <run_address>0x2a35</run_address>
         <size>0x106</size>
         <input_file_ref idref="fl-4"/>
      </object_component>
      <object_component id="oc-42">
         <name>.debug_info</name>
         <load_address>0x2b3b</load_address>
         <run_address>0x2b3b</run_address>
         <size>0x11e</size>
         <input_file_ref idref="fl-4"/>
      </object_component>
      <object_component id="oc-3b">
         <name>.debug_info</name>
         <load_address>0x2c59</load_address>
         <run_address>0x2c59</run_address>
         <size>0x10c</size>
         <input_file_ref idref="fl-4"/>
      </object_component>
      <object_component id="oc-c6">
         <name>.debug_info</name>
         <load_address>0x2d65</load_address>
         <run_address>0x2d65</run_address>
         <size>0x84</size>
         <input_file_ref idref="fl-4"/>
      </object_component>
      <object_component id="oc-3a0">
         <name>.debug_info</name>
         <load_address>0x2de9</load_address>
         <run_address>0x2de9</run_address>
         <size>0x38e</size>
         <input_file_ref idref="fl-5"/>
      </object_component>
      <object_component id="oc-16f">
         <name>.debug_info</name>
         <load_address>0x3177</load_address>
         <run_address>0x3177</run_address>
         <size>0x150</size>
         <input_file_ref idref="fl-5"/>
      </object_component>
      <object_component id="oc-26b">
         <name>.debug_info</name>
         <load_address>0x32c7</load_address>
         <run_address>0x32c7</run_address>
         <size>0x28b</size>
         <input_file_ref idref="fl-5"/>
      </object_component>
      <object_component id="oc-46f">
         <name>.debug_info</name>
         <load_address>0x3552</load_address>
         <run_address>0x3552</run_address>
         <size>0x108</size>
         <input_file_ref idref="fl-6"/>
      </object_component>
      <object_component id="oc-387">
         <name>.debug_info</name>
         <load_address>0x365a</load_address>
         <run_address>0x365a</run_address>
         <size>0x12f</size>
         <input_file_ref idref="fl-6"/>
      </object_component>
      <object_component id="oc-384">
         <name>.debug_info</name>
         <load_address>0x3789</load_address>
         <run_address>0x3789</run_address>
         <size>0x2ef</size>
         <input_file_ref idref="fl-6"/>
      </object_component>
      <object_component id="oc-267">
         <name>.debug_info</name>
         <load_address>0x3a78</load_address>
         <run_address>0x3a78</run_address>
         <size>0x1fa</size>
         <input_file_ref idref="fl-6"/>
      </object_component>
      <object_component id="oc-1bd">
         <name>.debug_info</name>
         <load_address>0x3c72</load_address>
         <run_address>0x3c72</run_address>
         <size>0x15d</size>
         <input_file_ref idref="fl-8"/>
      </object_component>
      <object_component id="oc-128">
         <name>.debug_info</name>
         <load_address>0x3dcf</load_address>
         <run_address>0x3dcf</run_address>
         <size>0x244</size>
         <input_file_ref idref="fl-8"/>
      </object_component>
      <object_component id="oc-41d">
         <name>.debug_info</name>
         <load_address>0x4013</load_address>
         <run_address>0x4013</run_address>
         <size>0x26f</size>
         <input_file_ref idref="fl-8"/>
      </object_component>
      <object_component id="oc-43e">
         <name>.debug_info</name>
         <load_address>0x4282</load_address>
         <run_address>0x4282</run_address>
         <size>0x1f1</size>
         <input_file_ref idref="fl-8"/>
      </object_component>
      <object_component id="oc-20c">
         <name>.debug_info</name>
         <load_address>0x4473</load_address>
         <run_address>0x4473</run_address>
         <size>0x1e9</size>
         <input_file_ref idref="fl-8"/>
      </object_component>
      <object_component id="oc-122">
         <name>.debug_info</name>
         <load_address>0x465c</load_address>
         <run_address>0x465c</run_address>
         <size>0x21c</size>
         <input_file_ref idref="fl-8"/>
      </object_component>
      <object_component id="oc-1b1">
         <name>.debug_info</name>
         <load_address>0x4878</load_address>
         <run_address>0x4878</run_address>
         <size>0x110</size>
         <input_file_ref idref="fl-8"/>
      </object_component>
      <object_component id="oc-21c">
         <name>.debug_info</name>
         <load_address>0x4988</load_address>
         <run_address>0x4988</run_address>
         <size>0x61a</size>
         <input_file_ref idref="fl-9"/>
      </object_component>
      <object_component id="oc-32c">
         <name>.debug_info</name>
         <load_address>0x4fa2</load_address>
         <run_address>0x4fa2</run_address>
         <size>0x2be</size>
         <input_file_ref idref="fl-9"/>
      </object_component>
      <object_component id="oc-456">
         <name>.debug_info</name>
         <load_address>0x5260</load_address>
         <run_address>0x5260</run_address>
         <size>0x23e</size>
         <input_file_ref idref="fl-9"/>
      </object_component>
      <object_component id="oc-462">
         <name>.debug_info</name>
         <load_address>0x549e</load_address>
         <run_address>0x549e</run_address>
         <size>0x23b</size>
         <input_file_ref idref="fl-9"/>
      </object_component>
      <object_component id="oc-37d">
         <name>.debug_info</name>
         <load_address>0x56d9</load_address>
         <run_address>0x56d9</run_address>
         <size>0x567</size>
         <input_file_ref idref="fl-9"/>
      </object_component>
      <object_component id="oc-332">
         <name>.debug_info</name>
         <load_address>0x5c40</load_address>
         <run_address>0x5c40</run_address>
         <size>0x23c</size>
         <input_file_ref idref="fl-9"/>
      </object_component>
      <object_component id="oc-33e">
         <name>.debug_info</name>
         <load_address>0x5e7c</load_address>
         <run_address>0x5e7c</run_address>
         <size>0x2a4</size>
         <input_file_ref idref="fl-9"/>
      </object_component>
      <object_component id="oc-211">
         <name>.debug_info</name>
         <load_address>0x6120</load_address>
         <run_address>0x6120</run_address>
         <size>0x4d7</size>
         <input_file_ref idref="fl-9"/>
      </object_component>
      <object_component id="oc-35b">
         <name>.debug_info</name>
         <load_address>0x65f7</load_address>
         <run_address>0x65f7</run_address>
         <size>0x2c2</size>
         <input_file_ref idref="fl-9"/>
      </object_component>
      <object_component id="oc-24f">
         <name>.debug_info</name>
         <load_address>0x68b9</load_address>
         <run_address>0x68b9</run_address>
         <size>0x320</size>
         <input_file_ref idref="fl-9"/>
      </object_component>
      <object_component id="oc-163">
         <name>.debug_info</name>
         <load_address>0x6bd9</load_address>
         <run_address>0x6bd9</run_address>
         <size>0x27f</size>
         <input_file_ref idref="fl-9"/>
      </object_component>
      <object_component id="oc-34c">
         <name>.debug_info</name>
         <load_address>0x6e58</load_address>
         <run_address>0x6e58</run_address>
         <size>0x1cd</size>
         <input_file_ref idref="fl-9"/>
      </object_component>
      <object_component id="oc-107">
         <name>.debug_info</name>
         <load_address>0x7025</load_address>
         <run_address>0x7025</run_address>
         <size>0x5fc</size>
         <input_file_ref idref="fl-a"/>
      </object_component>
      <object_component id="oc-a4">
         <name>.debug_info</name>
         <load_address>0x7621</load_address>
         <run_address>0x7621</run_address>
         <size>0x327</size>
         <input_file_ref idref="fl-a"/>
      </object_component>
      <object_component id="oc-117">
         <name>.debug_info</name>
         <load_address>0x7948</load_address>
         <run_address>0x7948</run_address>
         <size>0x123</size>
         <input_file_ref idref="fl-a"/>
      </object_component>
      <object_component id="oc-44c">
         <name>.debug_info</name>
         <load_address>0x7a6b</load_address>
         <run_address>0x7a6b</run_address>
         <size>0x123</size>
         <input_file_ref idref="fl-a"/>
      </object_component>
      <object_component id="oc-44f">
         <name>.debug_info</name>
         <load_address>0x7b8e</load_address>
         <run_address>0x7b8e</run_address>
         <size>0x123</size>
         <input_file_ref idref="fl-a"/>
      </object_component>
      <object_component id="oc-12d">
         <name>.debug_info</name>
         <load_address>0x7cb1</load_address>
         <run_address>0x7cb1</run_address>
         <size>0x165</size>
         <input_file_ref idref="fl-a"/>
      </object_component>
      <object_component id="oc-3ff">
         <name>.debug_info</name>
         <load_address>0x7e16</load_address>
         <run_address>0x7e16</run_address>
         <size>0x123</size>
         <input_file_ref idref="fl-a"/>
      </object_component>
      <object_component id="oc-452">
         <name>.debug_info</name>
         <load_address>0x7f39</load_address>
         <run_address>0x7f39</run_address>
         <size>0x131</size>
         <input_file_ref idref="fl-a"/>
      </object_component>
      <object_component id="oc-428">
         <name>.debug_info</name>
         <load_address>0x806a</load_address>
         <run_address>0x806a</run_address>
         <size>0x125</size>
         <input_file_ref idref="fl-a"/>
      </object_component>
      <object_component id="oc-11b">
         <name>.debug_info</name>
         <load_address>0x818f</load_address>
         <run_address>0x818f</run_address>
         <size>0x1ef</size>
         <input_file_ref idref="fl-a"/>
      </object_component>
      <object_component id="oc-b1">
         <name>.debug_info</name>
         <load_address>0x837e</load_address>
         <run_address>0x837e</run_address>
         <size>0x2bf</size>
         <input_file_ref idref="fl-a"/>
      </object_component>
      <object_component id="oc-302">
         <name>.debug_info</name>
         <load_address>0x863d</load_address>
         <run_address>0x863d</run_address>
         <size>0x287</size>
         <input_file_ref idref="fl-a"/>
      </object_component>
      <object_component id="oc-344">
         <name>.debug_info</name>
         <load_address>0x88c4</load_address>
         <run_address>0x88c4</run_address>
         <size>0x290</size>
         <input_file_ref idref="fl-a"/>
      </object_component>
      <object_component id="oc-42c">
         <name>.debug_info</name>
         <load_address>0x8b54</load_address>
         <run_address>0x8b54</run_address>
         <size>0x271</size>
         <input_file_ref idref="fl-a"/>
      </object_component>
      <object_component id="oc-422">
         <name>.debug_info</name>
         <load_address>0x8dc5</load_address>
         <run_address>0x8dc5</run_address>
         <size>0x24a</size>
         <input_file_ref idref="fl-a"/>
      </object_component>
      <object_component id="oc-38b">
         <name>.debug_info</name>
         <load_address>0x900f</load_address>
         <run_address>0x900f</run_address>
         <size>0x1e2</size>
         <input_file_ref idref="fl-a"/>
      </object_component>
      <object_component id="oc-362">
         <name>.debug_info</name>
         <load_address>0x91f1</load_address>
         <run_address>0x91f1</run_address>
         <size>0x2d5</size>
         <input_file_ref idref="fl-a"/>
[...]
         <object_component_ref idref="oc-1ff"/>
      </symbol>
      <symbol id="sm-546">
         <name>_ftable</name>
         <value>0x200078bc</value>
         <object_component_ref idref="oc-17a"/>
      </symbol>
      <symbol id="sm-547">
         <name>__TI_ft_end</name>
         <value>0x20007aac</value>
         <object_component_ref idref="oc-1ff"/>
      </symbol>
      <symbol id="sm-568">
         <name>C$$EXIT</name>
         <value>0x42d9</value>
         <object_component_ref idref="oc-91"/>
      </symbol>
      <symbol id="sm-569">
         <name>abort</name>
         <value>0x42dd</value>
         <object_component_ref idref="oc-91"/>
      </symbol>
      <symbol id="sm-56a">
         <name>exit</name>
         <value>0x42e5</value>
         <object_component_ref idref="oc-91"/>
      </symbol>
      <symbol id="sm-56b">
         <name>__TI_dtors_ptr</name>
         <value>0x20007ac0</value>
         <object_component_ref idref="oc-ee"/>
      </symbol>
      <symbol id="sm-56c">
         <name>__TI_cleanup_ptr</name>
         <value>0x20007abc</value>
         <object_component_ref idref="oc-ee"/>
      </symbol>
      <symbol id="sm-56d">
         <name>__TI_enable_exit_profile_output</name>
         <value>0x20007ac4</value>
         <object_component_ref idref="oc-ee"/>
      </symbol>
      <symbol id="sm-587">
         <name>__TI_doflush</name>
         <value>0x3229</value>
         <object_component_ref idref="oc-15c"/>
      </symbol>
      <symbol id="sm-588">
         <name>fflush</name>
         <value>0x3275</value>
         <object_component_ref idref="oc-15c"/>
      </symbol>
      <symbol id="sm-5aa">
         <name>puts</name>
         <value>0x2539</value>
         <object_component_ref idref="oc-156"/>
      </symbol>
      <symbol id="sm-5ab">
         <name>fputs</name>
         <value>0x242d</value>
         <object_component_ref idref="oc-156"/>
      </symbol>
      <symbol id="sm-5ff">
         <name>open</name>
         <value>0x1bbb</value>
         <object_component_ref idref="oc-1f7"/>
      </symbol>
      <symbol id="sm-600">
         <name>add_device</name>
         <value>0x1cdd</value>
         <object_component_ref idref="oc-1f7"/>
      </symbol>
      <symbol id="sm-601">
         <name>remove_device</name>
         <value>0x1b6f</value>
         <object_component_ref idref="oc-1f7"/>
      </symbol>
      <symbol id="sm-602">
         <name>lseek</name>
         <value>0x1c69</value>
         <object_component_ref idref="oc-1f7"/>
      </symbol>
      <symbol id="sm-603">
         <name>read</name>
         <value>0x1b97</value>
         <object_component_ref idref="oc-1f7"/>
      </symbol>
      <symbol id="sm-604">
         <name>rename</name>
         <value>0x1b31</value>
         <object_component_ref idref="oc-1f7"/>
      </symbol>
      <symbol id="sm-605">
         <name>write</name>
         <value>0x1a7d</value>
         <object_component_ref idref="oc-1f7"/>
      </symbol>
      <symbol id="sm-606">
         <name>close</name>
         <value>0x1c8d</value>
         <object_component_ref idref="oc-1f7"/>
      </symbol>
      <symbol id="sm-607">
         <name>unlink</name>
         <value>0x1b0d</value>
         <object_component_ref idref="oc-1f7"/>
      </symbol>
      <symbol id="sm-617">
         <name>memchr</name>
         <value>0x48f5</value>
         <object_component_ref idref="oc-1f1"/>
      </symbol>
      <symbol id="sm-632">
         <name>memcpy</name>
         <value>0x3449</value>
         <object_component_ref idref="oc-54"/>
      </symbol>
      <symbol id="sm-633">
         <name>__aeabi_memcpy</name>
         <value>0x3449</value>
         <object_component_ref idref="oc-54"/>
      </symbol>
      <symbol id="sm-634">
         <name>__aeabi_memcpy8</name>
         <value>0x3449</value>
         <object_component_ref idref="oc-54"/>
      </symbol>
      <symbol id="sm-635">
         <name>__aeabi_memcpy4</name>
         <value>0x3449</value>
         <object_component_ref idref="oc-54"/>
      </symbol>
      <symbol id="sm-644">
         <name>__aeabi_memset</name>
         <value>0x3ae3</value>
         <object_component_ref idref="oc-6d"/>
      </symbol>
      <symbol id="sm-645">
         <name>memset</name>
         <value>0x3ae9</value>
         <object_component_ref idref="oc-6d"/>
      </symbol>
      <symbol id="sm-646">
         <name>__aeabi_memset8</name>
         <value>0x3ae3</value>
         <object_component_ref idref="oc-6d"/>
      </symbol>
      <symbol id="sm-647">
         <name>__aeabi_memset4</name>
         <value>0x3ae3</value>
         <object_component_ref idref="oc-6d"/>
      </symbol>
      <symbol id="sm-648">
         <name>__aeabi_memclr8</name>
         <value>0x3ae1</value>
         <object_component_ref idref="oc-6d"/>
      </symbol>
      <symbol id="sm-649">
         <name>__aeabi_memclr4</name>
         <value>0x3ae1</value>
         <object_component_ref idref="oc-6d"/>
      </symbol>
      <symbol id="sm-64a">
         <name>__aeabi_memclr</name>
         <value>0x3ae1</value>
         <object_component_ref idref="oc-6d"/>
      </symbol>
      <symbol id="sm-654">
         <name>__mpu_init</name>
         <value>0x3c43</value>
         <object_component_ref idref="oc-79"/>
      </symbol>
      <symbol id="sm-65e">
         <name>_system_pre_init</name>
         <value>0x4bcb</value>
         <object_component_ref idref="oc-7f"/>
      </symbol>
      <symbol id="sm-677">
         <name>printf</name>
         <value>0x3d2d</value>
         <object_component_ref idref="oc-393"/>
      </symbol>
      <symbol id="sm-67f">
         <name>main_func_sp</name>
         <value>0x20007af8</value>
         <object_component_ref idref="oc-97"/>
      </symbol>
      <symbol id="sm-68f">
         <name>strchr</name>
         <value>0x4a55</value>
         <object_component_ref idref="oc-2d3"/>
      </symbol>
      <symbol id="sm-69e">
         <name>strcmp</name>
         <value>0x49f5</value>
         <object_component_ref idref="oc-2cd"/>
      </symbol>
      <symbol id="sm-6ac">
         <name>strlen</name>
         <value>0x4ad1</value>
         <object_component_ref idref="oc-1eb"/>
      </symbol>
      <symbol id="sm-6bc">
         <name>strncpy</name>
         <value>0x47a5</value>
         <object_component_ref idref="oc-2d9"/>
      </symbol>
      <symbol id="sm-6e4">
         <name>HOSTgetenv</name>
         <value>0x19b9</value>
         <object_component_ref idref="oc-3e5"/>
      </symbol>
      <symbol id="sm-6e5">
         <name>HOSTrename</name>
         <value>0x1861</value>
         <object_component_ref idref="oc-3e5"/>
      </symbol>
      <symbol id="sm-6e6">
         <name>HOSTclose</name>
         <value>0x19f7</value>
         <object_component_ref idref="oc-3e5"/>
      </symbol>
      <symbol id="sm-6e7">
         <name>HOSTtime64</name>
         <value>0x17dd</value>
         <object_component_ref idref="oc-3e5"/>
      </symbol>
      <symbol id="sm-6e8">
         <name>HOSTunlink</name>
         <value>0x17a5</value>
         <object_component_ref idref="oc-3e5"/>
      </symbol>
      <symbol id="sm-6e9">
         <name>HOSTlseek</name>
         <value>0x195d</value>
         <object_component_ref idref="oc-3e5"/>
      </symbol>
      <symbol id="sm-6ea">
         <name>HOSTopen</name>
         <value>0x190b</value>
         <object_component_ref idref="oc-3e5"/>
      </symbol>
      <symbol id="sm-6eb">
         <name>HOSTclock</name>
         <value>0x1a2f</value>
         <object_component_ref idref="oc-3e5"/>
      </symbol>
      <symbol id="sm-6ec">
         <name>HOSTwrite</name>
         <value>0x1759</value>
         <object_component_ref idref="oc-3e5"/>
      </symbol>
      <symbol id="sm-6ed">
         <name>HOSTread</name>
         <value>0x18bf</value>
         <object_component_ref idref="oc-3e5"/>
      </symbol>
      <symbol id="sm-6ee">
         <name>HOSTtime</name>
         <value>0x1827</value>
         <object_component_ref idref="oc-3e5"/>
      </symbol>
      <symbol id="sm-709">
         <name>__TI_readmsg</name>
         <value>0x3e9b</value>
         <object_component_ref idref="oc-4aa"/>
      </symbol>
      <symbol id="sm-70a">
         <name>C$$IO$$</name>
         <value>0x3e97</value>
         <object_component_ref idref="oc-4aa"/>
      </symbol>
      <symbol id="sm-70b">
         <name>__CIOBUF_</name>
         <value>0x20007670</value>
         <object_component_ref idref="oc-537"/>
      </symbol>
      <symbol id="sm-70c">
         <name>__TI_writemsg</name>
         <value>0x3e69</value>
         <object_component_ref idref="oc-4aa"/>
      </symbol>
      <symbol id="sm-72b">
         <name>__TI_wrt_ok</name>
         <value>0x339d</value>
         <object_component_ref idref="oc-1e5"/>
      </symbol>
      <symbol id="sm-72c">
         <name>__TI_rd_ok</name>
         <value>0x33ff</value>
         <object_component_ref idref="oc-1e5"/>
      </symbol>
      <symbol id="sm-745">
         <name>_nop</name>
         <value>0x4aa3</value>
         <object_component_ref idref="oc-18a"/>
      </symbol>
      <symbol id="sm-746">
         <name>_lock</name>
         <value>0x20007ad4</value>
         <object_component_ref idref="oc-f1"/>
      </symbol>
      <symbol id="sm-747">
         <name>_unlock</name>
         <value>0x20007ad8</value>
         <object_component_ref idref="oc-f1"/>
      </symbol>
      <symbol id="sm-748">
         <name>_register_lock</name>
         <value>0x4a9b</value>
         <object_component_ref idref="oc-18a"/>
      </symbol>
      <symbol id="sm-749">
         <name>_register_unlock</name>
         <value>0x4a95</value>
         <object_component_ref idref="oc-18a"/>
      </symbol>
      <symbol id="sm-850">
         <name>__TI_printfi</name>
         <value>0x1077</value>
         <object_component_ref idref="oc-479"/>
      </symbol>
      <symbol id="sm-864">
         <name>_args_main</name>
         <value>0x49dd</value>
         <object_component_ref idref="oc-8b"/>
      </symbol>
      <symbol id="sm-87a">
         <name>atoi</name>
         <value>0x4419</value>
         <object_component_ref idref="oc-51b"/>
      </symbol>
      <symbol id="sm-89f">
         <name>__TI_auto_init</name>
         <value>0x3cb5</value>
         <object_component_ref idref="oc-85"/>
      </symbol>
      <symbol id="sm-8b9">
         <name>copy_in</name>
         <value>0x4465</value>
         <object_component_ref idref="oc-d8"/>
      </symbol>
      <symbol id="sm-8c4">
         <name>_ctypes_</name>
         <value>0x4bd0</value>
         <object_component_ref idref="oc-562"/>
      </symbol>
      <symbol id="sm-8db">
         <name>__aeabi_dsub</name>
         <value>0x2141</value>
         <object_component_ref idref="oc-504"/>
      </symbol>
      <symbol id="sm-8dc">
         <name>__aeabi_dadd</name>
         <value>0x214b</value>
         <object_component_ref idref="oc-504"/>
      </symbol>
      <symbol id="sm-8fe">
         <name>__aeabi_cdcmpeq</name>
         <value>0x3855</value>
         <object_component_ref idref="oc-4e0"/>
      </symbol>
      <symbol id="sm-8ff">
         <name>__aeabi_cdcmple</name>
         <value>0x3855</value>
         <object_component_ref idref="oc-4e0"/>
      </symbol>
      <symbol id="sm-900">
         <name>__aeabi_cdrcmple</name>
         <value>0x38db</value>
         <object_component_ref idref="oc-4ef"/>
      </symbol>
      <symbol id="sm-914">
         <name>__aeabi_ddiv</name>
         <value>0x22f7</value>
         <object_component_ref idref="oc-4ea"/>
      </symbol>
      <symbol id="sm-91f">
         <name>__aeabi_dmul</name>
         <value>0x2bc1</value>
         <object_component_ref idref="oc-4e5"/>
      </symbol>
      <symbol id="sm-929">
         <name>__aeabi_d2iz</name>
         <value>0x458d</value>
         <object_component_ref idref="oc-4f4"/>
      </symbol>
      <symbol id="sm-940">
         <name>putc</name>
         <value>0x357d</value>
         <object_component_ref idref="oc-473"/>
      </symbol>
      <symbol id="sm-941">
         <name>fputc</name>
         <value>0x357d</value>
         <object_component_ref idref="oc-473"/>
      </symbol>
      <symbol id="sm-942">
         <name>putchar</name>
         <value>0x3601</value>
         <object_component_ref idref="oc-473"/>
      </symbol>
      <symbol id="sm-954">
         <name>fseek</name>
         <value>0x3ed1</value>
         <object_component_ref idref="oc-2bb"/>
      </symbol>
      <symbol id="sm-95f">
         <name>__aeabi_i2d</name>
         <value>0x47d5</value>
         <object_component_ref idref="oc-4ff"/>
      </symbol>
      <symbol id="sm-96e">
         <name>ltoa</name>
         <value>0x41d9</value>
         <object_component_ref idref="oc-4f9"/>
      </symbol>
      <symbol id="sm-97e">
         <name>memccpy</name>
         <value>0x496f</value>
         <object_component_ref idref="oc-515"/>
      </symbol>
      <symbol id="sm-999">
         <name>frexpl</name>
         <value>0x3f35</value>
         <object_component_ref idref="oc-509"/>
      </symbol>
      <symbol id="sm-99a">
         <name>frexp</name>
         <value>0x3f35</value>
         <object_component_ref idref="oc-509"/>
      </symbol>
      <symbol id="sm-9b7">
         <name>scalbn</name>
         <value>0x2cbd</value>
         <object_component_ref idref="oc-50f"/>
      </symbol>
      <symbol id="sm-9b8">
         <name>scalbnl</name>
         <value>0x2cbd</value>
         <object_component_ref idref="oc-50f"/>
      </symbol>
      <symbol id="sm-9b9">
         <name>ldexpl</name>
         <value>0x2cbd</value>
         <object_component_ref idref="oc-50f"/>
      </symbol>
      <symbol id="sm-9ba">
         <name>ldexp</name>
         <value>0x2cbd</value>
         <object_component_ref idref="oc-50f"/>
      </symbol>
      <symbol id="sm-9d6">
         <name>setvbuf</name>
         <value>0x3079</value>
         <object_component_ref idref="oc-2c1"/>
      </symbol>
      <symbol id="sm-9e0">
         <name>_system_post_cinit</name>
         <value>0x3dff</value>
         <object_component_ref idref="oc-de"/>
      </symbol>
      <symbol id="sm-9ee">
         <name>strcpy</name>
         <value>0x4abd</value>
         <object_component_ref idref="oc-4b0"/>
      </symbol>
      <symbol id="sm-a0a">
         <name>__aeabi_uldivmod</name>
         <value>0x1d89</value>
         <object_component_ref idref="oc-4db"/>
      </symbol>
      <symbol id="sm-a12">
         <name>errno</name>
         <value>0x20007af0</value>
         <object_component_ref idref="oc-55b"/>
      </symbol>
      <symbol id="sm-a49">
         <name>__TI_cleanup</name>
         <value>0x2045</value>
         <object_component_ref idref="oc-3cc"/>
      </symbol>
      <symbol id="sm-a4a">
         <name>freopen</name>
         <value>0x2071</value>
         <object_component_ref idref="oc-3cc"/>
      </symbol>
      <symbol id="sm-a4b">
         <name>fopen</name>
         <value>0x209b</value>
         <object_component_ref idref="oc-3cc"/>
      </symbol>
      <symbol id="sm-aba">
         <name>_sys_memory</name>
         <value>0x20007d00</value>
         <object_component_ref idref="oc-2b"/>
      </symbol>
      <symbol id="sm-abb">
         <name>free</name>
         <value>0x1473</value>
         <object_component_ref idref="oc-3c6"/>
      </symbol>
      <symbol id="sm-abc">
         <name>realloc</name>
         <value>0x1535</value>
         <object_component_ref idref="oc-3c6"/>
      </symbol>
      <symbol id="sm-abd">
         <name>memalign</name>
         <value>0x1641</value>
         <object_component_ref idref="oc-3c6"/>
      </symbol>
      <symbol id="sm-abe">
         <name>calloc</name>
         <value>0x1725</value>
         <object_component_ref idref="oc-3c6"/>
      </symbol>
      <symbol id="sm-abf">
         <name>malloc</name>
         <value>0x140b</value>
         <object_component_ref idref="oc-3c6"/>
      </symbol>
      <symbol id="sm-ac0">
         <name>minit</name>
         <value>0x137d</value>
         <object_component_ref idref="oc-3c6"/>
      </symbol>
      <symbol id="sm-aca">
         <name>copysign</name>
         <value>0x4aa9</value>
         <object_component_ref idref="oc-555"/>
      </symbol>
      <symbol id="sm-acb">
         <name>copysignl</name>
         <value>0x4aa9</value>
         <object_component_ref idref="oc-555"/>
      </symbol>
      <symbol id="sm-ae1">
         <name>__TI_closefile</name>
         <value>0x34e5</value>
         <object_component_ref idref="oc-499"/>
      </symbol>
      <symbol id="sm-ae2">
         <name>fclose</name>
         <value>0x354b</value>
         <object_component_ref idref="oc-499"/>
      </symbol>
      <symbol id="sm-b1e">
         <name>GPIOPinTypePWM</name>
         <value>0x4af9</value>
         <object_component_ref idref="oc-22a"/>
      </symbol>
      <symbol id="sm-b1f">
         <name>GPIOPinConfigure</name>
         <value>0x44fd</value>
         <object_component_ref idref="oc-1cc"/>
      </symbol>
      <symbol id="sm-b20">
         <name>GPIOPinTypeUART</name>
         <value>0x4b0b</value>
         <object_component_ref idref="oc-1d2"/>
      </symbol>
      <symbol id="sm-b21">
         <name>GPIODirModeSet</name>
         <value>0x4831</value>
         <object_component_ref idref="oc-29f"/>
      </symbol>
      <symbol id="sm-b22">
         <name>GPIOPadConfigSet</name>
         <value>0x2561</value>
         <object_component_ref idref="oc-2a5"/>
      </symbol>
      <symbol id="sm-b50">
         <name>PWMGenPeriodSet</name>
         <value>0x4b41</value>
         <object_component_ref idref="oc-236"/>
      </symbol>
      <symbol id="sm-b51">
         <name>PWMPulseWidthSet</name>
         <value>0x4935</value>
         <object_component_ref idref="oc-23c"/>
      </symbol>
      <symbol id="sm-b52">
         <name>PWMOutputState</name>
         <value>0x4b1d</value>
         <object_component_ref idref="oc-248"/>
      </symbol>
      <symbol id="sm-b53">
         <name>PWMGenEnable</name>
         <value>0x4b7f</value>
         <object_component_ref idref="oc-242"/>
      </symbol>
      <symbol id="sm-b54">
         <name>PWMGenConfigure</name>
         <value>0x48d3</value>
         <object_component_ref idref="oc-230"/>
      </symbol>
      <symbol id="sm-b96">
         <name>SysCtlClockSet</name>
         <value>0x2db9</value>
         <object_component_ref idref="oc-144"/>
      </symbol>
      <symbol id="sm-b97">
         <name>SysCtlDelay</name>
         <value>0x4bb3</value>
         <object_component_ref idref="oc-1c8"/>
      </symbol>
      <symbol id="sm-b98">
         <name>SysCtlPeripheralEnable</name>
         <value>0x4741</value>
         <object_component_ref idref="oc-14a"/>
      </symbol>
      <symbol id="sm-b99">
         <name>SysCtlPWMClockSet</name>
         <value>0x4a81</value>
         <object_component_ref idref="oc-21e"/>
      </symbol>
      <symbol id="sm-b9a">
         <name>SysCtlPeripheralReady</name>
         <value>0x46d1</value>
         <object_component_ref idref="oc-224"/>
      </symbol>
      <symbol id="sm-ba7">
         <name>UARTClockSourceSet</name>
         <value>0x4bb9</value>
         <object_component_ref idref="oc-1d8"/>
      </symbol>
      <symbol id="sm-ba9">
         <name>__TI_static_base__</name>
         <value>0x0</value>
      </symbol>
      <symbol id="sm-bac">
         <name>SHT$$INIT_ARRAY$$Limit</name>
         <value>0x0</value>
      </symbol>
      <symbol id="sm-bad">
         <name>SHT$$INIT_ARRAY$$Base</name>
         <value>0x0</value>
      </symbol>
      <symbol id="sm-bae">
         <name>remove</name>
         <value>0x1b0d</value>
      </symbol>
   </symbol_table>
   <title>Link successful</title>
</link_info>
