******************************************************************************
                  TI ARM Linker PC v15.12.3                    
******************************************************************************
>> Linked Thu Aug 24 13:16:55 2017

OUTPUT FILE NAME:   <EmulatorFinal.out>
ENTRY POINT SYMBOL: "_c_int00"  address: 00002589


MEMORY CONFIGURATION

         name            origin    length      used     unused   attr    fill
----------------------  --------  ---------  --------  --------  ----  --------
  FLASH                 00000000   00040000  00002f3a  0003d0c6  R  X
  SRAM                  20000000   00008000  00000524  00007adc  RW X


SEGMENT ALLOCATION MAP

run origin  load origin   length   init length attrs members
----------  ----------- ---------- ----------- ----- -------
00000000    00000000    00002f3c   00002f3c    r-x
  00000000    00000000    0000026c   0000026c    r-- .intvecs
  0000026c    0000026c    000027e6   000027e6    r-x .text
  00002a54    00002a54    0000047c   0000047c    r-- .const
  00002ed0    00002ed0    0000006c   0000006c    r-- .cinit
20000000    20000000    00000524   00000000    rw-
  20000000    20000000    0000026c   00000000    rw- .vtable
  2000026c    2000026c    00000200   00000000    rw- .stack
  2000046c    2000046c    00000078   00000000    rw- .bss
  200004e4    200004e4    00000040   00000000    rw- .data


SECTION ALLOCATION MAP

 output                                  attributes/
section   page    origin      length       input sections
--------  ----  ----------  ----------   ----------------
.intvecs   0    00000000    0000026c     
                  00000000    0000026c     tm4c123gh6pm_startup_ccs.obj (.intvecs)

.text      0    0000026c    000027e6     
                  0000026c    00000c38     HeightandTail.obj (.text)
                  00000ea4    0000049c     uartstdio.obj (.text)
                  00001340    00000370     sendData.obj (.text)
                  000016b0    000001b6     rtsv7M4_T_le_v4SPD16_eabi.lib : fd_add_t2.obj (.text)
                  00001866    00000002                                   : i_div0.obj (.text)
                  00001868    000001a0     steup.obj (.text)
                  00001a08    00000170     main.obj (.text)
                  00001b78    00000136     rtsv7M4_T_le_v4SPD16_eabi.lib : fd_div_t2.obj (.text)
                  00001cae    00000132     driverlib.lib : gpio.obj (.text:GPIOPadConfigSet)
                  00001de0    00000128     interrupts.obj (.text)
                  00001f08    00000110     driverlib.lib : sysctl.obj (.text:SysCtlClockGet)
                  00002018    000000fc     rtsv7M4_T_le_v4SPD16_eabi.lib : fd_mul_t2.obj (.text)
                  00002114    000000f4     driverlib.lib : sysctl.obj (.text:SysCtlClockSet)
                  00002208    0000009c     rtsv7M4_T_le_v4SPD16_eabi.lib : memcpy_t2.obj (.text)
                  000022a4    0000007a                                   : memset_t2.obj (.text)
                  0000231e    00000002                                   : mpu_init.obj (.text)
                  00002320    00000070                                   : autoinit.obj (.text)
                  00002390    0000006e                                   : fd_tos_t2.obj (.text)
                  000023fe    0000006a                                   : copy_decompress_rle.obj (.text)
                  00002468    00000068     driverlib.lib : interrupt.obj (.text:IntEnable)
                  000024d0    00000060                   : timer.obj (.text:TimerConfigure)
                  00002530    00000056                   : gpio.obj (.text:GPIOIntTypeSet)
                  00002586    00000002     rtsv7M4_T_le_v4SPD16_eabi.lib : startup.obj (.text)
                  00002588    00000054                                   : boot.obj (.text)
                  000025dc    00000054                                   : exit.obj (.text)
                  00002630    0000004c                                   : cpy_tbl.obj (.text)
                  0000267c    00000048     driverlib.lib : gpio.obj (.text:GPIOPinConfigure)
                  000026c4    00000046                   : uart.obj (.text:UARTConfigSetExpClk)
                  0000270a    00000002     --HOLE-- [fill = 0]
                  0000270c    00000040                   : gpio.obj (.text:_GPIOIntNumberGet)
                  0000274c    00000040     rtsv7M4_T_le_v4SPD16_eabi.lib : u_divt2.obj (.text)
                  0000278c    0000003c     driverlib.lib : ssi.obj (.text:SSIConfigSetExpClk)
                  000027c8    00000038                   : sysctl.obj (.text:SysCtlPeripheralPresent)
                  00002800    00000038     rtsv7M4_T_le_v4SPD16_eabi.lib : fs_tod_t2.obj (.text)
                  00002838    00000034     driverlib.lib : interrupt.obj (.text:IntRegister)
                  0000286c    00000034                   : sysctl.obj (.text:SysCtlPeripheralEnable)
                  000028a0    0000002a                   : gpio.obj (.text:GPIODirModeSet)
                  000028ca    00000002     --HOLE-- [fill = 0]
                  000028cc    00000020                   : uart.obj (.text:UARTDisable)
                  000028ec    00000018                   : gpio.obj (.text:GPIOIntRegister)
                  00002904    00000018                   : gpio.obj (.text:GPIOPinTypeGPIOOutput)
                  0000291c    00000018     rtsv7M4_T_le_v4SPD16_eabi.lib : args_main.obj (.text)
                  00002934    00000014     driverlib.lib : uart.obj (.text:UARTEnable)
                  00002948    00000014     rtsv7M4_T_le_v4SPD16_eabi.lib : _lock.obj (.text)
                  0000295c    00000012     driverlib.lib : gpio.obj (.text:GPIOPinTypeGPIOInput)
                  0000296e    00000012                   : gpio.obj (.text:GPIOPinTypeSSI)
                  00002980    00000012                   : gpio.obj (.text:GPIOPinTypeUART)
                  00002992    00000012                   : timer.obj (.text:TimerLoadSet)
                  000029a4    00000010                   : interrupt.obj (.text:IntMasterEnable)
                  000029b4    0000000e                   : timer.obj (.text:TimerEnable)
                  000029c2    0000000e     rtsv7M4_T_le_v4SPD16_eabi.lib : copy_decompress_none.obj (.text:decompress:none)
                  000029d0    0000000c     driverlib.lib : cpu.obj (.text:CPUcpsie)
                  000029dc    0000000c                   : gpio.obj (.text:GPIOIntEnable)
                  000029e8    0000000c     tm4c123gh6pm_startup_ccs.obj (.text)
                  000029f4    0000000a     driverlib.lib : ssi.obj (.text:SSIDataPut)
                  000029fe    0000000a                   : ssi.obj (.text:SSIEnable)
                  00002a08    0000000a                   : timer.obj (.text:TimerValueGet)
                  00002a12    0000000a                   : uart.obj (.text:UARTCharGet)
                  00002a1c    0000000a                   : uart.obj (.text:UARTCharPut)
                  00002a26    00000006                   : gpio.obj (.text:GPIOIntClear)
                  00002a2c    00000006                   : gpio.obj (.text:GPIOPinRead)
                  00002a32    00000006                   : gpio.obj (.text:GPIOPinWrite)
                  00002a38    00000006                   : sysctl.obj (.text:SysCtlDelay)
                  00002a3e    00000006                   : uart.obj (.text:UARTClockSourceSet)
                  00002a44    00000006     rtsv7M4_T_le_v4SPD16_eabi.lib : copy_decompress_rle.obj (.text:decompress:rle24)
                  00002a4a    00000004     driverlib.lib : ssi.obj (.text:SSIIntClear)
                  00002a4e    00000004     rtsv7M4_T_le_v4SPD16_eabi.lib : pre_init.obj (.text)

.const     0    00002a54    0000047c     
                  00002a54    000000c0     driverlib.lib : gpio.obj (.const:g_ppui32GPIOIntMapBlizzard)
                  00002b14    000000c0                   : gpio.obj (.const:g_ppui32GPIOIntMapSnowflake)
                  00002bd4    00000090                   : gpio.obj (.const:g_pui32GPIOBaseAddrs)
                  00002c64    00000070                   : interrupt.obj (.const)
                  00002cd4    0000006c                   : sysctl.obj (.const:g_pui32Xtals)
                  00002d40    00000044     HeightandTail.obj (.const:$P$T0$1)
                  00002d84    00000044     HeightandTail.obj (.const:$P$T1$2)
                  00002dc8    00000040     HeightandTail.obj (.const:$P$T4$5)
                  00002e08    00000040     HeightandTail.obj (.const:$P$T5$6)
                  00002e48    0000002c     HeightandTail.obj (.const:$P$T2$3)
                  00002e74    0000002c     HeightandTail.obj (.const:$P$T3$4)
                  00002ea0    00000012     uartstdio.obj (.const:.string)
                  00002eb2    00000002     --HOLE-- [fill = 0]
                  00002eb4    0000000c     uartstdio.obj (.const:g_ui32UARTBase)
                  00002ec0    0000000c     uartstdio.obj (.const:g_ui32UARTPeriph)
                  00002ecc    00000004     uartstdio.obj (.const)

.cinit     0    00002ed0    0000006c     
                  00002ed0    0000002c     (.cinit..data.load) [load image, compression = rle]
                  00002efc    00000004     --HOLE-- [fill = 0]
                  00002f00    0000000b     (.cinit..vtable.load) [load image, compression = rle]
                  00002f0b    00000005     --HOLE-- [fill = 0]
                  00002f10    00000009     (.cinit..bss.load) [load image, compression = rle]
                  00002f19    00000003     --HOLE-- [fill = 0]
                  00002f1c    00000008     (__TI_handler_table)
                  00002f24    00000018     (__TI_cinit_table)

.init_array 
*          0    00000000    00000000     UNINITIALIZED

.vtable    0    20000000    0000026c     UNINITIALIZED
                  20000000    0000026c     driverlib.lib : interrupt.obj (.vtable)

.stack     0    2000026c    00000200     UNINITIALIZED
                  2000026c    00000200     --HOLE--

.bss       0    2000046c    00000078     UNINITIALIZED
                  2000046c    00000008     HeightandTail.obj (.bss:constantOne$8)
                  20000474    00000008     HeightandTail.obj (.bss:gain$17)
                  2000047c    00000008     HeightandTail.obj (.bss:height$11)
                  20000484    00000008     HeightandTail.obj (.bss:heliBody$15)
                  2000048c    00000008     HeightandTail.obj (.bss:heliMount$9)
                  20000494    00000008     HeightandTail.obj (.bss:mainMotorTorque$12)
                  2000049c    00000008     HeightandTail.obj (.bss:mainRotor$7)
                  200004a4    00000008     HeightandTail.obj (.bss:netTorque$14)
                  200004ac    00000008     HeightandTail.obj (.bss:tailRotor$13)
                  200004b4    00000008     HeightandTail.obj (.bss:yaw$16)
                  200004bc    00000008     (.common:PWM)
                  200004c4    00000008     (.common:PWMTail)
                  200004cc    00000004     (.common:fallingMain)
                  200004d0    00000004     (.common:fallingTail)
                  200004d4    00000004     (.common:prevRisingMain)
                  200004d8    00000004     (.common:prevRisingTail)
                  200004dc    00000004     (.common:risingMain)
                  200004e0    00000004     (.common:risingTail)

.data      0    200004e4    00000040     UNINITIALIZED
                  200004e4    0000000c     rtsv7M4_T_le_v4SPD16_eabi.lib : exit.obj (.data:$O1$$)
                  200004f0    0000000c     sendData.obj (.data)
                  200004fc    00000008     rtsv7M4_T_le_v4SPD16_eabi.lib : _lock.obj (.data:$O1$$)
                  20000504    00000008     HeightandTail.obj (.data)
                  2000050c    00000008     HeightandTail.obj (.data:integrator$10)
                  20000514    00000005     uartstdio.obj (.data)
                  20000519    00000003     --HOLE--
                  2000051c    00000004     rtsv7M4_T_le_v4SPD16_eabi.lib : stkdepth_vars.obj (.data)
                  20000520    00000004     steup.obj (.data)

MODULE SUMMARY

       Module                         code    ro data   rw data
       ------                         ----    -------   -------
    .\
       HeightandTail.obj              3128    352       136    
       sendData.obj                   880     0         12     
       tm4c123gh6pm_startup_ccs.obj   12      620       0      
       steup.obj                      416     0         4      
       main.obj                       368     0         0      
       interrupts.obj                 296     0         0      
    +--+------------------------------+-------+---------+---------+
       Total:                         5100    972       152    
                                                               
    .\utils\
       uartstdio.obj                  1180    46        5      
    +--+------------------------------+-------+---------+---------+
       Total:                         1180    46        5      
                                                               
    C:/ti/TivaWare_C_Series-2.1.3.156/driverlib/ccs/Debug/driverlib.lib
       gpio.obj                       702     528       0      
       interrupt.obj                  172     112       620    
       sysctl.obj                     630     108       0      
       uart.obj                       148     0         0      
       timer.obj                      138     0         0      
       ssi.obj                        84      0         0      
       cpu.obj                        12      0         0      
    +--+------------------------------+-------+---------+---------+
       Total:                         1886    748       620    
                                                               
    C:\ti\ccsv6\tools\compiler\arm_15.12.3.LTS\lib\rtsv7M4_T_le_v4SPD16_eabi.lib
       fd_add_t2.obj                  438     0         0      
       fd_div_t2.obj                  310     0         0      
       fd_mul_t2.obj                  252     0         0      
       memcpy_t2.obj                  156     0         0      
       memset_t2.obj                  122     0         0      
       autoinit.obj                   112     0         0      
       copy_decompress_rle.obj        112     0         0      
       fd_tos_t2.obj                  110     0         0      
       exit.obj                       84      0         12     
       boot.obj                       84      0         0      
       cpy_tbl.obj                    76      0         0      
       u_divt2.obj                    64      0         0      
       fs_tod_t2.obj                  56      0         0      
       _lock.obj                      20      0         8      
       args_main.obj                  24      0         0      
       copy_decompress_none.obj       14      0         0      
       pre_init.obj                   4       0         0      
       stkdepth_vars.obj              0       0         4      
       i_div0.obj                     2       0         0      
       mpu_init.obj                   2       0         0      
       startup.obj                    2       0         0      
    +--+------------------------------+-------+---------+---------+
       Total:                         2044    0         24     
                                                               
       Stack:                         0       0         512    
       Linker Generated:              0       96        0      
    +--+------------------------------+-------+---------+---------+
       Grand Total:                   10210   1862      1313   


LINKER GENERATED COPY TABLES

__TI_cinit_table @ 00002f24 records: 3, size/record: 8, table size: 24
	.data: load addr=00002ed0, load size=0000002c bytes, run addr=200004e4, run size=00000040 bytes, compression=rle
	.vtable: load addr=00002f00, load size=0000000b bytes, run addr=20000000, run size=0000026c bytes, compression=rle
	.bss: load addr=00002f10, load size=00000009 bytes, run addr=2000046c, run size=00000078 bytes, compression=rle


LINKER GENERATED HANDLER TABLE

__TI_handler_table @ 00002f1c records: 2, size/record: 4, table size: 8
	index: 0, handler: __TI_decompress_rle24
	index: 1, handler: __TI_decompress_none


GLOBAL SYMBOLS: SORTED ALPHABETICALLY BY Name 

address   name                           
-------   ----                           
000025dd  C$$EXIT                        
000029d1  CPUcpsie                       
0000191b  ConfigureInts                  
00001869  ConfigureUART                  
000018a5  EnablePeriph                   
000028a1  GPIODirModeSet                 
00002a27  GPIOIntClear                   
000029dd  GPIOIntEnable                  
000028ed  GPIOIntRegister                
00002531  GPIOIntTypeSet                 
00001caf  GPIOPadConfigSet               
0000267d  GPIOPinConfigure               
00002a2d  GPIOPinRead                    
0000295d  GPIOPinTypeGPIOInput           
00002905  GPIOPinTypeGPIOOutput          
0000296f  GPIOPinTypeSSI                 
00002981  GPIOPinTypeUART                
00002a33  GPIOPinWrite                   
00002469  IntEnable                      
000029a5  IntMasterEnable                
00002839  IntRegister                    
000005e1  LUTTwo_f                       
200004bc  PWM                            
200004c4  PWMTail                        
000029e9  ResetISR                       
UNDEFED   SHT$$INIT_ARRAY$$Base          
UNDEFED   SHT$$INIT_ARRAY$$Limit         
0000278d  SSIConfigSetExpClk             
000029f5  SSIDataPut                     
000029ff  SSIEnable                      
00002a4b  SSIIntClear                    
00001f09  SysCtlClockGet                 
00002115  SysCtlClockSet                 
00002a39  SysCtlDelay                    
0000286d  SysCtlPeripheralEnable         
000027c9  SysCtlPeripheralPresent        
000024d1  TimerConfigure                 
000029b5  TimerEnable                    
00002993  TimerLoadSet                   
00002a09  TimerValueGet                  
00002a13  UARTCharGet                    
00002a1d  UARTCharPut                    
00002a3f  UARTClockSourceSet             
000026c5  UARTConfigSetExpClk            
000028cd  UARTDisable                    
00002935  UARTEnable                     
00000ea5  UARTStdioConfig                
00000feb  UARTgetc                       
00000f31  UARTgets                       
0000130b  UARTprintf                     
00001011  UARTvprintf                    
00000eeb  UARTwrite                      
2000046c  __STACK_END                    
00000200  __STACK_SIZE                   
2000046c  __STACK_TOP                    
00002f24  __TI_CINIT_Base                
00002f3c  __TI_CINIT_Limit               
00002f1c  __TI_Handler_Table_Base        
00002f24  __TI_Handler_Table_Limit       
00002321  __TI_auto_init                 
200004e4  __TI_cleanup_ptr               
000029c3  __TI_decompress_none           
00002a45  __TI_decompress_rle24          
200004e8  __TI_dtors_ptr                 
200004ec  __TI_enable_exit_profile_output
ffffffff  __TI_pprof_out_hndl            
ffffffff  __TI_prof_data_size            
ffffffff  __TI_prof_data_start           
00000000  __TI_static_base__             
00002391  __aeabi_d2f                    
000016bb  __aeabi_dadd                   
00001b79  __aeabi_ddiv                   
00002019  __aeabi_dmul                   
000016b1  __aeabi_dsub                   
00002801  __aeabi_f2d                    
00001867  __aeabi_idiv0                  
000022a5  __aeabi_memclr                 
000022a5  __aeabi_memclr4                
000022a5  __aeabi_memclr8                
00002209  __aeabi_memcpy                 
00002209  __aeabi_memcpy4                
00002209  __aeabi_memcpy8                
000022a7  __aeabi_memset                 
000022a7  __aeabi_memset4                
000022a7  __aeabi_memset8                
0000274d  __aeabi_uidiv                  
0000274d  __aeabi_uidivmod               
ffffffff  __binit__                      
ffffffff  __c_args__                     
0000231f  __mpu_init                     
2000026c  __stack                        
0000291d  _args_main                     
00002589  _c_int00                       
200004fc  _lock                          
00002957  _nop                           
0000294f  _register_lock                 
00002949  _register_unlock               
00002587  _system_post_cinit             
00002a4f  _system_pre_init               
20000500  _unlock                        
000025e1  abort                          
ffffffff  binit                          
00000d35  calculateYaw                   
00000c71  claculateHeight                
00002631  copy_in                        
000025e9  exit                           
200004cc  fallingMain                    
200004d0  fallingTail                    
20000000  g_pfnRAMVectors                
00000000  g_pfnVectors                   
00000c23  gain_f                         
00001341  generateQuad                   
00000aed  heliBody_f                     
000004ab  heliMount_f                    
00001957  initSPIPins                    
00000531  integrator_f                   
00001a09  main                           
000002f7  mainForcePWM_f                 
000007b1  mainMotorTorque_f              
00001de1  mainPWMInt                     
0000026d  mainRotor_f                    
2000051c  main_func_sp                   
00002209  memcpy                         
000022ad  memset                         
00000939  netTorque_f                    
20000508  piDog                          
200004d4  prevRisingMain                 
200004d8  prevRisingTail                 
0000154d  referncePoint                  
200004dc  risingMain                     
200004e0  risingTail                     
000015ed  sendHeight                     
000019ab  setupInit                      
20000520  spiClock                       
20000504  step                           
00001e59  tailPWMInt                     
00000837  tailRotor_f                    
00000b85  yaw_f                          


GLOBAL SYMBOLS: SORTED BY Symbol Address 

address   name                           
-------   ----                           
00000000  __TI_static_base__             
00000000  g_pfnVectors                   
00000200  __STACK_SIZE                   
0000026d  mainRotor_f                    
000002f7  mainForcePWM_f                 
000004ab  heliMount_f                    
00000531  integrator_f                   
000005e1  LUTTwo_f                       
000007b1  mainMotorTorque_f              
00000837  tailRotor_f                    
00000939  netTorque_f                    
00000aed  heliBody_f                     
00000b85  yaw_f                          
00000c23  gain_f                         
00000c71  claculateHeight                
00000d35  calculateYaw                   
00000ea5  UARTStdioConfig                
00000eeb  UARTwrite                      
00000f31  UARTgets                       
00000feb  UARTgetc                       
00001011  UARTvprintf                    
0000130b  UARTprintf                     
00001341  generateQuad                   
0000154d  referncePoint                  
000015ed  sendHeight                     
000016b1  __aeabi_dsub                   
000016bb  __aeabi_dadd                   
00001867  __aeabi_idiv0                  
00001869  ConfigureUART                  
000018a5  EnablePeriph                   
0000191b  ConfigureInts                  
00001957  initSPIPins                    
000019ab  setupInit                      
00001a09  main                           
00001b79  __aeabi_ddiv                   
00001caf  GPIOPadConfigSet               
00001de1  mainPWMInt                     
00001e59  tailPWMInt                     
00001f09  SysCtlClockGet                 
00002019  __aeabi_dmul                   
00002115  SysCtlClockSet                 
00002209  __aeabi_memcpy                 
00002209  __aeabi_memcpy4                
00002209  __aeabi_memcpy8                
00002209  memcpy                         
000022a5  __aeabi_memclr                 
000022a5  __aeabi_memclr4                
000022a5  __aeabi_memclr8                
000022a7  __aeabi_memset                 
000022a7  __aeabi_memset4                
000022a7  __aeabi_memset8                
000022ad  memset                         
0000231f  __mpu_init                     
00002321  __TI_auto_init                 
00002391  __aeabi_d2f                    
00002469  IntEnable                      
000024d1  TimerConfigure                 
00002531  GPIOIntTypeSet                 
00002587  _system_post_cinit             
00002589  _c_int00                       
000025dd  C$$EXIT                        
000025e1  abort                          
000025e9  exit                           
00002631  copy_in                        
0000267d  GPIOPinConfigure               
000026c5  UARTConfigSetExpClk            
0000274d  __aeabi_uidiv                  
0000274d  __aeabi_uidivmod               
0000278d  SSIConfigSetExpClk             
000027c9  SysCtlPeripheralPresent        
00002801  __aeabi_f2d                    
00002839  IntRegister                    
0000286d  SysCtlPeripheralEnable         
000028a1  GPIODirModeSet                 
000028cd  UARTDisable                    
000028ed  GPIOIntRegister                
00002905  GPIOPinTypeGPIOOutput          
0000291d  _args_main                     
00002935  UARTEnable                     
00002949  _register_unlock               
0000294f  _register_lock                 
00002957  _nop                           
0000295d  GPIOPinTypeGPIOInput           
0000296f  GPIOPinTypeSSI                 
00002981  GPIOPinTypeUART                
00002993  TimerLoadSet                   
000029a5  IntMasterEnable                
000029b5  TimerEnable                    
000029c3  __TI_decompress_none           
000029d1  CPUcpsie                       
000029dd  GPIOIntEnable                  
000029e9  ResetISR                       
000029f5  SSIDataPut                     
000029ff  SSIEnable                      
00002a09  TimerValueGet                  
00002a13  UARTCharGet                    
00002a1d  UARTCharPut                    
00002a27  GPIOIntClear                   
00002a2d  GPIOPinRead                    
00002a33  GPIOPinWrite                   
00002a39  SysCtlDelay                    
00002a3f  UARTClockSourceSet             
00002a45  __TI_decompress_rle24          
00002a4b  SSIIntClear                    
00002a4f  _system_pre_init               
00002f1c  __TI_Handler_Table_Base        
00002f24  __TI_CINIT_Base                
00002f24  __TI_Handler_Table_Limit       
00002f3c  __TI_CINIT_Limit               
20000000  g_pfnRAMVectors                
2000026c  __stack                        
2000046c  __STACK_END                    
2000046c  __STACK_TOP                    
200004bc  PWM                            
200004c4  PWMTail                        
200004cc  fallingMain                    
200004d0  fallingTail                    
200004d4  prevRisingMain                 
200004d8  prevRisingTail                 
200004dc  risingMain                     
200004e0  risingTail                     
200004e4  __TI_cleanup_ptr               
200004e8  __TI_dtors_ptr                 
200004ec  __TI_enable_exit_profile_output
200004fc  _lock                          
20000500  _unlock                        
20000504  step                           
20000508  piDog                          
2000051c  main_func_sp                   
20000520  spiClock                       
ffffffff  __TI_pprof_out_hndl            
ffffffff  __TI_prof_data_size            
ffffffff  __TI_prof_data_start           
ffffffff  __binit__                      
ffffffff  __c_args__                     
ffffffff  binit                          
UNDEFED   SHT$$INIT_ARRAY$$Base          
UNDEFED   SHT$$INIT_ARRAY$$Limit         

[138 symbols]
