<?xml version="1.0"?>
<link_info>
   <banner>TI ARM Linker PC v15.12.3.LTS</banner>
   <copyright>Copyright (c) 1996-2015 Texas Instruments Incorporated</copyright>
   <link_time>0x599e2907</link_time>
   <link_errors>0x0</link_errors>
   <output_file>EmulatorFinal.out</output_file>
   <entry_point>
      <name>_c_int00</name>
      <address>0x2589</address>
   </entry_point>
   <input_file_list>
      <input_file id="fl-2">
         <path>.\</path>
         <kind>object</kind>
         <file>HeightandTail.obj</file>
         <name>HeightandTail.obj</name>
      </input_file>
      <input_file id="fl-3">
         <path>.\</path>
         <kind>object</kind>
         <file>interrupts.obj</file>
         <name>interrupts.obj</name>
      </input_file>
      <input_file id="fl-4">
         <path>.\</path>
         <kind>object</kind>
         <file>main.obj</file>
         <name>main.obj</name>
      </input_file>
      <input_file id="fl-5">
         <path>.\</path>
         <kind>object</kind>
         <file>sendData.obj</file>
         <name>sendData.obj</name>
      </input_file>
      <input_file id="fl-6">
         <path>.\</path>
         <kind>object</kind>
         <file>steup.obj</file>
         <name>steup.obj</name>
      </input_file>
      <input_file id="fl-7">
         <path>.\</path>
         <kind>object</kind>
         <file>tm4c123gh6pm_startup_ccs.obj</file>
         <name>tm4c123gh6pm_startup_ccs.obj</name>
      </input_file>
      <input_file id="fl-8">
         <path>.\utils\</path>
         <kind>object</kind>
         <file>uartstdio.obj</file>
         <name>uartstdio.obj</name>
      </input_file>
      <input_file id="fl-9">
         <path>.\utils\</path>
         <kind>object</kind>
         <file>ustdlib.obj</file>
         <name>ustdlib.obj</name>
      </input_file>
      <input_file id="fl-c4">
         <path>C:\ti\ccsv6\tools\compiler\arm_15.12.3.LTS\lib\</path>
         <kind>archive</kind>
         <file>rtsv7M4_T_le_v4SPD16_eabi.lib</file>
         <name>boot.obj</name>
      </input_file>
      <input_file id="fl-c5">
         <path>C:\ti\ccsv6\tools\compiler\arm_15.12.3.LTS\lib\</path>
         <kind>archive</kind>
         <file>rtsv7M4_T_le_v4SPD16_eabi.lib</file>
         <name>copy_decompress_none.obj</name>
      </input_file>
      <input_file id="fl-c6">
         <path>C:\ti\ccsv6\tools\compiler\arm_15.12.3.LTS\lib\</path>
         <kind>archive</kind>
         <file>rtsv7M4_T_le_v4SPD16_eabi.lib</file>
         <name>copy_decompress_rle.obj</name>
      </input_file>
      <input_file id="fl-c7">
         <path>C:\ti\ccsv6\tools\compiler\arm_15.12.3.LTS\lib\</path>
         <kind>archive</kind>
         <file>rtsv7M4_T_le_v4SPD16_eabi.lib</file>
         <name>copy_zero_init.obj</name>
      </input_file>
      <input_file id="fl-c8">
         <path>C:\ti\ccsv6\tools\compiler\arm_15.12.3.LTS\lib\</path>
         <kind>archive</kind>
         <file>rtsv7M4_T_le_v4SPD16_eabi.lib</file>
         <name>exit.obj</name>
      </input_file>
      <input_file id="fl-c9">
         <path>C:\ti\ccsv6\tools\compiler\arm_15.12.3.LTS\lib\</path>
         <kind>archive</kind>
         <file>rtsv7M4_T_le_v4SPD16_eabi.lib</file>
         <name>fd_add_t2.obj</name>
      </input_file>
      <input_file id="fl-ca">
         <path>C:\ti\ccsv6\tools\compiler\arm_15.12.3.LTS\lib\</path>
         <kind>archive</kind>
         <file>rtsv7M4_T_le_v4SPD16_eabi.lib</file>
         <name>fd_div_t2.obj</name>
      </input_file>
      <input_file id="fl-cb">
         <path>C:\ti\ccsv6\tools\compiler\arm_15.12.3.LTS\lib\</path>
         <kind>archive</kind>
         <file>rtsv7M4_T_le_v4SPD16_eabi.lib</file>
         <name>fd_mul_t2.obj</name>
      </input_file>
      <input_file id="fl-cc">
         <path>C:\ti\ccsv6\tools\compiler\arm_15.12.3.LTS\lib\</path>
         <kind>archive</kind>
         <file>rtsv7M4_T_le_v4SPD16_eabi.lib</file>
         <name>fd_tos_t2.obj</name>
      </input_file>
      <input_file id="fl-cd">
         <path>C:\ti\ccsv6\tools\compiler\arm_15.12.3.LTS\lib\</path>
         <kind>archive</kind>
         <file>rtsv7M4_T_le_v4SPD16_eabi.lib</file>
         <name>fs_tod_t2.obj</name>
      </input_file>
      <input_file id="fl-ce">
         <path>C:\ti\ccsv6\tools\compiler\arm_15.12.3.LTS\lib\</path>
         <kind>archive</kind>
         <file>rtsv7M4_T_le_v4SPD16_eabi.lib</file>
         <name>memcpy_t2.obj</name>
      </input_file>
      <input_file id="fl-cf">
         <path>C:\ti\ccsv6\tools\compiler\arm_15.12.3.LTS\lib\</path>
         <kind>archive</kind>
         <file>rtsv7M4_T_le_v4SPD16_eabi.lib</file>
         <name>memset_t2.obj</name>
      </input_file>
      <input_file id="fl-d0">
         <path>C:\ti\ccsv6\tools\compiler\arm_15.12.3.LTS\lib\</path>
         <kind>archive</kind>
         <file>rtsv7M4_T_le_v4SPD16_eabi.lib</file>
         <name>mpu_init.obj</name>
      </input_file>
      <input_file id="fl-d1">
         <path>C:\ti\ccsv6\tools\compiler\arm_15.12.3.LTS\lib\</path>
         <kind>archive</kind>
         <file>rtsv7M4_T_le_v4SPD16_eabi.lib</file>
         <name>pre_init.obj</name>
      </input_file>
      <input_file id="fl-d2">
         <path>C:\ti\ccsv6\tools\compiler\arm_15.12.3.LTS\lib\</path>
         <kind>archive</kind>
         <file>rtsv7M4_T_le_v4SPD16_eabi.lib</file>
         <name>stkdepth_vars.obj</name>
      </input_file>
      <input_file id="fl-d3">
         <path>C:\ti\ccsv6\tools\compiler\arm_15.12.3.LTS\lib\</path>
         <kind>archive</kind>
         <file>rtsv7M4_T_le_v4SPD16_eabi.lib</file>
         <name>u_divt2.obj</name>
      </input_file>
      <input_file id="fl-d4">
         <path>C:\ti\ccsv6\tools\compiler\arm_15.12.3.LTS\lib\</path>
         <kind>archive</kind>
         <file>rtsv7M4_T_le_v4SPD16_eabi.lib</file>
         <name>_lock.obj</name>
      </input_file>
      <input_file id="fl-d5">
         <path>C:\ti\ccsv6\tools\compiler\arm_15.12.3.LTS\lib\</path>
         <kind>archive</kind>
         <file>rtsv7M4_T_le_v4SPD16_eabi.lib</file>
         <name>args_main.obj</name>
      </input_file>
      <input_file id="fl-d6">
         <path>C:\ti\ccsv6\tools\compiler\arm_15.12.3.LTS\lib\</path>
         <kind>archive</kind>
         <file>rtsv7M4_T_le_v4SPD16_eabi.lib</file>
         <name>autoinit.obj</name>
      </input_file>
      <input_file id="fl-d7">
         <path>C:\ti\ccsv6\tools\compiler\arm_15.12.3.LTS\lib\</path>
         <kind>archive</kind>
         <file>rtsv7M4_T_le_v4SPD16_eabi.lib</file>
         <name>cpy_tbl.obj</name>
      </input_file>
      <input_file id="fl-d8">
         <path>C:\ti\ccsv6\tools\compiler\arm_15.12.3.LTS\lib\</path>
         <kind>archive</kind>
         <file>rtsv7M4_T_le_v4SPD16_eabi.lib</file>
         <name>i_div0.obj</name>
      </input_file>
      <input_file id="fl-d9">
         <path>C:\ti\ccsv6\tools\compiler\arm_15.12.3.LTS\lib\</path>
         <kind>archive</kind>
         <file>rtsv7M4_T_le_v4SPD16_eabi.lib</file>
         <name>startup.obj</name>
      </input_file>
      <input_file id="fl-da">
         <path>C:\ti\TivaWare_C_Series-2.1.3.156\driverlib\ccs\Debug\</path>
         <kind>archive</kind>
         <file>driverlib.lib</file>
         <name>gpio.obj</name>
      </input_file>
      <input_file id="fl-db">
         <path>C:\ti\TivaWare_C_Series-2.1.3.156\driverlib\ccs\Debug\</path>
         <kind>archive</kind>
         <file>driverlib.lib</file>
         <name>interrupt.obj</name>
      </input_file>
      <input_file id="fl-dc">
         <path>C:\ti\TivaWare_C_Series-2.1.3.156\driverlib\ccs\Debug\</path>
         <kind>archive</kind>
         <file>driverlib.lib</file>
         <name>ssi.obj</name>
      </input_file>
      <input_file id="fl-dd">
         <path>C:\ti\TivaWare_C_Series-2.1.3.156\driverlib\ccs\Debug\</path>
         <kind>archive</kind>
         <file>driverlib.lib</file>
         <name>sysctl.obj</name>
      </input_file>
      <input_file id="fl-de">
         <path>C:\ti\TivaWare_C_Series-2.1.3.156\driverlib\ccs\Debug\</path>
         <kind>archive</kind>
         <file>driverlib.lib</file>
         <name>timer.obj</name>
      </input_file>
      <input_file id="fl-df">
         <path>C:\ti\TivaWare_C_Series-2.1.3.156\driverlib\ccs\Debug\</path>
         <kind>archive</kind>
         <file>driverlib.lib</file>
         <name>uart.obj</name>
      </input_file>
      <input_file id="fl-e0">
         <path>C:\ti\TivaWare_C_Series-2.1.3.156\driverlib\ccs\Debug\</path>
         <kind>archive</kind>
         <file>driverlib.lib</file>
         <name>cpu.obj</name>
      </input_file>
   </input_file_list>
   <object_component_list>
      <object_component id="oc-f">
         <name>.intvecs</name>
         <load_address>0x0</load_address>
         <run_address>0x0</run_address>
         <size>0x26c</size>
         <input_file_ref idref="fl-7"/>
      </object_component>
      <object_component id="oc-d9">
         <name>.text</name>
         <load_address>0x26c</load_address>
         <run_address>0x26c</run_address>
         <size>0xc38</size>
         <input_file_ref idref="fl-2"/>
      </object_component>
      <object_component id="oc-d3">
         <name>.text</name>
         <load_address>0xea4</load_address>
         <run_address>0xea4</run_address>
         <size>0x49c</size>
         <input_file_ref idref="fl-8"/>
      </object_component>
      <object_component id="oc-df">
         <name>.text</name>
         <load_address>0x1340</load_address>
         <run_address>0x1340</run_address>
         <size>0x370</size>
         <input_file_ref idref="fl-5"/>
      </object_component>
      <object_component id="oc-1e0">
         <name>.text</name>
         <load_address>0x16b0</load_address>
         <run_address>0x16b0</run_address>
         <size>0x1b6</size>
         <input_file_ref idref="fl-c9"/>
      </object_component>
      <object_component id="oc-28f">
         <name>.text</name>
         <load_address>0x1866</load_address>
         <run_address>0x1866</run_address>
         <size>0x2</size>
         <input_file_ref idref="fl-d8"/>
      </object_component>
      <object_component id="oc-cd">
         <name>.text</name>
         <load_address>0x1868</load_address>
         <run_address>0x1868</run_address>
         <size>0x1a0</size>
         <input_file_ref idref="fl-6"/>
      </object_component>
      <object_component id="oc-ab">
         <name>.text</name>
         <load_address>0x1a08</load_address>
         <run_address>0x1a08</run_address>
         <size>0x170</size>
         <input_file_ref idref="fl-4"/>
      </object_component>
      <object_component id="oc-1d6">
         <name>.text</name>
         <load_address>0x1b78</load_address>
         <run_address>0x1b78</run_address>
         <size>0x136</size>
         <input_file_ref idref="fl-ca"/>
      </object_component>
      <object_component id="oc-22d">
         <name>.text:GPIOPadConfigSet</name>
         <load_address>0x1cae</load_address>
         <run_address>0x1cae</run_address>
         <size>0x132</size>
         <input_file_ref idref="fl-da"/>
      </object_component>
      <object_component id="oc-183">
         <name>.text</name>
         <load_address>0x1de0</load_address>
         <run_address>0x1de0</run_address>
         <size>0x128</size>
         <input_file_ref idref="fl-3"/>
      </object_component>
      <object_component id="oc-141">
         <name>.text:SysCtlClockGet</name>
         <load_address>0x1f08</load_address>
         <run_address>0x1f08</run_address>
         <size>0x110</size>
         <input_file_ref idref="fl-dd"/>
      </object_component>
      <object_component id="oc-1db">
         <name>.text</name>
         <load_address>0x2018</load_address>
         <run_address>0x2018</run_address>
         <size>0xfc</size>
         <input_file_ref idref="fl-cb"/>
      </object_component>
      <object_component id="oc-129">
         <name>.text:SysCtlClockSet</name>
         <load_address>0x2114</load_address>
         <run_address>0x2114</run_address>
         <size>0xf4</size>
         <input_file_ref idref="fl-dd"/>
      </object_component>
      <object_component id="oc-34">
         <name>.text</name>
         <load_address>0x2208</load_address>
         <run_address>0x2208</run_address>
         <size>0x9c</size>
         <input_file_ref idref="fl-ce"/>
      </object_component>
      <object_component id="oc-4d">
         <name>.text</name>
         <load_address>0x22a4</load_address>
         <run_address>0x22a4</run_address>
         <size>0x7a</size>
         <input_file_ref idref="fl-cf"/>
      </object_component>
      <object_component id="oc-59">
         <name>.text</name>
         <load_address>0x231e</load_address>
         <run_address>0x231e</run_address>
         <size>0x2</size>
         <input_file_ref idref="fl-d0"/>
      </object_component>
      <object_component id="oc-65">
         <name>.text</name>
         <load_address>0x2320</load_address>
         <run_address>0x2320</run_address>
         <size>0x70</size>
         <input_file_ref idref="fl-d6"/>
      </object_component>
      <object_component id="oc-1e5">
         <name>.text</name>
         <load_address>0x2390</load_address>
         <run_address>0x2390</run_address>
         <size>0x6e</size>
         <input_file_ref idref="fl-cc"/>
      </object_component>
      <object_component id="oc-40">
         <name>.text</name>
         <load_address>0x23fe</load_address>
         <run_address>0x23fe</run_address>
         <size>0x6a</size>
         <input_file_ref idref="fl-c6"/>
      </object_component>
      <object_component id="oc-24e">
         <name>.text:IntEnable</name>
         <load_address>0x2468</load_address>
         <run_address>0x2468</run_address>
         <size>0x68</size>
         <input_file_ref idref="fl-db"/>
      </object_component>
      <object_component id="oc-13b">
         <name>.text:TimerConfigure</name>
         <load_address>0x24d0</load_address>
         <run_address>0x24d0</run_address>
         <size>0x60</size>
         <input_file_ref idref="fl-de"/>
      </object_component>
      <object_component id="oc-159">
         <name>.text:GPIOIntTypeSet</name>
         <load_address>0x2530</load_address>
         <run_address>0x2530</run_address>
         <size>0x56</size>
         <input_file_ref idref="fl-da"/>
      </object_component>
      <object_component id="oc-a3">
         <name>.text</name>
         <load_address>0x2586</load_address>
         <run_address>0x2586</run_address>
         <size>0x2</size>
         <input_file_ref idref="fl-d9"/>
      </object_component>
      <object_component id="oc-24">
         <name>.text</name>
         <load_address>0x2588</load_address>
         <run_address>0x2588</run_address>
         <size>0x54</size>
         <input_file_ref idref="fl-c4"/>
      </object_component>
      <object_component id="oc-71">
         <name>.text</name>
         <load_address>0x25dc</load_address>
         <run_address>0x25dc</run_address>
         <size>0x54</size>
         <input_file_ref idref="fl-c8"/>
      </object_component>
      <object_component id="oc-9d">
         <name>.text</name>
         <load_address>0x2630</load_address>
         <run_address>0x2630</run_address>
         <size>0x4c</size>
         <input_file_ref idref="fl-d7"/>
      </object_component>
      <object_component id="oc-117">
         <name>.text:GPIOPinConfigure</name>
         <load_address>0x267c</load_address>
         <run_address>0x267c</run_address>
         <size>0x48</size>
         <input_file_ref idref="fl-da"/>
      </object_component>
      <object_component id="oc-193">
         <name>.text:UARTConfigSetExpClk</name>
         <load_address>0x26c4</load_address>
         <run_address>0x26c4</run_address>
         <size>0x46</size>
         <input_file_ref idref="fl-df"/>
      </object_component>
      <object_component id="oc-242">
         <name>.text:_GPIOIntNumberGet</name>
         <load_address>0x270c</load_address>
         <run_address>0x270c</run_address>
         <size>0x40</size>
         <input_file_ref idref="fl-da"/>
      </object_component>
      <object_component id="oc-1b4">
         <name>.text</name>
         <load_address>0x274c</load_address>
         <run_address>0x274c</run_address>
         <size>0x40</size>
         <input_file_ref idref="fl-d3"/>
      </object_component>
      <object_component id="oc-177">
         <name>.text:SSIConfigSetExpClk</name>
         <load_address>0x278c</load_address>
         <run_address>0x278c</run_address>
         <size>0x3c</size>
         <input_file_ref idref="fl-dc"/>
      </object_component>
      <object_component id="oc-18d">
         <name>.text:SysCtlPeripheralPresent</name>
         <load_address>0x27c8</load_address>
         <run_address>0x27c8</run_address>
         <size>0x38</size>
         <input_file_ref idref="fl-dd"/>
      </object_component>
      <object_component id="oc-1d1">
         <name>.text</name>
         <load_address>0x2800</load_address>
         <run_address>0x2800</run_address>
         <size>0x38</size>
         <input_file_ref idref="fl-cd"/>
      </object_component>
      <object_component id="oc-248">
         <name>.text:IntRegister</name>
         <load_address>0x2838</load_address>
         <run_address>0x2838</run_address>
         <size>0x34</size>
         <input_file_ref idref="fl-db"/>
      </object_component>
      <object_component id="oc-111">
         <name>.text:SysCtlPeripheralEnable</name>
         <load_address>0x286c</load_address>
         <run_address>0x286c</run_address>
         <size>0x34</size>
         <input_file_ref idref="fl-dd"/>
      </object_component>
      <object_component id="oc-227">
         <name>.text:GPIODirModeSet</name>
         <load_address>0x28a0</load_address>
         <run_address>0x28a0</run_address>
         <size>0x2a</size>
         <input_file_ref idref="fl-da"/>
      </object_component>
      <object_component id="oc-27f">
         <name>.text:UARTDisable</name>
         <load_address>0x28cc</load_address>
         <run_address>0x28cc</run_address>
         <size>0x20</size>
         <input_file_ref idref="fl-df"/>
      </object_component>
      <object_component id="oc-153">
         <name>.text:GPIOIntRegister</name>
         <load_address>0x28ec</load_address>
         <run_address>0x28ec</run_address>
         <size>0x18</size>
         <input_file_ref idref="fl-da"/>
      </object_component>
      <object_component id="oc-135">
         <name>.text:GPIOPinTypeGPIOOutput</name>
         <load_address>0x2904</load_address>
         <run_address>0x2904</run_address>
         <size>0x18</size>
         <input_file_ref idref="fl-da"/>
      </object_component>
      <object_component id="oc-6b">
         <name>.text</name>
         <load_address>0x291c</load_address>
         <run_address>0x291c</run_address>
         <size>0x18</size>
         <input_file_ref idref="fl-d5"/>
      </object_component>
      <object_component id="oc-199">
         <name>.text:UARTEnable</name>
         <load_address>0x2934</load_address>
         <run_address>0x2934</run_address>
         <size>0x14</size>
         <input_file_ref idref="fl-df"/>
      </object_component>
      <object_component id="oc-fe">
         <name>.text</name>
         <load_address>0x2948</load_address>
         <run_address>0x2948</run_address>
         <size>0x14</size>
         <input_file_ref idref="fl-d4"/>
      </object_component>
      <object_component id="oc-12f">
         <name>.text:GPIOPinTypeGPIOInput</name>
         <load_address>0x295c</load_address>
         <run_address>0x295c</run_address>
         <size>0x12</size>
         <input_file_ref idref="fl-da"/>
      </object_component>
      <object_component id="oc-16b">
         <name>.text:GPIOPinTypeSSI</name>
         <load_address>0x296e</load_address>
         <run_address>0x296e</run_address>
         <size>0x12</size>
         <input_file_ref idref="fl-da"/>
      </object_component>
      <object_component id="oc-11d">
         <name>.text:GPIOPinTypeUART</name>
         <load_address>0x2980</load_address>
         <run_address>0x2980</run_address>
         <size>0x12</size>
         <input_file_ref idref="fl-da"/>
      </object_component>
      <object_component id="oc-147">
         <name>.text:TimerLoadSet</name>
         <load_address>0x2992</load_address>
         <run_address>0x2992</run_address>
         <size>0x12</size>
         <input_file_ref idref="fl-de"/>
      </object_component>
      <object_component id="oc-15f">
         <name>.text:IntMasterEnable</name>
         <load_address>0x29a4</load_address>
         <run_address>0x29a4</run_address>
         <size>0x10</size>
         <input_file_ref idref="fl-db"/>
      </object_component>
      <object_component id="oc-14d">
         <name>.text:TimerEnable</name>
         <load_address>0x29b4</load_address>
         <run_address>0x29b4</run_address>
         <size>0xe</size>
         <input_file_ref idref="fl-de"/>
      </object_component>
      <object_component id="oc-12">
         <name>.text:decompress:none</name>
         <load_address>0x29c2</load_address>
         <run_address>0x29c2</run_address>
         <size>0xe</size>
         <input_file_ref idref="fl-c5"/>
      </object_component>
      <object_component id="oc-256">
         <name>.text:CPUcpsie</name>
         <load_address>0x29d0</load_address>
         <run_address>0x29d0</run_address>
         <size>0xc</size>
         <input_file_ref idref="fl-e0"/>
      </object_component>
      <object_component id="oc-165">
         <name>.text:GPIOIntEnable</name>
         <load_address>0x29dc</load_address>
         <run_address>0x29dc</run_address>
         <size>0xc</size>
         <input_file_ref idref="fl-da"/>
      </object_component>
      <object_component id="oc-2b">
         <name>.text</name>
         <load_address>0x29e8</load_address>
         <run_address>0x29e8</run_address>
         <size>0xc</size>
         <input_file_ref idref="fl-7"/>
      </object_component>
      <object_component id="oc-209">
         <name>.text:SSIDataPut</name>
         <load_address>0x29f4</load_address>
         <run_address>0x29f4</run_address>
         <size>0xa</size>
         <input_file_ref idref="fl-dc"/>
      </object_component>
      <object_component id="oc-17d">
         <name>.text:SSIEnable</name>
         <load_address>0x29fe</load_address>
         <run_address>0x29fe</run_address>
         <size>0xa</size>
         <input_file_ref idref="fl-dc"/>
      </object_component>
      <object_component id="oc-263">
         <name>.text:TimerValueGet</name>
         <load_address>0x2a08</load_address>
         <run_address>0x2a08</run_address>
         <size>0xa</size>
         <input_file_ref idref="fl-de"/>
      </object_component>
      <object_component id="oc-1a5">
         <name>.text:UARTCharGet</name>
         <load_address>0x2a12</load_address>
         <run_address>0x2a12</run_address>
         <size>0xa</size>
         <input_file_ref idref="fl-df"/>
      </object_component>
      <object_component id="oc-19f">
         <name>.text:UARTCharPut</name>
         <load_address>0x2a1c</load_address>
         <run_address>0x2a1c</run_address>
         <size>0xa</size>
         <input_file_ref idref="fl-df"/>
      </object_component>
      <object_component id="oc-26f">
         <name>.text:GPIOIntClear</name>
         <load_address>0x2a26</load_address>
         <run_address>0x2a26</run_address>
         <size>0x6</size>
         <input_file_ref idref="fl-da"/>
      </object_component>
      <object_component id="oc-269">
         <name>.text:GPIOPinRead</name>
         <load_address>0x2a2c</load_address>
         <run_address>0x2a2c</run_address>
         <size>0x6</size>
         <input_file_ref idref="fl-da"/>
      </object_component>
      <object_component id="oc-202">
         <name>.text:GPIOPinWrite</name>
         <load_address>0x2a32</load_address>
         <run_address>0x2a32</run_address>
         <size>0x6</size>
         <input_file_ref idref="fl-da"/>
      </object_component>
      <object_component id="oc-236">
         <name>.text:SysCtlDelay</name>
         <load_address>0x2a38</load_address>
         <run_address>0x2a38</run_address>
         <size>0x6</size>
         <input_file_ref idref="fl-dd"/>
      </object_component>
      <object_component id="oc-123">
         <name>.text:UARTClockSourceSet</name>
         <load_address>0x2a3e</load_address>
         <run_address>0x2a3e</run_address>
         <size>0x6</size>
         <input_file_ref idref="fl-df"/>
      </object_component>
      <object_component id="oc-18">
         <name>.text:decompress:rle24</name>
         <load_address>0x2a44</load_address>
         <run_address>0x2a44</run_address>
         <size>0x6</size>
         <input_file_ref idref="fl-c6"/>
      </object_component>
      <object_component id="oc-171">
         <name>.text:SSIIntClear</name>
         <load_address>0x2a4a</load_address>
         <run_address>0x2a4a</run_address>
         <size>0x4</size>
         <input_file_ref idref="fl-dc"/>
      </object_component>
      <object_component id="oc-5f">
         <name>.text</name>
         <load_address>0x2a4e</load_address>
         <run_address>0x2a4e</run_address>
         <size>0x4</size>
         <input_file_ref idref="fl-d1"/>
      </object_component>
      <object_component id="oc-2c3">
         <name>.const:g_ppui32GPIOIntMapBlizzard</name>
         <load_address>0x2a54</load_address>
         <run_address>0x2a54</run_address>
         <size>0xc0</size>
         <input_file_ref idref="fl-da"/>
      </object_component>
      <object_component id="oc-2c6">
         <name>.const:g_ppui32GPIOIntMapSnowflake</name>
         <load_address>0x2b14</load_address>
         <run_address>0x2b14</run_address>
         <size>0xc0</size>
         <input_file_ref idref="fl-da"/>
      </object_component>
      <object_component id="oc-222">
         <name>.const:g_pui32GPIOBaseAddrs</name>
         <load_address>0x2bd4</load_address>
         <run_address>0x2bd4</run_address>
         <size>0x90</size>
         <input_file_ref idref="fl-da"/>
      </object_component>
      <object_component id="oc-2cf">
         <name>.const</name>
         <load_address>0x2c64</load_address>
         <run_address>0x2c64</run_address>
         <size>0x70</size>
         <input_file_ref idref="fl-db"/>
      </object_component>
      <object_component id="oc-23c">
         <name>.const:g_pui32Xtals</name>
         <load_address>0x2cd4</load_address>
         <run_address>0x2cd4</run_address>
         <size>0x6c</size>
         <input_file_ref idref="fl-dd"/>
      </object_component>
      <object_component id="oc-1cb">
         <name>.const:$P$T0$1</name>
         <load_address>0x2d40</load_address>
         <run_address>0x2d40</run_address>
         <size>0x44</size>
         <input_file_ref idref="fl-2"/>
      </object_component>
      <object_component id="oc-1ce">
         <name>.const:$P$T1$2</name>
         <load_address>0x2d84</load_address>
         <run_address>0x2d84</run_address>
         <size>0x44</size>
         <input_file_ref idref="fl-2"/>
      </object_component>
      <object_component id="oc-1f0">
         <name>.const:$P$T4$5</name>
         <load_address>0x2dc8</load_address>
         <run_address>0x2dc8</run_address>
         <size>0x40</size>
         <input_file_ref idref="fl-2"/>
      </object_component>
      <object_component id="oc-1f3">
         <name>.const:$P$T5$6</name>
         <load_address>0x2e08</load_address>
         <run_address>0x2e08</run_address>
         <size>0x40</size>
         <input_file_ref idref="fl-2"/>
      </object_component>
      <object_component id="oc-1ea">
         <name>.const:$P$T2$3</name>
         <load_address>0x2e48</load_address>
         <run_address>0x2e48</run_address>
         <size>0x2c</size>
         <input_file_ref idref="fl-2"/>
      </object_component>
      <object_component id="oc-1ed">
         <name>.const:$P$T3$4</name>
         <load_address>0x2e74</load_address>
         <run_address>0x2e74</run_address>
         <size>0x2c</size>
         <input_file_ref idref="fl-2"/>
      </object_component>
      <object_component id="oc-296">
         <name>.const:.string</name>
         <load_address>0x2ea0</load_address>
         <run_address>0x2ea0</run_address>
         <size>0x12</size>
         <input_file_ref idref="fl-8"/>
      </object_component>
      <object_component id="oc-1b1">
         <name>.const:g_ui32UARTBase</name>
         <load_address>0x2eb4</load_address>
         <run_address>0x2eb4</run_address>
         <size>0xc</size>
         <input_file_ref idref="fl-8"/>
      </object_component>
      <object_component id="oc-1ab">
         <name>.const:g_ui32UARTPeriph</name>
         <load_address>0x2ec0</load_address>
         <run_address>0x2ec0</run_address>
         <size>0xc</size>
         <input_file_ref idref="fl-8"/>
      </object_component>
      <object_component id="oc-1b9">
         <name>.const</name>
         <load_address>0x2ecc</load_address>
         <run_address>0x2ecc</run_address>
         <size>0x4</size>
         <input_file_ref idref="fl-8"/>
      </object_component>
      <object_component id="oc-307">
         <name>.cinit..data.load</name>
         <load_address>0x2ed0</load_address>
         <run_address>0x2ed0</run_address>
         <size>0x2c</size>
      </object_component>
      <object_component id="oc-306">
         <name>.cinit..vtable.load</name>
         <load_address>0x2f00</load_address>
         <run_address>0x2f00</run_address>
         <size>0xb</size>
      </object_component>
      <object_component id="oc-308">
         <name>.cinit..bss.load</name>
         <load_address>0x2f10</load_address>
         <run_address>0x2f10</run_address>
         <size>0x9</size>
      </object_component>
      <object_component id="oc-304">
         <name>__TI_handler_table</name>
         <load_address>0x2f1c</load_address>
         <run_address>0x2f1c</run_address>
         <size>0x8</size>
      </object_component>
      <object_component id="oc-305">
         <name>__TI_cinit_table</name>
         <load_address>0x2f24</load_address>
         <run_address>0x2f24</run_address>
         <size>0x18</size>
      </object_component>
      <object_component id="oc-2ca">
         <name>.vtable</name>
         <uninitialized>true</uninitialized>
         <run_address>0x20000000</run_address>
         <size>0x26c</size>
         <input_file_ref idref="fl-db"/>
      </object_component>
      <object_component id="oc-1c8">
         <name>.data</name>
         <load_address>0x20000504</load_address>
         <run_address>0x20000504</run_address>
         <size>0x8</size>
         <input_file_ref idref="fl-2"/>
      </object_component>
      <object_component id="oc-1f9">
         <name>.data:integrator$10</name>
         <load_address>0x2000050c</load_address>
         <run_address>0x2000050c</run_address>
         <size>0x8</size>
         <input_file_ref idref="fl-2"/>
      </object_component>
      <object_component id="oc-208">
         <name>.data</name>
         <load_address>0x200004f0</load_address>
         <run_address>0x200004f0</run_address>
         <size>0xc</size>
         <input_file_ref idref="fl-5"/>
      </object_component>
      <object_component id="oc-189">
         <name>.data</name>
         <load_address>0x20000520</load_address>
         <run_address>0x20000520</run_address>
         <size>0x4</size>
         <input_file_ref idref="fl-6"/>
      </object_component>
      <object_component id="oc-1ae">
         <name>.data</name>
         <load_address>0x20000514</load_address>
         <run_address>0x20000514</run_address>
         <size>0x5</size>
         <input_file_ref idref="fl-8"/>
      </object_component>
      <object_component id="oc-b3">
         <name>.data:$O1$$</name>
         <load_address>0x200004e4</load_address>
         <run_address>0x200004e4</run_address>
         <size>0xc</size>
         <input_file_ref idref="fl-c8"/>
      </object_component>
      <object_component id="oc-77">
         <name>.data</name>
         <load_address>0x2000051c</load_address>
         <run_address>0x2000051c</run_address>
         <size>0x4</size>
         <input_file_ref idref="fl-d2"/>
      </object_component>
      <object_component id="oc-b6">
         <name>.data:$O1$$</name>
         <load_address>0x200004fc</load_address>
         <run_address>0x200004fc</run_address>
         <size>0x8</size>
         <input_file_ref idref="fl-d4"/>
      </object_component>
      <object_component id="oc-1f6">
         <name>.bss:mainRotor$7</name>
         <uninitialized>true</uninitialized>
         <run_address>0x2000049c</run_address>
         <size>0x8</size>
         <input_file_ref idref="fl-2"/>
      </object_component>
      <object_component id="oc-1f7">
         <name>.bss:constantOne$8</name>
         <uninitialized>true</uninitialized>
         <run_address>0x2000046c</run_address>
         <size>0x8</size>
         <input_file_ref idref="fl-2"/>
      </object_component>
      <object_component id="oc-1f8">
         <name>.bss:heliMount$9</name>
         <uninitialized>true</uninitialized>
         <run_address>0x2000048c</run_address>
         <size>0x8</size>
         <input_file_ref idref="fl-2"/>
      </object_component>
      <object_component id="oc-1fa">
         <name>.bss:height$11</name>
         <uninitialized>true</uninitialized>
         <run_address>0x2000047c</run_address>
         <size>0x8</size>
         <input_file_ref idref="fl-2"/>
      </object_component>
      <object_component id="oc-1fb">
         <name>.bss:mainMotorTorque$12</name>
         <uninitialized>true</uninitialized>
         <run_address>0x20000494</run_address>
         <size>0x8</size>
         <input_file_ref idref="fl-2"/>
      </object_component>
      <object_component id="oc-1fc">
         <name>.bss:tailRotor$13</name>
         <uninitialized>true</uninitialized>
         <run_address>0x200004ac</run_address>
         <size>0x8</size>
         <input_file_ref idref="fl-2"/>
      </object_component>
      <object_component id="oc-1fd">
         <name>.bss:netTorque$14</name>
         <uninitialized>true</uninitialized>
         <run_address>0x200004a4</run_address>
         <size>0x8</size>
         <input_file_ref idref="fl-2"/>
      </object_component>
      <object_component id="oc-1fe">
         <name>.bss:heliBody$15</name>
         <uninitialized>true</uninitialized>
         <run_address>0x20000484</run_address>
         <size>0x8</size>
         <input_file_ref idref="fl-2"/>
      </object_component>
      <object_component id="oc-1ff">
         <name>.bss:yaw$16</name>
         <uninitialized>true</uninitialized>
         <run_address>0x200004b4</run_address>
         <size>0x8</size>
         <input_file_ref idref="fl-2"/>
      </object_component>
      <object_component id="oc-200">
         <name>.bss:gain$17</name>
         <uninitialized>true</uninitialized>
         <run_address>0x20000474</run_address>
         <size>0x8</size>
         <input_file_ref idref="fl-2"/>
      </object_component>
      <object_component id="oc-276">
         <name>.common:risingMain</name>
         <uninitialized>true</uninitialized>
         <run_address>0x200004dc</run_address>
         <size>0x4</size>
      </object_component>
      <object_component id="oc-277">
         <name>.common:fallingMain</name>
         <uninitialized>true</uninitialized>
         <run_address>0x200004cc</run_address>
         <size>0x4</size>
      </object_component>
      <object_component id="oc-275">
         <name>.common:prevRisingMain</name>
         <uninitialized>true</uninitialized>
         <run_address>0x200004d4</run_address>
         <size>0x4</size>
      </object_component>
      <object_component id="oc-279">
         <name>.common:risingTail</name>
         <uninitialized>true</uninitialized>
         <run_address>0x200004e0</run_address>
         <size>0x4</size>
      </object_component>
      <object_component id="oc-27a">
         <name>.common:fallingTail</name>
         <uninitialized>true</uninitialized>
         <run_address>0x200004d0</run_address>
         <size>0x4</size>
      </object_component>
      <object_component id="oc-278">
         <name>.common:prevRisingTail</name>
         <uninitialized>true</uninitialized>
         <run_address>0x200004d8</run_address>
         <size>0x4</size>
      </object_component>
      <object_component id="oc-e5">
         <name>.common:PWM</name>
         <uninitialized>true</uninitialized>
         <run_address>0x200004bc</run_address>
         <size>0x8</size>
      </object_component>
      <object_component id="oc-ee">
         <name>.common:PWMTail</name>
         <uninitialized>true</uninitialized>
         <run_address>0x200004c4</run_address>
         <size>0x8</size>
      </object_component>
      <object_component id="oc-2a">
         <name>.stack</name>
         <uninitialized>true</uninitialized>
         <run_address>0x2000026c</run_address>
         <size>0x0</size>
         <input_file_ref idref="fl-c4"/>
      </object_component>
      <object_component id="oc-309">
         <name>.stack</name>
         <uninitialized>true</uninitialized>
         <run_address>0x2000026c</run_address>
         <size>0x0</size>
      </object_component>
      <object_component id="oc-e6">
         <name>.debug_info</name>
         <load_address>0x0</load_address>
         <run_address>0x0</run_address>
         <size>0x21f</size>
         <input_file_ref idref="fl-2"/>
      </object_component>
      <object_component id="oc-1c9">
         <name>.debug_info</name>
         <load_address>0x21f</load_address>
         <run_address>0x21f</run_address>
         <size>0xd2</size>
         <input_file_ref idref="fl-2"/>
      </object_component>
      <object_component id="oc-1cc">
         <name>.debug_info</name>
         <load_address>0x2f1</load_address>
         <run_address>0x2f1</run_address>
         <size>0xbc</size>
         <input_file_ref idref="fl-2"/>
      </object_component>
      <object_component id="oc-1cf">
         <name>.debug_info</name>
         <load_address>0x3ad</load_address>
         <run_address>0x3ad</run_address>
         <size>0xbc</size>
         <input_file_ref idref="fl-2"/>
      </object_component>
      <object_component id="oc-1eb">
         <name>.debug_info</name>
         <load_address>0x469</load_address>
         <run_address>0x469</run_address>
         <size>0xbc</size>
         <input_file_ref idref="fl-2"/>
      </object_component>
      <object_component id="oc-1ee">
         <name>.debug_info</name>
         <load_address>0x525</load_address>
         <run_address>0x525</run_address>
         <size>0xbc</size>
         <input_file_ref idref="fl-2"/>
      </object_component>
      <object_component id="oc-1f1">
         <name>.debug_info</name>
         <load_address>0x5e1</load_address>
         <run_address>0x5e1</run_address>
         <size>0xbc</size>
         <input_file_ref idref="fl-2"/>
      </object_component>
      <object_component id="oc-1f4">
         <name>.debug_info</name>
         <load_address>0x69d</load_address>
         <run_address>0x69d</run_address>
         <size>0xbc</size>
         <input_file_ref idref="fl-2"/>
      </object_component>
      <object_component id="oc-da">
         <name>.debug_info</name>
         <load_address>0x759</load_address>
         <run_address>0x759</run_address>
         <size>0x13b6</size>
         <input_file_ref idref="fl-2"/>
      </object_component>
      <object_component id="oc-8b">
         <name>.debug_info</name>
         <load_address>0x1b0f</load_address>
         <run_address>0x1b0f</run_address>
         <size>0x84</size>
         <input_file_ref idref="fl-2"/>
      </object_component>
      <object_component id="oc-7e">
         <name>.debug_info</name>
         <load_address>0x1b93</load_address>
         <run_address>0x1b93</run_address>
         <size>0x18b</size>
         <input_file_ref idref="fl-2"/>
      </object_component>
      <object_component id="oc-f0">
         <name>.debug_info</name>
         <load_address>0x1d1e</load_address>
         <run_address>0x1d1e</run_address>
         <size>0x55</size>
         <input_file_ref idref="fl-2"/>
      </object_component>
      <object_component id="oc-e8">
         <name>.debug_info</name>
         <load_address>0x1d73</load_address>
         <run_address>0x1d73</run_address>
         <size>0x272</size>
         <input_file_ref idref="fl-3"/>
      </object_component>
      <object_component id="oc-184">
         <name>.debug_info</name>
         <load_address>0x1fe5</load_address>
         <run_address>0x1fe5</run_address>
         <size>0x20f</size>
         <input_file_ref idref="fl-3"/>
      </object_component>
      <object_component id="oc-210">
         <name>.debug_info</name>
         <load_address>0x21f4</load_address>
         <run_address>0x21f4</run_address>
         <size>0x55</size>
         <input_file_ref idref="fl-3"/>
      </object_component>
      <object_component id="oc-ea">
         <name>.debug_info</name>
         <load_address>0x2249</load_address>
         <run_address>0x2249</run_address>
         <size>0x32a</size>
         <input_file_ref idref="fl-4"/>
      </object_component>
      <object_component id="oc-ac">
         <name>.debug_info</name>
         <load_address>0x2573</load_address>
         <run_address>0x2573</run_address>
         <size>0x1fb</size>
         <input_file_ref idref="fl-4"/>
      </object_component>
      <object_component id="oc-1c3">
         <name>.debug_info</name>
         <load_address>0x276e</load_address>
         <run_address>0x276e</run_address>
         <size>0x4e</size>
         <input_file_ref idref="fl-4"/>
      </object_component>
      <object_component id="oc-ec">
         <name>.debug_info</name>
         <load_address>0x27bc</load_address>
         <run_address>0x27bc</run_address>
         <size>0x220</size>
         <input_file_ref idref="fl-5"/>
      </object_component>
      <object_component id="oc-e0">
         <name>.debug_info</name>
         <load_address>0x29dc</load_address>
         <run_address>0x29dc</run_address>
         <size>0x50c</size>
         <input_file_ref idref="fl-5"/>
      </object_component>
      <object_component id="oc-18a">
         <name>.debug_info</name>
         <load_address>0x2ee8</load_address>
         <run_address>0x2ee8</run_address>
         <size>0xb7</size>
         <input_file_ref idref="fl-6"/>
      </object_component>
      <object_component id="oc-d0">
         <name>.debug_info</name>
         <load_address>0x2f9f</load_address>
         <run_address>0x2f9f</run_address>
         <size>0x5e9</size>
         <input_file_ref idref="fl-6"/>
      </object_component>
      <object_component id="oc-1bd">
         <name>.debug_info</name>
         <load_address>0x3588</load_address>
         <run_address>0x3588</run_address>
         <size>0x8b</size>
         <input_file_ref idref="fl-6"/>
      </object_component>
      <object_component id="oc-33">
         <name>.debug_info</name>
         <load_address>0x3613</load_address>
         <run_address>0x3613</run_address>
         <size>0xe7</size>
         <input_file_ref idref="fl-7"/>
      </object_component>
      <object_component id="oc-10">
         <name>.debug_info</name>
         <load_address>0x36fa</load_address>
         <run_address>0x36fa</run_address>
         <size>0xd2</size>
         <input_file_ref idref="fl-7"/>
      </object_component>
      <object_component id="oc-2c">
         <name>.debug_info</name>
         <load_address>0x37cc</load_address>
         <run_address>0x37cc</run_address>
         <size>0x24e</size>
         <input_file_ref idref="fl-7"/>
      </object_component>
      <object_component id="oc-1c2">
         <name>.debug_info</name>
         <load_address>0x3a1a</load_address>
         <run_address>0x3a1a</run_address>
         <size>0x246</size>
         <input_file_ref idref="fl-8"/>
      </object_component>
      <object_component id="oc-1af">
         <name>.debug_info</name>
         <load_address>0x3c60</load_address>
         <run_address>0x3c60</run_address>
         <size>0xe3</size>
         <input_file_ref idref="fl-8"/>
      </object_component>
      <object_component id="oc-1ba">
         <name>.debug_info</name>
         <load_address>0x3d43</load_address>
         <run_address>0x3d43</run_address>
         <size>0xdd</size>
         <input_file_ref idref="fl-8"/>
      </object_component>
      <object_component id="oc-1b2">
         <name>.debug_info</name>
         <load_address>0x3e20</load_address>
         <run_address>0x3e20</run_address>
         <size>0xeb</size>
         <input_file_ref idref="fl-8"/>
      </object_component>
      <object_component id="oc-1ac">
         <name>.debug_info</name>
         <load_address>0x3f0b</load_address>
         <run_address>0x3f0b</run_address>
         <size>0xef</size>
         <input_file_ref idref="fl-8"/>
      </object_component>
      <object_component id="oc-d5">
         <name>.debug_info</name>
         <load_address>0x3ffa</load_address>
         <run_address>0x3ffa</run_address>
         <size>0x948</size>
         <input_file_ref idref="fl-8"/>
      </object_component>
      <object_component id="oc-27">
         <name>.debug_info</name>
         <load_address>0x4942</load_address>
         <run_address>0x4942</run_address>
         <size>0x161</size>
         <input_file_ref idref="fl-c4"/>
      </object_component>
      <object_component id="oc-3f">
         <name>.debug_info</name>
         <load_address>0x4aa3</load_address>
         <run_address>0x4aa3</run_address>
         <size>0x141</size>
         <input_file_ref idref="fl-c5"/>
      </object_component>
      <object_component id="oc-15">
         <name>.debug_info</name>
         <load_address>0x4be4</load_address>
         <run_address>0x4be4</run_address>
         <size>0x1e0</size>
         <input_file_ref idref="fl-c5"/>
      </object_component>
      <object_component id="oc-3a">
         <name>.debug_info</name>
         <load_address>0x4dc4</load_address>
         <run_address>0x4dc4</run_address>
         <size>0x46</size>
         <input_file_ref idref="fl-c5"/>
      </object_component>
      <object_component id="oc-84">
         <name>.debug_info</name>
         <load_address>0x4e0a</load_address>
         <run_address>0x4e0a</run_address>
         <size>0x2c</size>
         <input_file_ref idref="fl-c5"/>
      </object_component>
      <object_component id="oc-47">
         <name>.debug_info</name>
         <load_address>0x4e36</load_address>
         <run_address>0x4e36</run_address>
         <size>0x135</size>
         <input_file_ref idref="fl-c6"/>
      </object_component>
      <object_component id="oc-44">
         <name>.debug_info</name>
         <load_address>0x4f6b</load_address>
         <run_address>0x4f6b</run_address>
         <size>0x248</size>
         <input_file_ref idref="fl-c6"/>
      </object_component>
      <object_component id="oc-1c">
         <name>.debug_info</name>
         <load_address>0x51b3</load_address>
         <run_address>0x51b3</run_address>
         <size>0x1b2</size>
         <input_file_ref idref="fl-c6"/>
      </object_component>
      <object_component id="oc-48">
         <name>.debug_info</name>
         <load_address>0x5365</load_address>
         <run_address>0x5365</run_address>
         <size>0x39</size>
         <input_file_ref idref="fl-c6"/>
      </object_component>
      <object_component id="oc-93">
         <name>.debug_info</name>
         <load_address>0x539e</load_address>
         <run_address>0x539e</run_address>
         <size>0x2c</size>
         <input_file_ref idref="fl-c6"/>
      </object_component>
      <object_component id="oc-ba">
         <name>.debug_info</name>
         <load_address>0x53ca</load_address>
         <run_address>0x53ca</run_address>
         <size>0x235</size>
         <input_file_ref idref="fl-c8"/>
      </object_component>
      <object_component id="oc-b4">
         <name>.debug_info</name>
         <load_address>0x55ff</load_address>
         <run_address>0x55ff</run_address>
         <size>0x186</size>
         <input_file_ref idref="fl-c8"/>
      </object_component>
      <object_component id="oc-72">
         <name>.debug_info</name>
         <load_address>0x5785</load_address>
         <run_address>0x5785</run_address>
         <size>0x215</size>
         <input_file_ref idref="fl-c8"/>
      </object_component>
      <object_component id="oc-1e3">
         <name>.debug_info</name>
         <load_address>0x599a</load_address>
         <run_address>0x599a</run_address>
         <size>0x145</size>
         <input_file_ref idref="fl-c9"/>
      </object_component>
      <object_component id="oc-1d7">
         <name>.debug_info</name>
         <load_address>0x5adf</load_address>
         <run_address>0x5adf</run_address>
         <size>0x133</size>
         <input_file_ref idref="fl-ca"/>
      </object_component>
      <object_component id="oc-1de">
         <name>.debug_info</name>
         <load_address>0x5c12</load_address>
         <run_address>0x5c12</run_address>
         <size>0x133</size>
         <input_file_ref idref="fl-cb"/>
      </object_component>
      <object_component id="oc-1e8">
         <name>.debug_info</name>
         <load_address>0x5d45</load_address>
         <run_address>0x5d45</run_address>
         <size>0x137</size>
         <input_file_ref idref="fl-cc"/>
      </object_component>
      <object_component id="oc-1d2">
         <name>.debug_info</name>
         <load_address>0x5e7c</load_address>
         <run_address>0x5e7c</run_address>
         <size>0x125</size>
         <input_file_ref idref="fl-cd"/>
      </object_component>
      <object_component id="oc-35">
         <name>.debug_info</name>
         <load_address>0x5fa1</load_address>
         <run_address>0x5fa1</run_address>
         <size>0x112</size>
         <input_file_ref idref="fl-ce"/>
      </object_component>
      <object_component id="oc-4e">
         <name>.debug_info</name>
         <load_address>0x60b3</load_address>
         <run_address>0x60b3</run_address>
         <size>0x140</size>
         <input_file_ref idref="fl-cf"/>
      </object_component>
      <object_component id="oc-5b">
         <name>.debug_info</name>
         <load_address>0x61f3</load_address>
         <run_address>0x61f3</run_address>
         <size>0x139</size>
         <input_file_ref idref="fl-d0"/>
      </object_component>
      <object_component id="oc-60">
         <name>.debug_info</name>
         <load_address>0x632c</load_address>
         <run_address>0x632c</run_address>
         <size>0x149</size>
         <input_file_ref idref="fl-d1"/>
      </object_component>
      <object_component id="oc-78">
         <name>.debug_info</name>
         <load_address>0x6475</load_address>
         <run_address>0x6475</run_address>
         <size>0x10a</size>
         <input_file_ref idref="fl-d2"/>
      </object_component>
      <object_component id="oc-1b7">
         <name>.debug_info</name>
         <load_address>0x657f</load_address>
         <run_address>0x657f</run_address>
         <size>0x13b</size>
         <input_file_ref idref="fl-d3"/>
      </object_component>
      <object_component id="oc-106">
         <name>.debug_info</name>
         <load_address>0x66ba</load_address>
         <run_address>0x66ba</run_address>
         <size>0x125</size>
         <input_file_ref idref="fl-d4"/>
      </object_component>
      <object_component id="oc-b7">
         <name>.debug_info</name>
         <load_address>0x67df</load_address>
         <run_address>0x67df</run_address>
         <size>0x114</size>
         <input_file_ref idref="fl-d4"/>
      </object_component>
      <object_component id="oc-102">
         <name>.debug_info</name>
         <load_address>0x68f3</load_address>
         <run_address>0x68f3</run_address>
         <size>0x220</size>
         <input_file_ref idref="fl-d4"/>
      </object_component>
      <object_component id="oc-b2">
         <name>.debug_info</name>
         <load_address>0x6b13</load_address>
         <run_address>0x6b13</run_address>
         <size>0x167</size>
         <input_file_ref idref="fl-d5"/>
      </object_component>
      <object_component id="oc-6d">
         <name>.debug_info</name>
         <load_address>0x6c7a</load_address>
         <run_address>0x6c7a</run_address>
         <size>0x168</size>
         <input_file_ref idref="fl-d5"/>
      </object_component>
      <object_component id="oc-f7">
         <name>.debug_info</name>
         <load_address>0x6de2</load_address>
         <run_address>0x6de2</run_address>
         <size>0x5e</size>
         <input_file_ref idref="fl-d5"/>
      </object_component>
      <object_component id="oc-aa">
         <name>.debug_info</name>
         <load_address>0x6e40</load_address>
         <run_address>0x6e40</run_address>
         <size>0x2ea</size>
         <input_file_ref idref="fl-d6"/>
      </object_component>
      <object_component id="oc-68">
         <name>.debug_info</name>
         <load_address>0x712a</load_address>
         <run_address>0x712a</run_address>
         <size>0x191</size>
         <input_file_ref idref="fl-d6"/>
      </object_component>
      <object_component id="oc-c3">
         <name>.debug_info</name>
         <load_address>0x72bb</load_address>
         <run_address>0x72bb</run_address>
         <size>0x39</size>
         <input_file_ref idref="fl-d6"/>
      </object_component>
      <object_component id="oc-c8">
         <name>.debug_info</name>
         <load_address>0x72f4</load_address>
         <run_address>0x72f4</run_address>
         <size>0xcd</size>
         <input_file_ref idref="fl-d6"/>
      </object_component>
      <object_component id="oc-bf">
         <name>.debug_info</name>
         <load_address>0x73c1</load_address>
         <run_address>0x73c1</run_address>
         <size>0x1e1</size>
         <input_file_ref idref="fl-d7"/>
      </object_component>
      <object_component id="oc-9f">
         <name>.debug_info</name>
         <load_address>0x75a2</load_address>
         <run_address>0x75a2</run_address>
         <size>0x184</size>
         <input_file_ref idref="fl-d7"/>
      </object_component>
      <object_component id="oc-10c">
         <name>.debug_info</name>
         <load_address>0x7726</load_address>
         <run_address>0x7726</run_address>
         <size>0x2c</size>
         <input_file_ref idref="fl-d7"/>
      </object_component>
      <object_component id="oc-290">
         <name>.debug_info</name>
         <load_address>0x7752</load_address>
         <run_address>0x7752</run_address>
         <size>0x148</size>
         <input_file_ref idref="fl-d8"/>
      </object_component>
      <object_component id="oc-a5">
         <name>.debug_info</name>
         <load_address>0x789a</load_address>
         <run_address>0x789a</run_address>
         <size>0x146</size>
         <input_file_ref idref="fl-d9"/>
      </object_component>
      <object_component id="oc-226">
         <name>.debug_info</name>
         <load_address>0x79e0</load_address>
         <run_address>0x79e0</run_address>
         <size>0x230</size>
         <input_file_ref idref="fl-da"/>
      </object_component>
      <object_component id="oc-2c4">
         <name>.debug_info</name>
         <load_address>0x7c10</load_address>
         <run_address>0x7c10</run_address>
         <size>0x167</size>
         <input_file_ref idref="fl-da"/>
      </object_component>
      <object_component id="oc-2c7">
         <name>.debug_info</name>
         <load_address>0x7d77</load_address>
         <run_address>0x7d77</run_address>
         <size>0x169</size>
         <input_file_ref idref="fl-da"/>
      </object_component>
      <object_component id="oc-223">
         <name>.debug_info</name>
         <load_address>0x7ee0</load_address>
         <run_address>0x7ee0</run_address>
         <size>0x15b</size>
         <input_file_ref idref="fl-da"/>
      </object_component>
      <object_component id="oc-204">
         <name>.debug_info</name>
         <load_address>0x803b</load_address>
         <run_address>0x803b</run_address>
         <size>0x2a3</size>
         <input_file_ref idref="fl-da"/>
      </object_component>
      <object_component id="oc-229">
         <name>.debug_info</name>
         <load_address>0x82de</load_address>
         <run_address>0x82de</run_address>
         <size>0x2b3</size>
         <input_file_ref idref="fl-da"/>
      </object_component>
      <object_component id="oc-22f">
         <name>.debug_info</name>
         <load_address>0x8591</load_address>
         <run_address>0x8591</run_address>
         <size>0x316</size>
         <input_file_ref idref="fl-da"/>
      </object_component>
      <object_component id="oc-11e">
         <name>.debug_info</name>
         <load_address>0x88a7</load_address>
         <run_address>0x88a7</run_address>
         <size>0x27b</size>
         <input_file_ref idref="fl-da"/>
      </object_component>
      <object_component id="oc-16c">
         <name>.debug_info</name>
         <load_address>0x8b22</load_address>
         <run_address>0x8b22</run_address>
         <size>0x279</size>
         <input_file_ref idref="fl-da"/>
      </object_component>
      <object_component id="oc-136">
         <name>.debug_info</name>
         <load_address>0x8d9b</load_address>
         <run_address>0x8d9b</run_address>
         <size>0x2b7</size>
         <input_file_ref idref="fl-da"/>
      </object_component>
      <object_component id="oc-130">
         <name>.debug_info</name>
         <load_address>0x9052</load_address>
         <run_address>0x9052</run_address>
         <size>0x285</size>
         <input_file_ref idref="fl-da"/>
      </object_component>
      <object_component id="oc-26a">
         <name>.debug_info</name>
         <load_address>0x92d7</load_address>
         <run_address>0x92d7</run_address>
         <size>0x27b</size>
         <input_file_ref idref="fl-da"/>
      </object_component>
      <object_component id="oc-118">
         <name>.debug_info</name>
         <load_address>0x9552</load_address>
         <run_address>0x9552</run_address>
         <size>0x280</size>
         <input_file_ref idref="fl-da"/>
      </object_component>
      <object_component id="oc-243">
         <name>.debug_info</name>
         <load_address>0x97d2</load_address>
         <run_address>0x97d2</run_address>
         <size>0x27e</size>
         <input_file_ref idref="fl-da"/>
      </object_component>
      <object_component id="oc-15a">
         <name>.debug_info</name>
         <load_address>0x9a50</load_address>
         <run_address>0x9a50</run_address>
         <size>0x2bb</size>
         <input_file_ref idref="fl-da"/>
      </object_component>
      <object_component id="oc-154">
         <name>.debug_info</name>
         <load_address>0x9d0b</load_address>
         <run_address>0x9d0b</run_address>
         <size>0x2cf</size>
         <input_file_ref idref="fl-da"/>
      </object_component>
      <object_component id="oc-166">
         <name>.debug_info</name>
         <load_address>0x9fda</load_address>
         <run_address>0x9fda</run_address>
         <size>0x28f</size>
         <input_file_ref idref="fl-da"/>
      </object_component>
      <object_component id="oc-270">
         <name>.debug_info</name>
         <load_address>0xa269</load_address>
         <run_address>0xa269</run_address>
         <size>0x28d</size>
         <input_file_ref idref="fl-da"/>
      </object_component>
      <object_component id="oc-2ce">
         <name>.debug_info</name>
         <load_address>0xa4f6</load_address>
         <run_address>0xa4f6</run_address>
         <size>0x20e</size>
         <input_file_ref idref="fl-db"/>
      </object_component>
      <object_component id="oc-2d0">
         <name>.debug_info</name>
         <load_address>0xa704</load_address>
         <run_address>0xa704</run_address>
         <size>0x210</size>
         <input_file_ref idref="fl-db"/>
      </object_component>
      <object_component id="oc-2cb">
         <name>.debug_info</name>
         <load_address>0xa914</load_address>
         <run_address>0xa914</run_address>
         <size>0x157</size>
         <input_file_ref idref="fl-db"/>
      </object_component>
      <object_component id="oc-249">
         <name>.debug_info</name>
         <load_address>0xaa6b</load_address>
         <run_address>0xaa6b</run_address>
         <size>0x2c1</size>
         <input_file_ref idref="fl-db"/>
      </object_component>
      <object_component id="oc-160">
         <name>.debug_info</name>
         <load_address>0xad2c</load_address>
         <run_address>0xad2c</run_address>
         <size>0x23e</size>
         <input_file_ref idref="fl-db"/>
      </object_component>
      <object_component id="oc-24f">
         <name>.debug_info</name>
         <load_address>0xaf6a</load_address>
         <run_address>0xaf6a</run_address>
         <size>0x268</size>
         <input_file_ref idref="fl-db"/>
      </object_component>
      <object_component id="oc-260">
         <name>.debug_info</name>
         <load_address>0xb1d2</load_address>
         <run_address>0xb1d2</run_address>
         <size>0x21c</size>
         <input_file_ref idref="fl-dc"/>
      </object_component>
      <object_component id="oc-172">
         <name>.debug_info</name>
         <load_address>0xb3ee</load_address>
         <run_address>0xb3ee</run_address>
         <size>0x288</size>
         <input_file_ref idref="fl-dc"/>
      </object_component>
      <object_component id="oc-17e">
         <name>.debug_info</name>
         <load_address>0xb676</load_address>
         <run_address>0xb676</run_address>
         <size>0x242</size>
         <input_file_ref idref="fl-dc"/>
      </object_component>
      <object_component id="oc-20a">
         <name>.debug_info</name>
         <load_address>0xb8b8</load_address>
         <run_address>0xb8b8</run_address>
         <size>0x276</size>
         <input_file_ref idref="fl-dc"/>
      </object_component>
      <object_component id="oc-179">
         <name>.debug_info</name>
         <load_address>0xbb2e</load_address>
         <run_address>0xbb2e</run_address>
         <size>0x3d9</size>
         <input_file_ref idref="fl-dc"/>
      </object_component>
      <object_component id="oc-221">
         <name>.debug_info</name>
         <load_address>0xbf07</load_address>
         <run_address>0xbf07</run_address>
         <size>0x298</size>
         <input_file_ref idref="fl-dd"/>
      </object_component>
      <object_component id="oc-23d">
         <name>.debug_info</name>
         <load_address>0xc19f</load_address>
         <run_address>0xc19f</run_address>
         <size>0x14d</size>
         <input_file_ref idref="fl-dd"/>
      </object_component>
      <object_component id="oc-18f">
         <name>.debug_info</name>
         <load_address>0xc2ec</load_address>
         <run_address>0xc2ec</run_address>
         <size>0x283</size>
         <input_file_ref idref="fl-dd"/>
      </object_component>
      <object_component id="oc-113">
         <name>.debug_info</name>
         <load_address>0xc56f</load_address>
         <run_address>0xc56f</run_address>
         <size>0x27d</size>
         <input_file_ref idref="fl-dd"/>
      </object_component>
      <object_component id="oc-12c">
         <name>.debug_info</name>
         <load_address>0xc7ec</load_address>
         <run_address>0xc7ec</run_address>
         <size>0x2db</size>
         <input_file_ref idref="fl-dd"/>
      </object_component>
      <object_component id="oc-144">
         <name>.debug_info</name>
         <load_address>0xcac7</load_address>
         <run_address>0xcac7</run_address>
         <size>0x2b5</size>
         <input_file_ref idref="fl-dd"/>
      </object_component>
      <object_component id="oc-2b2">
         <name>.debug_info</name>
         <load_address>0xcd7c</load_address>
         <run_address>0xcd7c</run_address>
         <size>0x5f</size>
         <input_file_ref idref="fl-dd"/>
      </object_component>
      <object_component id="oc-23b">
         <name>.debug_info</name>
         <load_address>0xcddb</load_address>
         <run_address>0xcddb</run_address>
         <size>0x223</size>
         <input_file_ref idref="fl-de"/>
      </object_component>
      <object_component id="oc-264">
         <name>.debug_info</name>
         <load_address>0xcffe</load_address>
         <run_address>0xcffe</run_address>
         <size>0x28a</size>
         <input_file_ref idref="fl-de"/>
      </object_component>
      <object_component id="oc-148">
         <name>.debug_info</name>
         <load_address>0xd288</load_address>
         <run_address>0xd288</run_address>
         <size>0x2ba</size>
         <input_file_ref idref="fl-de"/>
      </object_component>
      <object_component id="oc-14e">
         <name>.debug_info</name>
         <load_address>0xd542</load_address>
         <run_address>0xd542</run_address>
         <size>0x27f</size>
         <input_file_ref idref="fl-de"/>
      </object_component>
      <object_component id="oc-13c">
         <name>.debug_info</name>
         <load_address>0xd7c1</load_address>
         <run_address>0xd7c1</run_address>
         <size>0x28c</size>
         <input_file_ref idref="fl-de"/>
      </object_component>
      <object_component id="oc-235">
         <name>.debug_info</name>
         <load_address>0xda4d</load_address>
         <run_address>0xda4d</run_address>
         <size>0x227</size>
         <input_file_ref idref="fl-df"/>
      </object_component>
      <object_component id="oc-19b">
         <name>.debug_info</name>
         <load_address>0xdc74</load_address>
         <run_address>0xdc74</run_address>
         <size>0x247</size>
         <input_file_ref idref="fl-df"/>
      </object_component>
      <object_component id="oc-281">
         <name>.debug_info</name>
         <load_address>0xdebb</load_address>
         <run_address>0xdebb</run_address>
         <size>0x249</size>
         <input_file_ref idref="fl-df"/>
      </object_component>
      <object_component id="oc-195">
         <name>.debug_info</name>
         <load_address>0xe104</load_address>
         <run_address>0xe104</run_address>
         <size>0x326</size>
         <input_file_ref idref="fl-df"/>
      </object_component>
      <object_component id="oc-125">
         <name>.debug_info</name>
         <load_address>0xe42a</load_address>
         <run_address>0xe42a</run_address>
         <size>0x291</size>
         <input_file_ref idref="fl-df"/>
      </object_component>
      <object_component id="oc-1a1">
         <name>.debug_info</name>
         <load_address>0xe6bb</load_address>
         <run_address>0xe6bb</run_address>
         <size>0x273</size>
         <input_file_ref idref="fl-df"/>
      </object_component>
      <object_component id="oc-1a7">
         <name>.debug_info</name>
         <load_address>0xe92e</load_address>
         <run_address>0xe92e</run_address>
         <size>0x24d</size>
         <input_file_ref idref="fl-df"/>
      </object_component>
      <object_component id="oc-257">
         <name>.debug_info</name>
         <load_address>0xeb7b</load_address>
         <run_address>0xeb7b</run_address>
         <size>0x212</size>
         <input_file_ref idref="fl-e0"/>
      </object_component>
      <object_component id="oc-30a">
         <name>.debug_info</name>
         <load_address>0xed8d</load_address>
         <run_address>0xed8d</run_address>
         <size>0x88</size>
      </object_component>
      <object_component id="oc-216">
         <name>.debug_line</name>
         <load_address>0x0</load_address>
         <run_address>0x0</run_address>
         <size>0x30</size>
         <input_file_ref idref="fl-2"/>
      </object_component>
      <object_component id="oc-29c">
         <name>.debug_line</name>
         <load_address>0x30</load_address>
         <run_address>0x30</run_address>
         <size>0x36</size>
         <input_file_ref idref="fl-2"/>
      </object_component>
      <object_component id="oc-29e">
         <name>.debug_line</name>
         <load_address>0x66</load_address>
         <run_address>0x66</run_address>
         <size>0x36</size>
         <input_file_ref idref="fl-2"/>
      </object_component>
      <object_component id="oc-2a0">
         <name>.debug_line</name>
         <load_address>0x9c</load_address>
         <run_address>0x9c</run_address>
         <size>0x36</size>
         <input_file_ref idref="fl-2"/>
      </object_component>
      <object_component id="oc-2a7">
         <name>.debug_line</name>
         <load_address>0xd2</load_address>
         <run_address>0xd2</run_address>
         <size>0x36</size>
         <input_file_ref idref="fl-2"/>
      </object_component>
      <object_component id="oc-2a9">
         <name>.debug_line</name>
         <load_address>0x108</load_address>
         <run_address>0x108</run_address>
         <size>0x36</size>
         <input_file_ref idref="fl-2"/>
      </object_component>
      <object_component id="oc-2ab">
         <name>.debug_line</name>
         <load_address>0x13e</load_address>
         <run_address>0x13e</run_address>
         <size>0x36</size>
         <input_file_ref idref="fl-2"/>
      </object_component>
      <object_component id="oc-2ad">
         <name>.debug_line</name>
         <load_address>0x174</load_address>
         <run_address>0x174</run_address>
         <size>0x36</size>
         <input_file_ref idref="fl-2"/>
      </object_component>
      <object_component id="oc-de">
         <name>.debug_line</name>
         <load_address>0x1aa</load_address>
         <run_address>0x1aa</run_address>
         <size>0x2c0</size>
         <input_file_ref idref="fl-2"/>
      </object_component>
      <object_component id="oc-8e">
         <name>.debug_line</name>
         <load_address>0x46a</load_address>
         <run_address>0x46a</run_address>
         <size>0x20</size>
         <input_file_ref idref="fl-2"/>
      </object_component>
      <object_component id="oc-81">
         <name>.debug_line</name>
         <load_address>0x48a</load_address>
         <run_address>0x48a</run_address>
         <size>0x5f</size>
         <input_file_ref idref="fl-2"/>
      </object_component>
      <object_component id="oc-f3">
         <name>.debug_line</name>
         <load_address>0x4e9</load_address>
         <run_address>0x4e9</run_address>
         <size>0x30</size>
         <input_file_ref idref="fl-2"/>
      </object_component>
      <object_component id="oc-218">
         <name>.debug_line</name>
         <load_address>0x519</load_address>
         <run_address>0x519</run_address>
         <size>0x9d</size>
         <input_file_ref idref="fl-3"/>
      </object_component>
      <object_component id="oc-188">
         <name>.debug_line</name>
         <load_address>0x5b6</load_address>
         <run_address>0x5b6</run_address>
         <size>0x8e</size>
         <input_file_ref idref="fl-3"/>
      </object_component>
      <object_component id="oc-213">
         <name>.debug_line</name>
         <load_address>0x644</load_address>
         <run_address>0x644</run_address>
         <size>0x30</size>
         <input_file_ref idref="fl-3"/>
      </object_component>
      <object_component id="oc-21a">
         <name>.debug_line</name>
         <load_address>0x674</load_address>
         <run_address>0x674</run_address>
         <size>0x9c</size>
         <input_file_ref idref="fl-4"/>
      </object_component>
      <object_component id="oc-b0">
         <name>.debug_line</name>
         <load_address>0x710</load_address>
         <run_address>0x710</run_address>
         <size>0x6b</size>
         <input_file_ref idref="fl-4"/>
      </object_component>
      <object_component id="oc-1c6">
         <name>.debug_line</name>
         <load_address>0x77b</load_address>
         <run_address>0x77b</run_address>
         <size>0x5f</size>
         <input_file_ref idref="fl-4"/>
      </object_component>
      <object_component id="oc-21c">
         <name>.debug_line</name>
         <load_address>0x7da</load_address>
         <run_address>0x7da</run_address>
         <size>0x9b</size>
         <input_file_ref idref="fl-5"/>
      </object_component>
      <object_component id="oc-e3">
         <name>.debug_line</name>
         <load_address>0x875</load_address>
         <run_address>0x875</run_address>
         <size>0x148</size>
         <input_file_ref idref="fl-5"/>
      </object_component>
      <object_component id="oc-27d">
         <name>.debug_line</name>
         <load_address>0x9bd</load_address>
         <run_address>0x9bd</run_address>
         <size>0x2e</size>
         <input_file_ref idref="fl-6"/>
      </object_component>
      <object_component id="oc-d2">
         <name>.debug_line</name>
         <load_address>0x9eb</load_address>
         <run_address>0x9eb</run_address>
         <size>0xd3</size>
         <input_file_ref idref="fl-6"/>
      </object_component>
      <object_component id="oc-1c0">
         <name>.debug_line</name>
         <load_address>0xabe</load_address>
         <run_address>0xabe</run_address>
         <size>0x20</size>
         <input_file_ref idref="fl-6"/>
      </object_component>
      <object_component id="oc-7d">
         <name>.debug_line</name>
         <load_address>0xade</load_address>
         <run_address>0xade</run_address>
         <size>0x41</size>
         <input_file_ref idref="fl-7"/>
      </object_component>
      <object_component id="oc-32">
         <name>.debug_line</name>
         <load_address>0xb1f</load_address>
         <run_address>0xb1f</run_address>
         <size>0x41</size>
         <input_file_ref idref="fl-7"/>
      </object_component>
      <object_component id="oc-2f">
         <name>.debug_line</name>
         <load_address>0xb60</load_address>
         <run_address>0xb60</run_address>
         <size>0xa1</size>
         <input_file_ref idref="fl-7"/>
      </object_component>
      <object_component id="oc-29a">
         <name>.debug_line</name>
         <load_address>0xc01</load_address>
         <run_address>0xc01</run_address>
         <size>0x8e</size>
         <input_file_ref idref="fl-8"/>
      </object_component>
      <object_component id="oc-28c">
         <name>.debug_line</name>
         <load_address>0xc8f</load_address>
         <run_address>0xc8f</run_address>
         <size>0x57</size>
         <input_file_ref idref="fl-8"/>
      </object_component>
      <object_component id="oc-298">
         <name>.debug_line</name>
         <load_address>0xce6</load_address>
         <run_address>0xce6</run_address>
         <size>0x57</size>
         <input_file_ref idref="fl-8"/>
      </object_component>
      <object_component id="oc-28e">
         <name>.debug_line</name>
         <load_address>0xd3d</load_address>
         <run_address>0xd3d</run_address>
         <size>0x57</size>
         <input_file_ref idref="fl-8"/>
      </object_component>
      <object_component id="oc-28a">
         <name>.debug_line</name>
         <load_address>0xd94</load_address>
         <run_address>0xd94</run_address>
         <size>0x57</size>
         <input_file_ref idref="fl-8"/>
      </object_component>
      <object_component id="oc-d4">
         <name>.debug_line</name>
         <load_address>0xdeb</load_address>
         <run_address>0xdeb</run_address>
         <size>0x2a8</size>
         <input_file_ref idref="fl-8"/>
      </object_component>
      <object_component id="oc-25">
         <name>.debug_line</name>
         <load_address>0x1093</load_address>
         <run_address>0x1093</run_address>
         <size>0x53</size>
         <input_file_ref idref="fl-c4"/>
      </object_component>
      <object_component id="oc-8a">
         <name>.debug_line</name>
         <load_address>0x10e6</load_address>
         <run_address>0x10e6</run_address>
         <size>0x8a</size>
         <input_file_ref idref="fl-c5"/>
      </object_component>
      <object_component id="oc-13">
         <name>.debug_line</name>
         <load_address>0x1170</load_address>
         <run_address>0x1170</run_address>
         <size>0x55</size>
         <input_file_ref idref="fl-c5"/>
      </object_component>
      <object_component id="oc-3d">
         <name>.debug_line</name>
         <load_address>0x11c5</load_address>
         <run_address>0x11c5</run_address>
         <size>0x3a</size>
         <input_file_ref idref="fl-c5"/>
      </object_component>
      <object_component id="oc-87">
         <name>.debug_line</name>
         <load_address>0x11ff</load_address>
         <run_address>0x11ff</run_address>
         <size>0x8a</size>
         <input_file_ref idref="fl-c5"/>
      </object_component>
      <object_component id="oc-92">
         <name>.debug_line</name>
         <load_address>0x1289</load_address>
         <run_address>0x1289</run_address>
         <size>0x8a</size>
         <input_file_ref idref="fl-c6"/>
      </object_component>
      <object_component id="oc-41">
         <name>.debug_line</name>
         <load_address>0x1313</load_address>
         <run_address>0x1313</run_address>
         <size>0x98</size>
         <input_file_ref idref="fl-c6"/>
      </object_component>
      <object_component id="oc-19">
         <name>.debug_line</name>
         <load_address>0x13ab</load_address>
         <run_address>0x13ab</run_address>
         <size>0x4b</size>
         <input_file_ref idref="fl-c6"/>
      </object_component>
      <object_component id="oc-4b">
         <name>.debug_line</name>
         <load_address>0x13f6</load_address>
         <run_address>0x13f6</run_address>
         <size>0x39</size>
         <input_file_ref idref="fl-c6"/>
      </object_component>
      <object_component id="oc-96">
         <name>.debug_line</name>
         <load_address>0x142f</load_address>
         <run_address>0x142f</run_address>
         <size>0x8a</size>
         <input_file_ref idref="fl-c6"/>
      </object_component>
      <object_component id="oc-109">
         <name>.debug_line</name>
         <load_address>0x14b9</load_address>
         <run_address>0x14b9</run_address>
         <size>0xf2</size>
         <input_file_ref idref="fl-c8"/>
      </object_component>
      <object_component id="oc-fd">
         <name>.debug_line</name>
         <load_address>0x15ab</load_address>
         <run_address>0x15ab</run_address>
         <size>0x2a</size>
         <input_file_ref idref="fl-c8"/>
      </object_component>
      <object_component id="oc-75">
         <name>.debug_line</name>
         <load_address>0x15d5</load_address>
         <run_address>0x15d5</run_address>
         <size>0x86</size>
         <input_file_ref idref="fl-c8"/>
      </object_component>
      <object_component id="oc-1e1">
         <name>.debug_line</name>
         <load_address>0x165b</load_address>
         <run_address>0x165b</run_address>
         <size>0xd2</size>
         <input_file_ref idref="fl-c9"/>
      </object_component>
      <object_component id="oc-1da">
         <name>.debug_line</name>
         <load_address>0x172d</load_address>
         <run_address>0x172d</run_address>
         <size>0xa8</size>
         <input_file_ref idref="fl-ca"/>
      </object_component>
[...]
         <value>0xffffffff</value>
      </symbol>
      <symbol id="sm-7">
         <name>__binit__</name>
         <value>0xffffffff</value>
      </symbol>
      <symbol id="sm-8">
         <name>__STACK_SIZE</name>
         <value>0x200</value>
      </symbol>
      <symbol id="sm-9">
         <name>__STACK_END</name>
         <value>0x2000046c</value>
      </symbol>
      <symbol id="sm-a">
         <name>__c_args__</name>
         <value>0xffffffff</value>
      </symbol>
      <symbol id="sm-b">
         <name>__TI_pprof_out_hndl</name>
         <value>0xffffffff</value>
      </symbol>
      <symbol id="sm-c">
         <name>__TI_prof_data_start</name>
         <value>0xffffffff</value>
      </symbol>
      <symbol id="sm-d">
         <name>__TI_prof_data_size</name>
         <value>0xffffffff</value>
      </symbol>
      <symbol id="sm-e5">
         <name>risingMain</name>
         <value>0x200004dc</value>
      </symbol>
      <symbol id="sm-e6">
         <name>fallingMain</name>
         <value>0x200004cc</value>
      </symbol>
      <symbol id="sm-e7">
         <name>prevRisingMain</name>
         <value>0x200004d4</value>
      </symbol>
      <symbol id="sm-e8">
         <name>risingTail</name>
         <value>0x200004e0</value>
      </symbol>
      <symbol id="sm-e9">
         <name>fallingTail</name>
         <value>0x200004d0</value>
      </symbol>
      <symbol id="sm-ea">
         <name>prevRisingTail</name>
         <value>0x200004d8</value>
      </symbol>
      <symbol id="sm-eb">
         <name>PWM</name>
         <value>0x200004bc</value>
      </symbol>
      <symbol id="sm-ec">
         <name>PWMTail</name>
         <value>0x200004c4</value>
      </symbol>
      <symbol id="sm-ed">
         <name>heliBody_f</name>
         <value>0xaed</value>
         <object_component_ref idref="oc-d9"/>
      </symbol>
      <symbol id="sm-ee">
         <name>piDog</name>
         <value>0x20000508</value>
         <object_component_ref idref="oc-1c8"/>
      </symbol>
      <symbol id="sm-ef">
         <name>integrator_f</name>
         <value>0x531</value>
         <object_component_ref idref="oc-d9"/>
      </symbol>
      <symbol id="sm-f0">
         <name>gain_f</name>
         <value>0xc23</value>
         <object_component_ref idref="oc-d9"/>
      </symbol>
      <symbol id="sm-f1">
         <name>tailRotor_f</name>
         <value>0x837</value>
         <object_component_ref idref="oc-d9"/>
      </symbol>
      <symbol id="sm-f2">
         <name>mainRotor_f</name>
         <value>0x26d</value>
         <object_component_ref idref="oc-d9"/>
      </symbol>
      <symbol id="sm-f3">
         <name>mainForcePWM_f</name>
         <value>0x2f7</value>
         <object_component_ref idref="oc-d9"/>
      </symbol>
      <symbol id="sm-f4">
         <name>step</name>
         <value>0x20000504</value>
         <object_component_ref idref="oc-1c8"/>
      </symbol>
      <symbol id="sm-f5">
         <name>calculateYaw</name>
         <value>0xd35</value>
         <object_component_ref idref="oc-d9"/>
      </symbol>
      <symbol id="sm-f6">
         <name>netTorque_f</name>
         <value>0x939</value>
         <object_component_ref idref="oc-d9"/>
      </symbol>
      <symbol id="sm-f7">
         <name>LUTTwo_f</name>
         <value>0x5e1</value>
         <object_component_ref idref="oc-d9"/>
      </symbol>
      <symbol id="sm-f8">
         <name>heliMount_f</name>
         <value>0x4ab</value>
         <object_component_ref idref="oc-d9"/>
      </symbol>
      <symbol id="sm-f9">
         <name>mainMotorTorque_f</name>
         <value>0x7b1</value>
         <object_component_ref idref="oc-d9"/>
      </symbol>
      <symbol id="sm-fa">
         <name>claculateHeight</name>
         <value>0xc71</value>
         <object_component_ref idref="oc-d9"/>
      </symbol>
      <symbol id="sm-fb">
         <name>yaw_f</name>
         <value>0xb85</value>
         <object_component_ref idref="oc-d9"/>
      </symbol>
      <symbol id="sm-126">
         <name>tailPWMInt</name>
         <value>0x1e59</value>
         <object_component_ref idref="oc-183"/>
      </symbol>
      <symbol id="sm-127">
         <name>mainPWMInt</name>
         <value>0x1de1</value>
         <object_component_ref idref="oc-183"/>
      </symbol>
      <symbol id="sm-148">
         <name>main</name>
         <value>0x1a09</value>
         <object_component_ref idref="oc-ab"/>
      </symbol>
      <symbol id="sm-188">
         <name>sendHeight</name>
         <value>0x15ed</value>
         <object_component_ref idref="oc-df"/>
      </symbol>
      <symbol id="sm-189">
         <name>generateQuad</name>
         <value>0x1341</value>
         <object_component_ref idref="oc-df"/>
      </symbol>
      <symbol id="sm-18a">
         <name>referncePoint</name>
         <value>0x154d</value>
         <object_component_ref idref="oc-df"/>
      </symbol>
      <symbol id="sm-1b6">
         <name>EnablePeriph</name>
         <value>0x18a5</value>
         <object_component_ref idref="oc-cd"/>
      </symbol>
      <symbol id="sm-1b7">
         <name>spiClock</name>
         <value>0x20000520</value>
         <object_component_ref idref="oc-189"/>
      </symbol>
      <symbol id="sm-1b8">
         <name>ConfigureInts</name>
         <value>0x191b</value>
         <object_component_ref idref="oc-cd"/>
      </symbol>
      <symbol id="sm-1b9">
         <name>ConfigureUART</name>
         <value>0x1869</value>
         <object_component_ref idref="oc-cd"/>
      </symbol>
      <symbol id="sm-1ba">
         <name>setupInit</name>
         <value>0x19ab</value>
         <object_component_ref idref="oc-cd"/>
      </symbol>
      <symbol id="sm-1bb">
         <name>initSPIPins</name>
         <value>0x1957</value>
         <object_component_ref idref="oc-cd"/>
      </symbol>
      <symbol id="sm-1d7">
         <name>ResetISR</name>
         <value>0x29e9</value>
         <object_component_ref idref="oc-2b"/>
      </symbol>
      <symbol id="sm-1d8">
         <name>g_pfnVectors</name>
         <value>0x0</value>
         <object_component_ref idref="oc-f"/>
      </symbol>
      <symbol id="sm-247">
         <name>UARTgetc</name>
         <value>0xfeb</value>
         <object_component_ref idref="oc-d3"/>
      </symbol>
      <symbol id="sm-248">
         <name>UARTgets</name>
         <value>0xf31</value>
         <object_component_ref idref="oc-d3"/>
      </symbol>
      <symbol id="sm-249">
         <name>UARTStdioConfig</name>
         <value>0xea5</value>
         <object_component_ref idref="oc-d3"/>
      </symbol>
      <symbol id="sm-24a">
         <name>UARTwrite</name>
         <value>0xeeb</value>
         <object_component_ref idref="oc-d3"/>
      </symbol>
      <symbol id="sm-24b">
         <name>UARTprintf</name>
         <value>0x130b</value>
         <object_component_ref idref="oc-d3"/>
      </symbol>
      <symbol id="sm-24c">
         <name>UARTvprintf</name>
         <value>0x1011</value>
         <object_component_ref idref="oc-d3"/>
      </symbol>
      <symbol id="sm-25e">
         <name>_c_int00</name>
         <value>0x2589</value>
         <object_component_ref idref="oc-24"/>
      </symbol>
      <symbol id="sm-25f">
         <name>__stack</name>
         <value>0x2000026c</value>
         <object_component_ref idref="oc-2a"/>
      </symbol>
      <symbol id="sm-276">
         <name>__TI_decompress_none</name>
         <value>0x29c3</value>
         <object_component_ref idref="oc-12"/>
      </symbol>
      <symbol id="sm-29e">
         <name>__TI_decompress_rle24</name>
         <value>0x2a45</value>
         <object_component_ref idref="oc-18"/>
      </symbol>
      <symbol id="sm-2c0">
         <name>C$$EXIT</name>
         <value>0x25dd</value>
         <object_component_ref idref="oc-71"/>
      </symbol>
      <symbol id="sm-2c1">
         <name>abort</name>
         <value>0x25e1</value>
         <object_component_ref idref="oc-71"/>
      </symbol>
      <symbol id="sm-2c2">
         <name>exit</name>
         <value>0x25e9</value>
         <object_component_ref idref="oc-71"/>
      </symbol>
      <symbol id="sm-2c3">
         <name>__TI_dtors_ptr</name>
         <value>0x200004e8</value>
         <object_component_ref idref="oc-b3"/>
      </symbol>
      <symbol id="sm-2c4">
         <name>__TI_cleanup_ptr</name>
         <value>0x200004e4</value>
         <object_component_ref idref="oc-b3"/>
      </symbol>
      <symbol id="sm-2c5">
         <name>__TI_enable_exit_profile_output</name>
         <value>0x200004ec</value>
         <object_component_ref idref="oc-b3"/>
      </symbol>
      <symbol id="sm-2dc">
         <name>__aeabi_dsub</name>
         <value>0x16b1</value>
         <object_component_ref idref="oc-1e0"/>
      </symbol>
      <symbol id="sm-2dd">
         <name>__aeabi_dadd</name>
         <value>0x16bb</value>
         <object_component_ref idref="oc-1e0"/>
      </symbol>
      <symbol id="sm-2f1">
         <name>__aeabi_ddiv</name>
         <value>0x1b79</value>
         <object_component_ref idref="oc-1d6"/>
      </symbol>
      <symbol id="sm-2fc">
         <name>__aeabi_dmul</name>
         <value>0x2019</value>
         <object_component_ref idref="oc-1db"/>
      </symbol>
      <symbol id="sm-308">
         <name>__aeabi_d2f</name>
         <value>0x2391</value>
         <object_component_ref idref="oc-1e5"/>
      </symbol>
      <symbol id="sm-313">
         <name>__aeabi_f2d</name>
         <value>0x2801</value>
         <object_component_ref idref="oc-1d1"/>
      </symbol>
      <symbol id="sm-32e">
         <name>memcpy</name>
         <value>0x2209</value>
         <object_component_ref idref="oc-34"/>
      </symbol>
      <symbol id="sm-32f">
         <name>__aeabi_memcpy</name>
         <value>0x2209</value>
         <object_component_ref idref="oc-34"/>
      </symbol>
      <symbol id="sm-330">
         <name>__aeabi_memcpy8</name>
         <value>0x2209</value>
         <object_component_ref idref="oc-34"/>
      </symbol>
      <symbol id="sm-331">
         <name>__aeabi_memcpy4</name>
         <value>0x2209</value>
         <object_component_ref idref="oc-34"/>
      </symbol>
      <symbol id="sm-340">
         <name>__aeabi_memset</name>
         <value>0x22a7</value>
         <object_component_ref idref="oc-4d"/>
      </symbol>
      <symbol id="sm-341">
         <name>memset</name>
         <value>0x22ad</value>
         <object_component_ref idref="oc-4d"/>
      </symbol>
      <symbol id="sm-342">
         <name>__aeabi_memset8</name>
         <value>0x22a7</value>
         <object_component_ref idref="oc-4d"/>
      </symbol>
      <symbol id="sm-343">
         <name>__aeabi_memset4</name>
         <value>0x22a7</value>
         <object_component_ref idref="oc-4d"/>
      </symbol>
      <symbol id="sm-344">
         <name>__aeabi_memclr8</name>
         <value>0x22a5</value>
         <object_component_ref idref="oc-4d"/>
      </symbol>
      <symbol id="sm-345">
         <name>__aeabi_memclr4</name>
         <value>0x22a5</value>
         <object_component_ref idref="oc-4d"/>
      </symbol>
      <symbol id="sm-346">
         <name>__aeabi_memclr</name>
         <value>0x22a5</value>
         <object_component_ref idref="oc-4d"/>
      </symbol>
      <symbol id="sm-350">
         <name>__mpu_init</name>
         <value>0x231f</value>
         <object_component_ref idref="oc-59"/>
      </symbol>
      <symbol id="sm-35a">
         <name>_system_pre_init</name>
         <value>0x2a4f</value>
         <object_component_ref idref="oc-5f"/>
      </symbol>
      <symbol id="sm-362">
         <name>main_func_sp</name>
         <value>0x2000051c</value>
         <object_component_ref idref="oc-77"/>
      </symbol>
      <symbol id="sm-371">
         <name>__aeabi_uidivmod</name>
         <value>0x274d</value>
         <object_component_ref idref="oc-1b4"/>
      </symbol>
      <symbol id="sm-372">
         <name>__aeabi_uidiv</name>
         <value>0x274d</value>
         <object_component_ref idref="oc-1b4"/>
      </symbol>
      <symbol id="sm-38b">
         <name>_nop</name>
         <value>0x2957</value>
         <object_component_ref idref="oc-fe"/>
      </symbol>
      <symbol id="sm-38c">
         <name>_lock</name>
         <value>0x200004fc</value>
         <object_component_ref idref="oc-b6"/>
      </symbol>
      <symbol id="sm-38d">
         <name>_unlock</name>
         <value>0x20000500</value>
         <object_component_ref idref="oc-b6"/>
      </symbol>
      <symbol id="sm-38e">
         <name>_register_lock</name>
         <value>0x294f</value>
         <object_component_ref idref="oc-fe"/>
      </symbol>
      <symbol id="sm-38f">
         <name>_register_unlock</name>
         <value>0x2949</value>
         <object_component_ref idref="oc-fe"/>
      </symbol>
      <symbol id="sm-3a3">
         <name>_args_main</name>
         <value>0x291d</value>
         <object_component_ref idref="oc-6b"/>
      </symbol>
      <symbol id="sm-3c8">
         <name>__TI_auto_init</name>
         <value>0x2321</value>
         <object_component_ref idref="oc-65"/>
      </symbol>
      <symbol id="sm-3e2">
         <name>copy_in</name>
         <value>0x2631</value>
         <object_component_ref idref="oc-9d"/>
      </symbol>
      <symbol id="sm-3ec">
         <name>__aeabi_idiv0</name>
         <value>0x1867</value>
         <object_component_ref idref="oc-28f"/>
      </symbol>
      <symbol id="sm-3f6">
         <name>_system_post_cinit</name>
         <value>0x2587</value>
         <object_component_ref idref="oc-a3"/>
      </symbol>
      <symbol id="sm-48f">
         <name>GPIOIntRegister</name>
         <value>0x28ed</value>
         <object_component_ref idref="oc-153"/>
      </symbol>
      <symbol id="sm-490">
         <name>GPIOPinConfigure</name>
         <value>0x267d</value>
         <object_component_ref idref="oc-117"/>
      </symbol>
      <symbol id="sm-491">
         <name>GPIOIntEnable</name>
         <value>0x29dd</value>
         <object_component_ref idref="oc-165"/>
      </symbol>
      <symbol id="sm-492">
         <name>GPIOIntTypeSet</name>
         <value>0x2531</value>
         <object_component_ref idref="oc-159"/>
      </symbol>
      <symbol id="sm-493">
         <name>GPIOPinTypeGPIOInput</name>
         <value>0x295d</value>
         <object_component_ref idref="oc-12f"/>
      </symbol>
      <symbol id="sm-494">
         <name>GPIOIntClear</name>
         <value>0x2a27</value>
         <object_component_ref idref="oc-26f"/>
      </symbol>
      <symbol id="sm-495">
         <name>GPIOPinTypeUART</name>
         <value>0x2981</value>
         <object_component_ref idref="oc-11d"/>
      </symbol>
      <symbol id="sm-496">
         <name>GPIOPinTypeGPIOOutput</name>
         <value>0x2905</value>
         <object_component_ref idref="oc-135"/>
      </symbol>
      <symbol id="sm-497">
         <name>GPIOPinRead</name>
         <value>0x2a2d</value>
         <object_component_ref idref="oc-269"/>
      </symbol>
      <symbol id="sm-498">
         <name>GPIODirModeSet</name>
         <value>0x28a1</value>
         <object_component_ref idref="oc-227"/>
      </symbol>
      <symbol id="sm-499">
         <name>GPIOPinWrite</name>
         <value>0x2a33</value>
         <object_component_ref idref="oc-202"/>
      </symbol>
      <symbol id="sm-49a">
         <name>GPIOPadConfigSet</name>
         <value>0x1caf</value>
         <object_component_ref idref="oc-22d"/>
      </symbol>
      <symbol id="sm-49b">
         <name>GPIOPinTypeSSI</name>
         <value>0x296f</value>
         <object_component_ref idref="oc-16b"/>
      </symbol>
      <symbol id="sm-4dd">
         <name>IntEnable</name>
         <value>0x2469</value>
         <object_component_ref idref="oc-24e"/>
      </symbol>
      <symbol id="sm-4de">
         <name>IntRegister</name>
         <value>0x2839</value>
         <object_component_ref idref="oc-248"/>
      </symbol>
      <symbol id="sm-4df">
         <name>g_pfnRAMVectors</name>
         <value>0x20000000</value>
         <object_component_ref idref="oc-2ca"/>
      </symbol>
      <symbol id="sm-4e0">
         <name>IntMasterEnable</name>
         <value>0x29a5</value>
         <object_component_ref idref="oc-15f"/>
      </symbol>
      <symbol id="sm-507">
         <name>SSIDataPut</name>
         <value>0x29f5</value>
         <object_component_ref idref="oc-209"/>
      </symbol>
      <symbol id="sm-508">
         <name>SSIIntClear</name>
         <value>0x2a4b</value>
         <object_component_ref idref="oc-171"/>
      </symbol>
      <symbol id="sm-509">
         <name>SSIConfigSetExpClk</name>
         <value>0x278d</value>
         <object_component_ref idref="oc-177"/>
      </symbol>
      <symbol id="sm-50a">
         <name>SSIEnable</name>
         <value>0x29ff</value>
         <object_component_ref idref="oc-17d"/>
      </symbol>
      <symbol id="sm-567">
         <name>SysCtlPeripheralPresent</name>
         <value>0x27c9</value>
         <object_component_ref idref="oc-18d"/>
      </symbol>
      <symbol id="sm-568">
         <name>SysCtlClockSet</name>
         <value>0x2115</value>
         <object_component_ref idref="oc-129"/>
      </symbol>
      <symbol id="sm-569">
         <name>SysCtlDelay</name>
         <value>0x2a39</value>
         <object_component_ref idref="oc-236"/>
      </symbol>
      <symbol id="sm-56a">
         <name>SysCtlPeripheralEnable</name>
         <value>0x286d</value>
         <object_component_ref idref="oc-111"/>
      </symbol>
      <symbol id="sm-56b">
         <name>SysCtlClockGet</name>
         <value>0x1f09</value>
         <object_component_ref idref="oc-141"/>
      </symbol>
      <symbol id="sm-597">
         <name>TimerLoadSet</name>
         <value>0x2993</value>
         <object_component_ref idref="oc-147"/>
      </symbol>
      <symbol id="sm-598">
         <name>TimerEnable</name>
         <value>0x29b5</value>
         <object_component_ref idref="oc-14d"/>
      </symbol>
      <symbol id="sm-599">
         <name>TimerValueGet</name>
         <value>0x2a09</value>
         <object_component_ref idref="oc-263"/>
      </symbol>
      <symbol id="sm-59a">
         <name>TimerConfigure</name>
         <value>0x24d1</value>
         <object_component_ref idref="oc-13b"/>
      </symbol>
      <symbol id="sm-5d5">
         <name>UARTConfigSetExpClk</name>
         <value>0x26c5</value>
         <object_component_ref idref="oc-193"/>
      </symbol>
      <symbol id="sm-5d6">
         <name>UARTDisable</name>
         <value>0x28cd</value>
         <object_component_ref idref="oc-27f"/>
      </symbol>
      <symbol id="sm-5d7">
         <name>UARTClockSourceSet</name>
         <value>0x2a3f</value>
         <object_component_ref idref="oc-123"/>
      </symbol>
      <symbol id="sm-5d8">
         <name>UARTCharPut</name>
         <value>0x2a1d</value>
         <object_component_ref idref="oc-19f"/>
      </symbol>
      <symbol id="sm-5d9">
         <name>UARTEnable</name>
         <value>0x2935</value>
         <object_component_ref idref="oc-199"/>
      </symbol>
      <symbol id="sm-5da">
         <name>UARTCharGet</name>
         <value>0x2a13</value>
         <object_component_ref idref="oc-1a5"/>
      </symbol>
      <symbol id="sm-5e4">
         <name>CPUcpsie</name>
         <value>0x29d1</value>
         <object_component_ref idref="oc-256"/>
      </symbol>
      <symbol id="sm-5e5">
         <name>__TI_static_base__</name>
         <value>0x0</value>
      </symbol>
      <symbol id="sm-5e8">
         <name>SHT$$INIT_ARRAY$$Limit</name>
         <value>0x0</value>
      </symbol>
      <symbol id="sm-5e9">
         <name>SHT$$INIT_ARRAY$$Base</name>
         <value>0x0</value>
      </symbol>
   </symbol_table>
   <title>Link successful</title>
</link_info>
