******************************************************************************
                  TI ARM Linker PC v15.12.3                    
******************************************************************************
>> Linked Sun Aug 20 22:18:39 2017

OUTPUT FILE NAME:   <EmulatorFinal.out>
ENTRY POINT SYMBOL: "_c_int00"  address: 00002179


MEMORY CONFIGURATION

         name            origin    length      used     unused   attr    fill
----------------------  --------  ---------  --------  --------  ----  --------
  FLASH                 00000000   00040000  00002ac4  0003d53c  R  X
  SRAM                  20000000   00008000  00000514  00007aec  RW X


SEGMENT ALLOCATION MAP

run origin  load origin   length   init length attrs members
----------  ----------- ---------- ----------- ----- -------
00000000    00000000    00002ac4   00002ac4    r-x
  00000000    00000000    0000026c   0000026c    r-- .intvecs
  0000026c    0000026c    00002370   00002370    r-x .text
  000025dc    000025dc    0000047c   0000047c    r-- .const
  00002a58    00002a58    0000006c   0000006c    r-- .cinit
20000000    20000000    00000514   00000000    rw-
  20000000    20000000    0000026c   00000000    rw- .vtable
  2000026c    2000026c    00000200   00000000    rw- .stack
  2000046c    2000046c    00000078   00000000    rw- .bss
  200004e4    200004e4    00000030   00000000    rw- .data


SECTION ALLOCATION MAP

 output                                  attributes/
section   page    origin      length       input sections
--------  ----  ----------  ----------   ----------------
.intvecs   0    00000000    0000026c     
                  00000000    0000026c     tm4c123gh6pm_startup_ccs.obj (.intvecs)

.text      0    0000026c    00002370     
                  0000026c    00000b70     HeightandTail.obj (.text)
                  00000ddc    0000049c     uartstdio.obj (.text)
                  00001278    00000460     main.obj (.text)
                  000016d8    000001b6     rtsv7M4_T_le_v4SPD16_eabi.lib : fd_add_t2.obj (.text)
                  0000188e    00000136                                   : fd_div_t2.obj (.text)
                  000019c4    00000132     driverlib.lib : gpio.obj (.text:GPIOPadConfigSet)
                  00001af6    00000002     rtsv7M4_T_le_v4SPD16_eabi.lib : i_div0.obj (.text)
                  00001af8    00000110     driverlib.lib : sysctl.obj (.text:SysCtlClockGet)
                  00001c08    000000fc     rtsv7M4_T_le_v4SPD16_eabi.lib : fd_mul_t2.obj (.text)
                  00001d04    000000f4     driverlib.lib : sysctl.obj (.text:SysCtlClockSet)
                  00001df8    0000009c     rtsv7M4_T_le_v4SPD16_eabi.lib : memcpy_t2.obj (.text)
                  00001e94    0000007a                                   : memset_t2.obj (.text)
                  00001f0e    00000002                                   : mpu_init.obj (.text)
                  00001f10    00000070                                   : autoinit.obj (.text)
                  00001f80    0000006e                                   : fd_tos_t2.obj (.text)
                  00001fee    0000006a                                   : copy_decompress_rle.obj (.text)
                  00002058    00000068     driverlib.lib : interrupt.obj (.text:IntEnable)
                  000020c0    00000060                   : timer.obj (.text:TimerConfigure)
                  00002120    00000056                   : gpio.obj (.text:GPIOIntTypeSet)
                  00002176    00000002     rtsv7M4_T_le_v4SPD16_eabi.lib : startup.obj (.text)
                  00002178    00000054                                   : boot.obj (.text)
                  000021cc    00000054                                   : exit.obj (.text)
                  00002220    0000004c                                   : cpy_tbl.obj (.text)
                  0000226c    00000048     driverlib.lib : gpio.obj (.text:GPIOPinConfigure)
                  000022b4    00000046                   : uart.obj (.text:UARTConfigSetExpClk)
                  000022fa    00000002     --HOLE-- [fill = 0]
                  000022fc    00000040                   : gpio.obj (.text:_GPIOIntNumberGet)
                  0000233c    00000040     rtsv7M4_T_le_v4SPD16_eabi.lib : u_divt2.obj (.text)
                  0000237c    00000038     driverlib.lib : sysctl.obj (.text:SysCtlPeripheralPresent)
                  000023b4    00000038     rtsv7M4_T_le_v4SPD16_eabi.lib : fs_tod_t2.obj (.text)
                  000023ec    00000034     driverlib.lib : interrupt.obj (.text:IntRegister)
                  00002420    00000034                   : sysctl.obj (.text:SysCtlPeripheralEnable)
                  00002454    0000002a                   : gpio.obj (.text:GPIODirModeSet)
                  0000247e    00000002     --HOLE-- [fill = 0]
                  00002480    00000020                   : uart.obj (.text:UARTDisable)
                  000024a0    00000018                   : gpio.obj (.text:GPIOIntRegister)
                  000024b8    00000018                   : gpio.obj (.text:GPIOPinTypeGPIOOutput)
                  000024d0    00000018     rtsv7M4_T_le_v4SPD16_eabi.lib : args_main.obj (.text)
                  000024e8    00000014     driverlib.lib : uart.obj (.text:UARTEnable)
                  000024fc    00000014     rtsv7M4_T_le_v4SPD16_eabi.lib : _lock.obj (.text)
                  00002510    00000012     driverlib.lib : gpio.obj (.text:GPIOPinTypeGPIOInput)
                  00002522    00000012                   : gpio.obj (.text:GPIOPinTypeUART)
                  00002534    00000012                   : timer.obj (.text:TimerLoadSet)
                  00002546    00000010                   : interrupt.obj (.text:IntMasterEnable)
                  00002556    0000000e                   : timer.obj (.text:TimerEnable)
                  00002564    0000000e     rtsv7M4_T_le_v4SPD16_eabi.lib : copy_decompress_none.obj (.text:decompress:none)
                  00002572    0000000c     driverlib.lib : cpu.obj (.text:CPUcpsie)
                  0000257e    0000000c                   : gpio.obj (.text:GPIOIntEnable)
                  0000258a    0000000c     tm4c123gh6pm_startup_ccs.obj (.text)
                  00002596    0000000a     driverlib.lib : timer.obj (.text:TimerValueGet)
                  000025a0    0000000a                   : uart.obj (.text:UARTCharGet)
                  000025aa    0000000a                   : uart.obj (.text:UARTCharPut)
                  000025b4    00000006                   : gpio.obj (.text:GPIOIntClear)
                  000025ba    00000006                   : gpio.obj (.text:GPIOPinRead)
                  000025c0    00000006                   : gpio.obj (.text:GPIOPinWrite)
                  000025c6    00000006                   : sysctl.obj (.text:SysCtlDelay)
                  000025cc    00000006                   : uart.obj (.text:UARTClockSourceSet)
                  000025d2    00000006     rtsv7M4_T_le_v4SPD16_eabi.lib : copy_decompress_rle.obj (.text:decompress:rle24)
                  000025d8    00000004                                   : pre_init.obj (.text)

.const     0    000025dc    0000047c     
                  000025dc    000000c0     driverlib.lib : gpio.obj (.const:g_ppui32GPIOIntMapBlizzard)
                  0000269c    000000c0                   : gpio.obj (.const:g_ppui32GPIOIntMapSnowflake)
                  0000275c    00000090                   : gpio.obj (.const:g_pui32GPIOBaseAddrs)
                  000027ec    00000070                   : interrupt.obj (.const)
                  0000285c    0000006c                   : sysctl.obj (.const:g_pui32Xtals)
                  000028c8    00000044     HeightandTail.obj (.const:$P$T0$1)
                  0000290c    00000044     HeightandTail.obj (.const:$P$T1$2)
                  00002950    00000040     HeightandTail.obj (.const:$P$T4$5)
                  00002990    00000040     HeightandTail.obj (.const:$P$T5$6)
                  000029d0    0000002c     HeightandTail.obj (.const:$P$T2$3)
                  000029fc    0000002c     HeightandTail.obj (.const:$P$T3$4)
                  00002a28    00000012     uartstdio.obj (.const:.string)
                  00002a3a    00000002     --HOLE-- [fill = 0]
                  00002a3c    0000000c     uartstdio.obj (.const:g_ui32UARTBase)
                  00002a48    0000000c     uartstdio.obj (.const:g_ui32UARTPeriph)
                  00002a54    00000004     uartstdio.obj (.const)

.cinit     0    00002a58    0000006c     
                  00002a58    0000002a     (.cinit..data.load) [load image, compression = rle]
                  00002a82    00000006     --HOLE-- [fill = 0]
                  00002a88    0000000b     (.cinit..vtable.load) [load image, compression = rle]
                  00002a93    00000005     --HOLE-- [fill = 0]
                  00002a98    00000009     (.cinit..bss.load) [load image, compression = rle]
                  00002aa1    00000003     --HOLE-- [fill = 0]
                  00002aa4    00000008     (__TI_handler_table)
                  00002aac    00000018     (__TI_cinit_table)

.init_array 
*          0    00000000    00000000     UNINITIALIZED

.vtable    0    20000000    0000026c     UNINITIALIZED
                  20000000    0000026c     driverlib.lib : interrupt.obj (.vtable)

.stack     0    2000026c    00000200     UNINITIALIZED
                  2000026c    00000200     --HOLE--

.bss       0    2000046c    00000078     UNINITIALIZED
                  2000046c    00000008     HeightandTail.obj (.bss:constantOne$8)
                  20000474    00000008     HeightandTail.obj (.bss:gain$17)
                  2000047c    00000008     HeightandTail.obj (.bss:height$11)
                  20000484    00000008     HeightandTail.obj (.bss:heliBody$15)
                  2000048c    00000008     HeightandTail.obj (.bss:heliMount$9)
                  20000494    00000008     HeightandTail.obj (.bss:mainMotorTorque$12)
                  2000049c    00000008     HeightandTail.obj (.bss:mainRotor$7)
                  200004a4    00000008     HeightandTail.obj (.bss:netTorque$14)
                  200004ac    00000008     HeightandTail.obj (.bss:tailRotor$13)
                  200004b4    00000008     HeightandTail.obj (.bss:yaw$16)
                  200004bc    00000008     (.common:PWM)
                  200004c4    00000008     (.common:PWMTail)
                  200004cc    00000004     (.common:fallingMain)
                  200004d0    00000004     (.common:fallingTail)
                  200004d4    00000004     (.common:prevRisingMain)
                  200004d8    00000004     (.common:prevRisingTail)
                  200004dc    00000004     (.common:risingMain)
                  200004e0    00000004     (.common:risingTail)

.data      0    200004e4    00000030     UNINITIALIZED
                  200004e4    0000000c     rtsv7M4_T_le_v4SPD16_eabi.lib : exit.obj (.data:$O1$$)
                  200004f0    00000008                                   : _lock.obj (.data:$O1$$)
                  200004f8    00000008     HeightandTail.obj (.data:integrator$10)
                  20000500    00000005     uartstdio.obj (.data)
                  20000505    00000003     --HOLE--
                  20000508    00000004     HeightandTail.obj (.data)
                  2000050c    00000004     main.obj (.data)
                  20000510    00000004     rtsv7M4_T_le_v4SPD16_eabi.lib : stkdepth_vars.obj (.data)

MODULE SUMMARY

       Module                         code   ro data   rw data
       ------                         ----   -------   -------
    .\
       HeightandTail.obj              2928   352       92     
       main.obj                       1120   0         44     
       tm4c123gh6pm_startup_ccs.obj   12     620       0      
    +--+------------------------------+------+---------+---------+
       Total:                         4060   972       136    
                                                              
    .\utils\
       uartstdio.obj                  1180   46        5      
    +--+------------------------------+------+---------+---------+
       Total:                         1180   46        5      
                                                              
    C:/ti/TivaWare_C_Series-2.1.3.156/driverlib/ccs/Debug/driverlib.lib
       gpio.obj                       684    528       0      
       interrupt.obj                  172    112       620    
       sysctl.obj                     630    108       0      
       uart.obj                       148    0         0      
       timer.obj                      138    0         0      
       cpu.obj                        12     0         0      
    +--+------------------------------+------+---------+---------+
       Total:                         1784   748       620    
                                                              
    C:\ti\ccsv6\tools\compiler\arm_15.12.3.LTS\lib\rtsv7M4_T_le_v4SPD16_eabi.lib
       fd_add_t2.obj                  438    0         0      
       fd_div_t2.obj                  310    0         0      
       fd_mul_t2.obj                  252    0         0      
       memcpy_t2.obj                  156    0         0      
       memset_t2.obj                  122    0         0      
       autoinit.obj                   112    0         0      
       copy_decompress_rle.obj        112    0         0      
       fd_tos_t2.obj                  110    0         0      
       exit.obj                       84     0         12     
       boot.obj                       84     0         0      
       cpy_tbl.obj                    76     0         0      
       u_divt2.obj                    64     0         0      
       fs_tod_t2.obj                  56     0         0      
       _lock.obj                      20     0         8      
       args_main.obj                  24     0         0      
       copy_decompress_none.obj       14     0         0      
       pre_init.obj                   4      0         0      
       stkdepth_vars.obj              0      0         4      
       i_div0.obj                     2      0         0      
       mpu_init.obj                   2      0         0      
       startup.obj                    2      0         0      
    +--+------------------------------+------+---------+---------+
       Total:                         2044   0         24     
                                                              
       Stack:                         0      0         512    
       Linker Generated:              0      94        0      
    +--+------------------------------+------+---------+---------+
       Grand Total:                   9068   1860      1297   


LINKER GENERATED COPY TABLES

__TI_cinit_table @ 00002aac records: 3, size/record: 8, table size: 24
	.data: load addr=00002a58, load size=0000002a bytes, run addr=200004e4, run size=00000030 bytes, compression=rle
	.vtable: load addr=00002a88, load size=0000000b bytes, run addr=20000000, run size=0000026c bytes, compression=rle
	.bss: load addr=00002a98, load size=00000009 bytes, run addr=2000046c, run size=00000078 bytes, compression=rle


LINKER GENERATED HANDLER TABLE

__TI_handler_table @ 00002aa4 records: 2, size/record: 4, table size: 8
	index: 0, handler: __TI_decompress_rle24
	index: 1, handler: __TI_decompress_none


GLOBAL SYMBOLS: SORTED ALPHABETICALLY BY Name 

address   name                           
-------   ----                           
000021cd  C$$EXIT                        
00002573  CPUcpsie                       
000013a5  ConfigureInts                  
00001279  ConfigureUART                  
00002455  GPIODirModeSet                 
000025b5  GPIOIntClear                   
0000257f  GPIOIntEnable                  
000024a1  GPIOIntRegister                
00002121  GPIOIntTypeSet                 
000019c5  GPIOPadConfigSet               
0000226d  GPIOPinConfigure               
000025bb  GPIOPinRead                    
00002511  GPIOPinTypeGPIOInput           
000024b9  GPIOPinTypeGPIOOutput          
00002523  GPIOPinTypeUART                
000025c1  GPIOPinWrite                   
00002059  IntEnable                      
00002547  IntMasterEnable                
000023ed  IntRegister                    
000005a5  LUTTwo_f                       
200004bc  PWM                            
200004c4  PWMTail                        
0000258b  ResetISR                       
UNDEFED   SHT$$INIT_ARRAY$$Base          
UNDEFED   SHT$$INIT_ARRAY$$Limit         
00001af9  SysCtlClockGet                 
00001d05  SysCtlClockSet                 
000025c7  SysCtlDelay                    
00002421  SysCtlPeripheralEnable         
0000237d  SysCtlPeripheralPresent        
000020c1  TimerConfigure                 
00002557  TimerEnable                    
00002535  TimerLoadSet                   
00002597  TimerValueGet                  
000025a1  UARTCharGet                    
000025ab  UARTCharPut                    
000025cd  UARTClockSourceSet             
000022b5  UARTConfigSetExpClk            
00002481  UARTDisable                    
000024e9  UARTEnable                     
00000ddd  UARTStdioConfig                
00000f23  UARTgetc                       
00000e69  UARTgets                       
00001243  UARTprintf                     
00000f49  UARTvprintf                    
00000e23  UARTwrite                      
2000046c  __STACK_END                    
00000200  __STACK_SIZE                   
2000046c  __STACK_TOP                    
00002aac  __TI_CINIT_Base                
00002ac4  __TI_CINIT_Limit               
00002aa4  __TI_Handler_Table_Base        
00002aac  __TI_Handler_Table_Limit       
00001f11  __TI_auto_init                 
200004e4  __TI_cleanup_ptr               
00002565  __TI_decompress_none           
000025d3  __TI_decompress_rle24          
200004e8  __TI_dtors_ptr                 
200004ec  __TI_enable_exit_profile_output
ffffffff  __TI_pprof_out_hndl            
ffffffff  __TI_prof_data_size            
ffffffff  __TI_prof_data_start           
00000000  __TI_static_base__             
00001f81  __aeabi_d2f                    
000016e3  __aeabi_dadd                   
0000188f  __aeabi_ddiv                   
00001c09  __aeabi_dmul                   
000016d9  __aeabi_dsub                   
000023b5  __aeabi_f2d                    
00001af7  __aeabi_idiv0                  
00001e95  __aeabi_memclr                 
00001e95  __aeabi_memclr4                
00001e95  __aeabi_memclr8                
00001df9  __aeabi_memcpy                 
00001df9  __aeabi_memcpy4                
00001df9  __aeabi_memcpy8                
00001e97  __aeabi_memset                 
00001e97  __aeabi_memset4                
00001e97  __aeabi_memset8                
0000233d  __aeabi_uidiv                  
0000233d  __aeabi_uidivmod               
ffffffff  __binit__                      
ffffffff  __c_args__                     
00001f0f  __mpu_init                     
2000026c  __stack                        
000024d1  _args_main                     
00002179  _c_int00                       
200004f0  _lock                          
0000250b  _nop                           
00002503  _register_lock                 
000024fd  _register_unlock               
00002177  _system_post_cinit             
000025d9  _system_pre_init               
200004f4  _unlock                        
000021d1  abort                          
ffffffff  binit                          
00000c71  calculateYaw                   
00000ba5  claculateHeight                
00002221  copy_in                        
000021d9  exit                           
200004cc  fallingMain                    
200004d0  fallingTail                    
20000000  g_pfnRAMVectors                
00000000  g_pfnVectors                   
00000b5b  gain_f                         
00000a79  heliBody_f                     
00000473  heliMount_f                    
000004f9  integrator_f                   
00001405  main                           
000002f7  mainForcePWM_f                 
00000775  mainMotorTorque_f              
000012b5  mainPWMInt                     
0000026d  mainRotor_f                    
20000510  main_func_sp                   
00001df9  memcpy                         
00001e9d  memset                         
000008fd  netTorque_f                    
2000050c  pi                             
200004d4  prevRisingMain                 
200004d8  prevRisingTail                 
200004dc  risingMain                     
200004e0  risingTail                     
20000508  step                           
0000132d  tailPWMInt                     
000007fb  tailRotor_f                    
00000b05  yaw_f                          


GLOBAL SYMBOLS: SORTED BY Symbol Address 

address   name                           
-------   ----                           
00000000  __TI_static_base__             
00000000  g_pfnVectors                   
00000200  __STACK_SIZE                   
0000026d  mainRotor_f                    
000002f7  mainForcePWM_f                 
00000473  heliMount_f                    
000004f9  integrator_f                   
000005a5  LUTTwo_f                       
00000775  mainMotorTorque_f              
000007fb  tailRotor_f                    
000008fd  netTorque_f                    
00000a79  heliBody_f                     
00000b05  yaw_f                          
00000b5b  gain_f                         
00000ba5  claculateHeight                
00000c71  calculateYaw                   
00000ddd  UARTStdioConfig                
00000e23  UARTwrite                      
00000e69  UARTgets                       
00000f23  UARTgetc                       
00000f49  UARTvprintf                    
00001243  UARTprintf                     
00001279  ConfigureUART                  
000012b5  mainPWMInt                     
0000132d  tailPWMInt                     
000013a5  ConfigureInts                  
00001405  main                           
000016d9  __aeabi_dsub                   
000016e3  __aeabi_dadd                   
0000188f  __aeabi_ddiv                   
000019c5  GPIOPadConfigSet               
00001af7  __aeabi_idiv0                  
00001af9  SysCtlClockGet                 
00001c09  __aeabi_dmul                   
00001d05  SysCtlClockSet                 
00001df9  __aeabi_memcpy                 
00001df9  __aeabi_memcpy4                
00001df9  __aeabi_memcpy8                
00001df9  memcpy                         
00001e95  __aeabi_memclr                 
00001e95  __aeabi_memclr4                
00001e95  __aeabi_memclr8                
00001e97  __aeabi_memset                 
00001e97  __aeabi_memset4                
00001e97  __aeabi_memset8                
00001e9d  memset                         
00001f0f  __mpu_init                     
00001f11  __TI_auto_init                 
00001f81  __aeabi_d2f                    
00002059  IntEnable                      
000020c1  TimerConfigure                 
00002121  GPIOIntTypeSet                 
00002177  _system_post_cinit             
00002179  _c_int00                       
000021cd  C$$EXIT                        
000021d1  abort                          
000021d9  exit                           
00002221  copy_in                        
0000226d  GPIOPinConfigure               
000022b5  UARTConfigSetExpClk            
0000233d  __aeabi_uidiv                  
0000233d  __aeabi_uidivmod               
0000237d  SysCtlPeripheralPresent        
000023b5  __aeabi_f2d                    
000023ed  IntRegister                    
00002421  SysCtlPeripheralEnable         
00002455  GPIODirModeSet                 
00002481  UARTDisable                    
000024a1  GPIOIntRegister                
000024b9  GPIOPinTypeGPIOOutput          
000024d1  _args_main                     
000024e9  UARTEnable                     
000024fd  _register_unlock               
00002503  _register_lock                 
0000250b  _nop                           
00002511  GPIOPinTypeGPIOInput           
00002523  GPIOPinTypeUART                
00002535  TimerLoadSet                   
00002547  IntMasterEnable                
00002557  TimerEnable                    
00002565  __TI_decompress_none           
00002573  CPUcpsie                       
0000257f  GPIOIntEnable                  
0000258b  ResetISR                       
00002597  TimerValueGet                  
000025a1  UARTCharGet                    
000025ab  UARTCharPut                    
000025b5  GPIOIntClear                   
000025bb  GPIOPinRead                    
000025c1  GPIOPinWrite                   
000025c7  SysCtlDelay                    
000025cd  UARTClockSourceSet             
000025d3  __TI_decompress_rle24          
000025d9  _system_pre_init               
00002aa4  __TI_Handler_Table_Base        
00002aac  __TI_CINIT_Base                
00002aac  __TI_Handler_Table_Limit       
00002ac4  __TI_CINIT_Limit               
20000000  g_pfnRAMVectors                
2000026c  __stack                        
2000046c  __STACK_END                    
2000046c  __STACK_TOP                    
200004bc  PWM                            
200004c4  PWMTail                        
200004cc  fallingMain                    
200004d0  fallingTail                    
200004d4  prevRisingMain                 
200004d8  prevRisingTail                 
200004dc  risingMain                     
200004e0  risingTail                     
200004e4  __TI_cleanup_ptr               
200004e8  __TI_dtors_ptr                 
200004ec  __TI_enable_exit_profile_output
200004f0  _lock                          
200004f4  _unlock                        
20000508  step                           
2000050c  pi                             
20000510  main_func_sp                   
ffffffff  __TI_pprof_out_hndl            
ffffffff  __TI_prof_data_size            
ffffffff  __TI_prof_data_start           
ffffffff  __binit__                      
ffffffff  __c_args__                     
ffffffff  binit                          
UNDEFED   SHT$$INIT_ARRAY$$Base          
UNDEFED   SHT$$INIT_ARRAY$$Limit         

[126 symbols]
